INFO         | Android emulator version 36.6.11.0 (build_id 15507667) (CL:N/A)
INFO         | Graphics backend: gfxstream
INFO         | Found systemPath C:\Users\FridaGutierrez\AppData\Local\Android\Sdk\system-images\android-36.1\google_apis_playstore_ps16k\x86_64\
INFO         | Guest usage of host flag 'VulkanVirtualQueue' will be ignored.
INFO         | IPv4 server found: 192.168.16.11
INFO         | Ignore IPv6 address: c03d:9461:9701:0:c03d:9461:9701:0
INFO         | Ignore IPv6 address: c03d:9461:9701:0:c03d:9461:9701:0
INFO         | Ignore IPv6 address: c03d:9461:9701:0:c03d:9461:9701:0
INFO         | Ignore IPv6 address: 5845:9461:9701:0:c03d:9461:9701:0
INFO         | Ignore IPv6 address: 5845:9461:9701:0:c03d:9461:9701:0
INFO         | Ignore IPv6 address: 5845:9461:9701:0:c03d:9461:9701:0
INFO         | Ignore IPv6 address: 704b:9461:9701:0:c03d:9461:9701:0
INFO         | Ignore IPv6 address: 704b:9461:9701:0:c03d:9461:9701:0
INFO         | Ignore IPv6 address: 704b:9461:9701:0:c03d:9461:9701:0
INFO         | Ignore IPv6 address: 9051:9461:9701:0:c03d:9461:9701:0
INFO         | Ignore IPv6 address: a05b:9461:9701:0:c03d:9461:9701:0
INFO         | Ignore IPv6 address: a05b:9461:9701:0:c03d:9461:9701:0
INFO         | Ignore IPv6 address: a05b:9461:9701:0:c03d:9461:9701:0
INFO         | Ignore IPv6 address: 4867:9461:9701:0:c03d:9461:9701:0
INFO         | Ignore IPv6 address: 4867:9461:9701:0:c03d:9461:9701:0
INFO         | Ignore IPv6 address: 4867:9461:9701:0:c03d:9461:9701:0
INFO         | Guest GLES Driver: Auto (ext controls)
INFO         | emuglConfig_get_vulkan_hardware_gpu_support_info: Found physical GPU 'Intel(R) Iris(R) Xe Graphics', type: VK_PHYSICAL_DEVICE_TYPE_INTEGRATED_GPU, apiVersion: 1.3.275, driverVersion: 0.405.1237

INFO         | emuglConfig_init: vulkan_mode_selected:host gles_mode_selected:host
INFO         | Checking system compatibility:
INFO         |   Checking: hasCompatibleHypervisor
INFO         |      Ok: Hypervisor compatibility to run avd: `Pixel_10_Pro` are met
INFO         |   Checking: hasSufficientSystem
INFO         |      Warning: Suggested minimum system RAM to run avd 'Pixel_10_Pro' is 16384 MiB (available: 16108 MiB)
INFO         |   Checking: hasSufficientHwGpu
INFO         |      Ok: Hardware GPU requirements to run avd: `Pixel_10_Pro` are passed
INFO         |   Checking: hasSufficientDiskSpace
INFO         |      Ok: Disk space requirements to run avd: `Pixel_10_Pro` are met
USER_WARNING | Suggested minimum system RAM to run avd 'Pixel_10_Pro' is 16384 MiB (available: 16108 MiB).
INFO         | Critical: Failed to load opengl32sw (The specified module could not be found.) (:0, )
INFO         | Warning: Software OpenGL failed. Falling back to system OpenGL. (:0, )
INFO         | Warning: QMetaObject::connectSlotsByName: No matching signal for on_default_environment_selected() (:0, )
INFO         | Warning: QMetaObject::connectSlotsByName: No matching signal for on_none_selected() (:0, )
INFO         | Warning: QMetaObject::connectSlotsByName: No matching signal for on_custom_image_selected() (:0, )
INFO         | Warning: QMetaObject::connectSlotsByName: No matching signal for on_custom_video_selected() (:0, )
INFO         | Warning: QMetaObject::connectSlotsByName: No matching signal for on_custom_360_image_selected() (:0, )
INFO         | Storing crashdata in: C:\Users\FRIDAG~1\AppData\Local\Temp\\AndroidEmulator\emu-crash-36.6.11.db, detection is enabled for process: 34016
INFO         | Crash reports will be automatically uploaded to: https://clients2.google.com/cr/report
INFO         | Initializing gfxstream backend
INFO         | startOpenglesRendererImpl: gpu info
INFO         | GPU #1
  Make: 8086
  Model: Intel(R) Iris(R) Xe Graphics
  Device ID: 46a8

INFO         | Vulkan 1.4 is not supported for the guest and won't be enabled
INFO         | Disabling implicit Vulkan layers to avoid compatibility issues. Set VK_LOADER_LAYERS_DISABLE manually to disable this behavior.
INFO         | SharedLibrary::open for [C:\Users\FridaGutierrez\AppData\Local\Android\Sdk\emulator\qemu\windows-x86_64\lib64\vulkan\vulkan-1.dll]
INFO         | SharedLibrary::open for [C:\Users\FridaGutierrez\AppData\Local\Android\Sdk\emulator\lib64\vulkan\vulkan-1.dll]
INFO         | Added library: C:\Users\FridaGutierrez\AppData\Local\Android\Sdk\emulator\lib64\vulkan\vulkan-1.dll
INFO         | Selecting Vulkan device: Intel(R) Iris(R) Xe Graphics, Version: 1.3.275
INFO         | Using Vulkan externalMemoryMode: OpaqueWin32 for VkEmulation
INFO         | Initializing VkEmulation features:
INFO         |     glInteropSupported: false
INFO         |     useDeferredCommands: true
INFO         |     createResourceWithRequirements: true
INFO         |     useVulkanComposition: false
INFO         |     useVulkanNativeSwapchain: false
INFO         |     enable guestRenderDoc: false
INFO         |     ASTC LDR emulation mode: Gpu
INFO         |     enable ETC2 emulation: true
INFO         |     enable Ycbcr emulation: false
INFO         |     guestVulkanOnly: false
INFO         |     useDedicatedAllocations: false
INFO         |     guestVulkanMaxApiVersion: 1.3.0
INFO         |     enableProtectedMemoryEmulation: false
INFO         | Graphics Adapter Vendor Google (Intel)
INFO         | Graphics Adapter Android Emulator OpenGL ES Translator (Intel(R) Iris(R) Xe Graphics)
INFO         | Graphics API Version OpenGL ES 3.0 (4.5.0 - Build 31.0.101.5333)
INFO         | Graphics API Extensions GL_OES_EGL_sync GL_OES_EGL_image GL_OES_EGL_image_external GL_OES_depth24 GL_OES_depth32 GL_OES_element_index_uint GL_OES_texture_float GL_OES_texture_float_linear GL_OES_compressed_paletted_texture GL_OES_compressed_ETC1_RGB8_texture GL_OES_depth_texture GL_OES_texture_half_float GL_OES_texture_half_float_linear GL_OES_packed_depth_stencil GL_OES_vertex_half_float GL_OES_texture_npot GL_OES_rgb8_rgba8 GL_EXT_color_buffer_float GL_EXT_color_buffer_half_float GL_EXT_texture_format_BGRA8888 GL_APPLE_texture_format_BGRA8888 
INFO         | Graphics Device Extensions N/A
INFO         | Disabling sparse binding feature support
INFO         | Sending adb public key [QAAAAAkKa8bHW+q6JxMCEbcU3H0LFsHw4SGzOeVjSDvcVGg1bq7chP6YUJpXJkPwyIq/1hW/nKMNppxOZ2aKZyS6l27WDq1xp4PbzKxTqZps5joSz/HtC7wYlv86NcGrarjWhRfuCV0bFVmS0zu5duyq1RRevSmsIxb5qG6MfcAJ1/nxeZf+740E/Hnz/K0pQEnBSGTkwojDBAOTc4H2pvO6qHIhRCIcl0oT9Pc+JIDGRPOkeRsbCb8gPRnfyfJeof5cJV3PPV8D3lN2T3s4xVtKDLhsR8XGVQeXiChZ+yfREnwx0xX/Y8NVhpTPeQiIqvWvTTT6WB4+2+sDBBOb2+X3GSq7jpqXQhy5zgmoSeHnYUvJ2hjkGdLxdovZh+H19SbbKSK6QctzCOHmSe1WiMb8VajmPg8LjoO8hYJ2tNXXGAjtW4BEBvCri5MXmY0tS1md6SCkd0pc1ZdsJrk+6NDnXQYqiAeQyd8j3S77I1sby3747O62FX8eRDmEBLtlVGghWZFnGrlIjCsrwHlmTPMfN9N2mBmjCKzel+vEQJr8W2Xy8krwMowDR1sZWPc5ahW7henBFEU4u2uvg3F7czDW2IpyQVPN9m15uzlOVaKSnbnTh8VubRMcHMXjLoT/pMM8BP7vODWGbBxgWf3A9NUf/hyulSv2nYhRQ/QThww7tnWycmDqgQEAAQA= @unknown]
INFO         | Userspace boot properties:
INFO         |   androidboot.boot_devices=pci0000:00/0000:00:03.0 pci0000:00/0000:00:06.0
INFO         |   androidboot.dalvik.vm.heapsize=576m
INFO         |   androidboot.debug.hwui.renderer=skiagl
INFO         |   androidboot.hardware=ranchu
INFO         |   androidboot.hardware.gltransport=pipe
INFO         |   androidboot.hardware.vulkan=ranchu
INFO         |   androidboot.logcat=*:V
INFO         |   androidboot.opengles.version=196608
INFO         |   androidboot.qemu=1
INFO         |   androidboot.qemu.adb.pubkey=QAAAAAkKa8bHW+q6JxMCEbcU3H0LFsHw4SGzOeVjSDvcVGg1bq7chP6YUJpXJkPwyIq/1hW/nKMNppxOZ2aKZyS6l27WDq1xp4PbzKxTqZps5joSz/HtC7wYlv86NcGrarjWhRfuCV0bFVmS0zu5duyq1RRevSmsIxb5qG6MfcAJ1/nxeZf+740E/Hnz/K0pQEnBSGTkwojDBAOTc4H2pvO6qHIhRCIcl0oT9Pc+JIDGRPOkeRsbCb8gPRnfyfJeof5cJV3PPV8D3lN2T3s4xVtKDLhsR8XGVQeXiChZ+yfREnwx0xX/Y8NVhpTPeQiIqvWvTTT6WB4+2+sDBBOb2+X3GSq7jpqXQhy5zgmoSeHnYUvJ2hjkGdLxdovZh+H19SbbKSK6QctzCOHmSe1WiMb8VajmPg8LjoO8hYJ2tNXXGAjtW4BEBvCri5MXmY0tS1md6SCkd0pc1ZdsJrk+6NDnXQYqiAeQyd8j3S77I1sby3747O62FX8eRDmEBLtlVGghWZFnGrlIjCsrwHlmTPMfN9N2mBmjCKzel+vEQJr8W2Xy8krwMowDR1sZWPc5ahW7henBFEU4u2uvg3F7czDW2IpyQVPN9m15uzlOVaKSnbnTh8VubRMcHMXjLoT/pMM8BP7vODWGbBxgWf3A9NUf/hyulSv2nYhRQ/QThww7tnWycmDqgQEAAQA= @unknown
INFO         |   androidboot.qemu.avd_name=Pixel_10_Pro
INFO         |   androidboot.qemu.camera_hq_edge_processing=0
INFO         |   androidboot.qemu.camera_protocol_ver=1
INFO         |   androidboot.qemu.cpuvulkan.version=4210688
INFO         |   androidboot.qemu.gltransport.drawFlushInterval=800
INFO         |   androidboot.qemu.gltransport.name=pipe
INFO         |   androidboot.qemu.hwcodec.avcdec=2
INFO         |   androidboot.qemu.hwcodec.hevcdec=2
INFO         |   androidboot.qemu.hwcodec.vpxdec=2
INFO         |   androidboot.qemu.settings.system.screen_off_timeout=2147483647
INFO         |   androidboot.qemu.skin=pixel_10_pro
INFO         |   androidboot.qemu.virtiowifi=1
INFO         |   androidboot.qemu.vsync=60
INFO         |   androidboot.serialno=EMULATOR36X6X11X0
INFO         |   androidboot.vbmeta.digest=810992420be8365a90fb8890cf5d5225707dddf4039ab946c7d5a8e9984d6567
INFO         |   androidboot.vbmeta.hash_alg=sha256
INFO         |   androidboot.vbmeta.size=6720
INFO         |   androidboot.veritymode=enforcing
WHPX on Windows 10.0.26200 detected.
Windows Hypervisor Platform accelerator is operational
netsimd I 07-23 16:18:53.447 external/netsim+/rust/daemon/src\rust_main.rs:93 - netsim artifacts path: "C:\\Users\\FRIDAG~1\\AppData\\Local\\Temp\\netsimd"
netsimd I 07-23 16:18:53.447 external/netsim+/rust/daemon/src\rust_main.rs:96 - NetsimdArgs {
    fd_startup_str: None,
    no_cli_ui: false,
    no_web_ui: false,
    pcap: false,
    disable_address_reuse: false,
    hci_port: None,
    connector_instance: None,
    instance: None,
    logtostderr: false,
    dev: false,
    forward_host_mdns: false,
    vsock: None,
    config: None,
    host_dns: Some(
        "192.168.16.11",
    ),
    http_proxy: None,
    wifi_tap: None,
    wifi: None,
    test_beacons: false,
    no_test_beacons: false,
    no_shutdown: false,
    verbose: false,
    version: false,
    debug: DebugArgs {
        debug_no_traffic: false,
        debug_no_network: false,
        debug_no_wmedium: false,
        debug_no_mdns_wmedium: false,
        debug_no_guest_to_host_mdns: false,
    },
    rssi: None,
}
INFO         | Monitoring duration of emulator setup.
WARNING      | The emulator now requires a signed jwt token for gRPC access! Use the -grpc flag if you really want an open unprotected grpc port
INFO         | Using security allow list from: C:\Users\FridaGutierrez\AppData\Local\Android\Sdk\emulator\lib\emulator_access.json
INFO         | The active JSON Web Key Sets can be found here: C:\Users\FridaGutierrez\AppData\Local\Temp\avd\running\34016\jwks\98480463-3724-45c6-a7c8-f14799091da7\active.jwk
INFO         | Scanning C:\Users\FridaGutierrez\AppData\Local\Temp\avd\running\34016\jwks\98480463-3724-45c6-a7c8-f14799091da7 for jwk keys.
INFO         | Started GRPC server at 127.0.0.1:8554, security: Local, auth: +token
INFO         | Advertising in: C:\Users\FridaGutierrez\AppData\Local\Temp\avd\running\pid_34016.ini
INFO         | Activated packet streamer for uwb emulation
INFO         | Successfully initialized netsim WiFi
INFO         | Activated packet streamer for bluetooth emulation
INFO         | Setting display: 0 configuration to: 1280x2856, dpi: 480x480 
INFO         | setDisplayActiveConfig: id:0, 1280x2856
WARNING      | getEnvironmentConfig: No environment config is provided
INFO         | getEnvironmentConfig: Using default virtual scene mode for the environment.
INFO         | getEnvironmentConfig: Using default configuration for mode mesh3d for the environment.
INFO         | Initializing a scene with mode: mesh3d, argument: Toren1BD.obj
INFO         | Checking system compatibility:
INFO         |   Checking: hasCompatibleHypervisor
INFO         |      Ok: Hypervisor compatibility to run avd: `Pixel_10_Pro` are met
INFO         |   Checking: hasSufficientSystem
INFO         |      Warning: Suggested minimum system RAM to run avd 'Pixel_10_Pro' is 16384 MiB (available: 16108 MiB)
INFO         |   Checking: hasSufficientHwGpu
INFO         |      Ok: Hardware GPU requirements to run avd: `Pixel_10_Pro` are passed
INFO         |   Checking: hasSufficientDiskSpace
INFO         |      Ok: Disk space requirements to run avd: `Pixel_10_Pro` are met
INFO         | Loading snapshot 'default_boot'...
INFO         | Warning: QMetaObject::connectSlotsByName: No matching signal for on_rgbcSensorValueWidget_valueChanged() (:0, )
INFO         | Warning: QMetaObject::connectSlotsByName: No matching signal for on_posture_valueChanged(int) (:0, )
INFO         | Warning: QObject::connect: Cannot queue arguments of type 'std::vector<android::emulation::control::SnapshotInfo>'
(Make sure 'std::vector<android::emulation::control::SnapshotInfo>' is registered using qRegisterMetaType().) (:0, )
INFO         | AVD supportsNativeGLES=1, supportsGuestAngle=1
INFO         | Guest Angle is still unstable for API > 35.
INFO         | Created extended window in 783.375ms
INFO         | Successfully loaded snapshot 'default_boot' using 2693 ms
INFO         | IPv4 server found: 192.168.16.11
INFO         | Ignore IPv6 address: c071:d727:9701:0:c071:d727:9701:0
INFO         | Ignore IPv6 address: c071:d727:9701:0:c071:d727:9701:0
INFO         | Ignore IPv6 address: c071:d727:9701:0:c071:d727:9701:0
INFO         | Ignore IPv6 address: 5879:d727:9701:0:c071:d727:9701:0
INFO         | Ignore IPv6 address: 5879:d727:9701:0:c071:d727:9701:0
INFO         | Ignore IPv6 address: 5879:d727:9701:0:c071:d727:9701:0
INFO         | Ignore IPv6 address: 707f:d727:9701:0:c071:d727:9701:0
INFO         | Ignore IPv6 address: 707f:d727:9701:0:c071:d727:9701:0
INFO         | Ignore IPv6 address: 707f:d727:9701:0:c071:d727:9701:0
INFO         | Ignore IPv6 address: 9085:d727:9701:0:c071:d727:9701:0
INFO         | Ignore IPv6 address: a08f:d727:9701:0:c071:d727:9701:0
INFO         | Ignore IPv6 address: a08f:d727:9701:0:c071:d727:9701:0
INFO         | Ignore IPv6 address: a08f:d727:9701:0:c071:d727:9701:0
INFO         | Ignore IPv6 address: 489b:d727:9701:0:c071:d727:9701:0
INFO         | Ignore IPv6 address: 489b:d727:9701:0:c071:d727:9701:0
INFO         | Ignore IPv6 address: 489b:d727:9701:0:c071:d727:9701:0
INFO         | IPv4 server found: 192.168.16.11
INFO         | Ignore IPv6 address: c071:d727:9701:0:c071:d727:9701:0
INFO         | Ignore IPv6 address: c071:d727:9701:0:c071:d727:9701:0
INFO         | Ignore IPv6 address: c071:d727:9701:0:c071:d727:9701:0
INFO         | Ignore IPv6 address: 5879:d727:9701:0:c071:d727:9701:0
INFO         | Ignore IPv6 address: 5879:d727:9701:0:c071:d727:9701:0
INFO         | Ignore IPv6 address: 5879:d727:9701:0:c071:d727:9701:0
INFO         | Ignore IPv6 address: 707f:d727:9701:0:c071:d727:9701:0
INFO         | Ignore IPv6 address: 707f:d727:9701:0:c071:d727:9701:0
INFO         | Ignore IPv6 address: 707f:d727:9701:0:c071:d727:9701:0
INFO         | Ignore IPv6 address: 9085:d727:9701:0:c071:d727:9701:0
INFO         | Ignore IPv6 address: a08f:d727:9701:0:c071:d727:9701:0
INFO         | Ignore IPv6 address: a08f:d727:9701:0:c071:d727:9701:0
INFO         | Ignore IPv6 address: a08f:d727:9701:0:c071:d727:9701:0
INFO         | Ignore IPv6 address: 489b:d727:9701:0:c071:d727:9701:0
INFO         | Ignore IPv6 address: 489b:d727:9701:0:c071:d727:9701:0
INFO         | Ignore IPv6 address: 489b:d727:9701:0:c071:d727:9701:0
INFO         | IPv4 server found: 192.168.16.11
INFO         | Ignore IPv6 address: c071:d727:9701:0:c071:d727:9701:0
INFO         | Ignore IPv6 address: c071:d727:9701:0:c071:d727:9701:0
INFO         | Ignore IPv6 address: c071:d727:9701:0:c071:d727:9701:0
INFO         | Ignore IPv6 address: 5879:d727:9701:0:c071:d727:9701:0
INFO         | Ignore IPv6 address: 5879:d727:9701:0:c071:d727:9701:0
INFO         | Ignore IPv6 address: 5879:d727:9701:0:c071:d727:9701:0
INFO         | Ignore IPv6 address: 707f:d727:9701:0:c071:d727:9701:0
INFO         | Ignore IPv6 address: 707f:d727:9701:0:c071:d727:9701:0
INFO         | Ignore IPv6 address: 707f:d727:9701:0:c071:d727:9701:0
INFO         | Ignore IPv6 address: 9085:d727:9701:0:c071:d727:9701:0
INFO         | Ignore IPv6 address: a08f:d727:9701:0:c071:d727:9701:0
INFO         | Ignore IPv6 address: a08f:d727:9701:0:c071:d727:9701:0
INFO         | Ignore IPv6 address: a08f:d727:9701:0:c071:d727:9701:0
INFO         | Ignore IPv6 address: 489b:d727:9701:0:c071:d727:9701:0
INFO         | Ignore IPv6 address: 489b:d727:9701:0:c071:d727:9701:0
INFO         | Ignore IPv6 address: 489b:d727:9701:0:c071:d727:9701:0
ERROR        | bad color buffer handle 510
ERROR        | bad color buffer handle 564
ERROR        | Failed to find ColorBuffer: 638
ERROR        | Failed to find ColorBuffer: 959
ERROR        | Failed to find ColorBuffer: 995
INFO         | Wait for emulator (pid 34016) 20 seconds to shutdown gracefully before kill;you can set environment variable ANDROID_EMULATOR_WAIT_TIME_BEFORE_KILL(in seconds) to change the default value (20 seconds)

INFO         | Saving with gfxstream=1
INFO         | Saving snapshot 'default_boot' using 1726 ms
pc_memory_init: above 4g size: c0000000
INFO         | removeScene: scene=0x197060e4cf0
INFO         | removeAll
WARNING      | Netsim Wifi localhost:64997 is gone due to CANCELLED
