#
# There is insufficient memory for the Java Runtime Environment to continue.
# Native memory allocation (mmap) failed to map 65536 bytes. Error detail: Failed to commit metaspace.
# Possible reasons:
#   The system is out of physical RAM or swap space
#   This process is running with CompressedOops enabled, and the Java Heap may be blocking the growth of the native heap
# Possible solutions:
#   Reduce memory load on the system
#   Increase physical memory or swap space
#   Check if swap backing store is full
#   Decrease Java heap size (-Xmx/-Xms)
#   Decrease number of Java threads
#   Decrease Java thread stack sizes (-Xss)
#   Set larger code cache with -XX:ReservedCodeCacheSize=
#   JVM is running with Unscaled Compressed Oops mode in which the Java heap is
#     placed in the first 4GB address space. The Java Heap base address is the
#     maximum limit for the native heap growth. Please use -XX:HeapBaseMinAddress
#     to set the Java Heap base and to place the Java Heap above 4GB virtual address.
# This output file may be truncated or incomplete.
#
#  Out of Memory Error (virtualSpaceNode.cpp:113), pid=224140, tid=85440
#
# JRE version: OpenJDK Runtime Environment Temurin-21.0.11+10 (21.0.11+10) (build 21.0.11+10-LTS)
# Java VM: OpenJDK 64-Bit Server VM Temurin-21.0.11+10 (21.0.11+10-LTS, mixed mode, sharing, tiered, compressed oops, compressed class ptrs, parallel gc, windows-amd64)
# No core dump will be written. Minidumps are not enabled by default on client versions of Windows
#

---------------  S U M M A R Y ------------

Command Line: --add-modules=ALL-SYSTEM --add-opens=java.base/java.util=ALL-UNNAMED --add-opens=java.base/java.lang=ALL-UNNAMED --add-opens=java.base/sun.nio.fs=ALL-UNNAMED -Declipse.application=org.eclipse.jdt.ls.core.id1 -Dosgi.bundles.defaultStartLevel=4 -Declipse.product=org.eclipse.jdt.ls.core.product -Djava.import.generatesMetadataFilesAtProjectRoot=false -DDetectVMInstallationsJob.disabled=true -Dfile.encoding=utf8 -XX:+UseParallelGC -XX:GCTimeRatio=4 -XX:AdaptiveSizePolicyWeight=90 -Dsun.zip.disableMemoryMapping=true -Xmx2G -Xms100m -Xlog:disable -javaagent:c:\Users\FridaGutierrez\.vscode\extensions\redhat.java-1.55.0-win32-x64\lombok\lombok-1.18.39-4050.jar c:\Users\FridaGutierrez\.vscode\extensions\redhat.java-1.55.0-win32-x64\server\plugins\org.eclipse.equinox.launcher_1.7.200.v20260619-2039.jar -configuration c:\Users\FridaGutierrez\AppData\Roaming\Code\User\globalStorage\redhat.java\1.55.0\config_ss_win -data c:\Users\FridaGutierrez\AppData\Roaming\Code\User\workspaceStorage\319d3da2732c438ae5f50ba3eb73f308\redhat.java\ss_ws --pipe=\\.\pipe\lsp-bff6a6e46fadbda9542727dc9c75622c-sock

Host: Intel(R) Core(TM) i7-6700 CPU @ 3.40GHz, 8 cores, 31G,  Windows 10 , 64 bit Build 19041 (10.0.19041.5915)
Time: Fri Sep  4 04:37:05 2026 Central Standard Time (Mexico) elapsed time: 1.035676 seconds (0d 0h 0m 1s)

---------------  T H R E A D  ---------------

Current thread (0x00000282e966f5a0):  JavaThread "main"             [_thread_in_vm, id=85440, stack(0x0000009541b00000,0x0000009541c00000) (1024K)]

Stack: [0x0000009541b00000,0x0000009541c00000]
Native frames: (J=compiled Java code, j=interpreted, Vv=VM code, C=native code)
V  [jvm.dll+0x6d7e19]
V  [jvm.dll+0x8b5096]
V  [jvm.dll+0x8b764e]
V  [jvm.dll+0x8b7d33]
V  [jvm.dll+0x284596]
V  [jvm.dll+0x8b0dde]
V  [jvm.dll+0x6795e4]
V  [jvm.dll+0x67964a]
V  [jvm.dll+0x67be46]
V  [jvm.dll+0x67bd12]
V  [jvm.dll+0x679fbe]
V  [jvm.dll+0x26f864]
V  [jvm.dll+0x21a11f]
V  [jvm.dll+0x20f80e]
V  [jvm.dll+0x5b658f]
V  [jvm.dll+0x2218ae]
V  [jvm.dll+0x82e69d]
V  [jvm.dll+0x82f6cb]
V  [jvm.dll+0x82fc94]
V  [jvm.dll+0x82f928]
V  [jvm.dll+0x271ebd]
V  [jvm.dll+0x3dcf4e]
C  0x00000282f3db925f

The last pc belongs to new (printed below).
Java frames: (J=compiled Java code, j=interpreted, Vv=VM code)
j  sun.security.util.CurveDB.add(Lsun/security/util/KnownOIDs;ILjava/lang/String;Ljava/lang/String;Ljava/lang/String;Ljava/lang/String;Ljava/lang/String;Ljava/lang/String;I)Lsun/security/util/NamedCurve;+109 java.base@21.0.11
j  sun.security.util.CurveDB.<clinit>()V+47 java.base@21.0.11
v  ~StubRoutines::call_stub 0x00000282f3da100d
j  sun.security.util.DisabledAlgorithmConstraints$Constraints.<init>(Ljava/lang/String;Ljava/util/Set;)V+223 java.base@21.0.11
j  sun.security.util.DisabledAlgorithmConstraints.<init>(Ljava/lang/String;Lsun/security/util/AlgorithmDecomposer;)V+144 java.base@21.0.11
j  sun.security.util.DisabledAlgorithmConstraints.<init>(Ljava/lang/String;)V+9 java.base@21.0.11
j  sun.security.util.DisabledAlgorithmConstraints$JarHolder.<clinit>()V+6 java.base@21.0.11
v  ~StubRoutines::call_stub 0x00000282f3da100d
j  sun.security.util.DisabledAlgorithmConstraints.jarConstraints()Lsun/security/util/DisabledAlgorithmConstraints;+0 java.base@21.0.11
j  sun.security.pkcs.SignerInfo.<clinit>()V+0 java.base@21.0.11
v  ~StubRoutines::call_stub 0x00000282f3da100d
j  sun.security.pkcs.PKCS7.parseSignedData(Lsun/security/util/DerValue;)V+622 java.base@21.0.11
j  sun.security.pkcs.PKCS7.parse(Lsun/security/util/DerInputStream;Z)V+51 java.base@21.0.11
j  sun.security.pkcs.PKCS7.parse(Lsun/security/util/DerInputStream;)V+11 java.base@21.0.11
j  sun.security.pkcs.PKCS7.<init>([B)V+50 java.base@21.0.11
j  sun.security.util.SignatureFileVerifier.<init>(Ljava/util/ArrayList;Lsun/security/util/ManifestDigester;Ljava/lang/String;[B)V+35 java.base@21.0.11
j  java.util.jar.JarVerifier.processEntry(Lsun/security/util/ManifestEntryVerifier;)V+319 java.base@21.0.11
j  java.util.jar.JarVerifier.update(I[BIILsun/security/util/ManifestEntryVerifier;)V+39 java.base@21.0.11
j  java.util.jar.JarFile.initializeVerifier()V+164 java.base@21.0.11
j  java.util.jar.JarFile.ensureInitialization()V+36 java.base@21.0.11
j  java.util.jar.JavaUtilJarAccessImpl.ensureInitialization(Ljava/util/jar/JarFile;)V+1 java.base@21.0.11
j  jdk.internal.loader.URLClassPath$JarLoader$2.getManifest()Ljava/util/jar/Manifest;+10 java.base@21.0.11
j  jdk.internal.loader.BuiltinClassLoader.defineClass(Ljava/lang/String;Ljdk/internal/loader/Resource;)Ljava/lang/Class;+29 java.base@21.0.11
j  jdk.internal.loader.BuiltinClassLoader.findClassOnClassPathOrNull(Ljava/lang/String;)Ljava/lang/Class;+37 java.base@21.0.11
j  jdk.internal.loader.BuiltinClassLoader.loadClassOrNull(Ljava/lang/String;Z)Ljava/lang/Class;+111 java.base@21.0.11
j  jdk.internal.loader.BuiltinClassLoader.loadClass(Ljava/lang/String;Z)Ljava/lang/Class;+3 java.base@21.0.11
j  jdk.internal.loader.ClassLoaders$AppClassLoader.loadClass(Ljava/lang/String;Z)Ljava/lang/Class;+36 java.base@21.0.11
j  java.lang.ClassLoader.loadClass(Ljava/lang/String;)Ljava/lang/Class;+3 java.base@21.0.11
v  ~StubRoutines::call_stub 0x00000282f3da100d
j  java.lang.Class.forName0(Ljava/lang/String;ZLjava/lang/ClassLoader;Ljava/lang/Class;)Ljava/lang/Class;+0 java.base@21.0.11
j  java.lang.Class.forName(Ljava/lang/String;ZLjava/lang/ClassLoader;Ljava/lang/Class;)Ljava/lang/Class;+37 java.base@21.0.11
j  java.lang.Class.forName(Ljava/lang/String;ZLjava/lang/ClassLoader;)Ljava/lang/Class;+20 java.base@21.0.11
j  sun.launcher.LauncherHelper.loadMainClass(ILjava/lang/String;)Ljava/lang/Class;+95 java.base@21.0.11
j  sun.launcher.LauncherHelper.checkAndLoadMain(ZILjava/lang/String;)Ljava/lang/Class;+42 java.base@21.0.11
v  ~StubRoutines::call_stub 0x00000282f3da100d
new  187 new  [0x00000282f3db90e0, 0x00000282f3db92e8]  520 bytes
[MachCode]
  0x00000282f3db90e0: 4883 ec08 | c5fa 1104 | 24eb 1f48 | 83ec 10c5 | fb11 0424 | eb14 4883 | ec10 4889 | 0424 48c7 
  0x00000282f3db9100: 4424 0800 | 0000 00eb | 0150 410f | b755 010f | cac1 ea10 | 488b 4de8 | 488b 4908 | 488b 4908 
  0x00000282f3db9120: 488b 4108 | 807c 1004 | 070f 85d3 | 0000 0066 | 8b54 d148 | 488b 4928 | 488b 4cd1 | 0851 80b9 
  0x00000282f3db9140: 3101 0000 | 040f 85b6 | 0000 008b | 5108 f6c2 | 010f 85aa | 0000 0049 | 8b87 b801 | 0000 488d 
  0x00000282f3db9160: 1c10 493b | 9fc8 0100 | 000f 8792 | 0000 0049 | 899f b801 | 0000 4883 | ea10 0f84 | 0f00 0000 
  0x00000282f3db9180: 33c9 c1ea | 0348 894c | d008 48ff | ca75 f648 | c700 0100 | 0000 5933 | f689 700c | 49ba 0000 
  0x00000282f3db91a0: 0080 8202 | 0000 492b | ca89 4808 | 49ba c76c | 7ba2 f87f | 0000 4180 | 3a00 0f84 | 3c00 0000 
  0x00000282f3db91c0: 5048 8bc8 | 4883 ec20 | 40f6 c40f | 0f84 1900 | 0000 4883 | ec08 48b8 | 60e5 24a2 | f87f 0000 
  0x00000282f3db91e0: ffd0 4883 | c408 e90c | 0000 0048 | b860 e524 | a2f8 7f00 | 00ff d048 | 83c4 2058 | e9cb 0000 
  0x00000282f3db9200: 0059 488b | 55e8 488b | 5208 488b | 5208 450f | b745 0141 | 0fc8 41c1 | e810 e805 | 0000 00e9 
  0x00000282f3db9220: a800 0000 | 488d 4424 | 084c 896d | c049 8bcf | c5f8 7749 | 89af b003 | 0000 4989 | 87a0 0300 
  0x00000282f3db9240: 0048 83ec | 2040 f6c4 | 0f0f 8419 | 0000 0048 | 83ec 0848 | b800 cfee | a1f8 7f00 | 00ff d048 
  0x00000282f3db9260: 83c4 08e9 | 0c00 0000 | 48b8 00cf | eea1 f87f | 0000 ffd0 | 4883 c420 | 49c7 87a0 | 0300 0000 
  0x00000282f3db9280: 0000 0049 | c787 b003 | 0000 0000 | 0000 49c7 | 87a8 0300 | 0000 0000 | 00c5 f877 | 4983 7f08 
  0x00000282f3db92a0: 000f 8405 | 0000 00e9 | 547c feff | 498b 87f8 | 0300 0049 | c787 f803 | 0000 0000 | 0000 4c8b 
  0x00000282f3db92c0: 6dc0 4c8b | 75c8 4e8d | 74f5 00c3 | 410f b65d | 0349 83c5 | 0349 ba10 | 357e a2f8 | 7f00 0041 
  0x00000282f3db92e0: ff24 da0f | 1f44 0000 
[/MachCode]

---------------  P R O C E S S  ---------------

Threads class SMR info:
_java_thread_list=0x00000282c2dbd1a0, length=11, elements={
0x00000282e966f5a0, 0x00000282c11be560, 0x00000282c11bfa10, 0x00000282c11c4490,
0x00000282c11c4ef0, 0x00000282c11c7960, 0x00000282c11c83c0, 0x00000282c11c9200,
0x00000282c2ad8420, 0x00000282c2c43e10, 0x00000282c2d96450
}

Java Threads: ( => current thread )
=>0x00000282e966f5a0 JavaThread "main"                              [_thread_in_vm, id=85440, stack(0x0000009541b00000,0x0000009541c00000) (1024K)]
  0x00000282c11be560 JavaThread "Reference Handler"          daemon [_thread_blocked, id=156500, stack(0x0000009541f00000,0x0000009542000000) (1024K)]
  0x00000282c11bfa10 JavaThread "Finalizer"                  daemon [_thread_blocked, id=231116, stack(0x0000009542000000,0x0000009542100000) (1024K)]
  0x00000282c11c4490 JavaThread "Signal Dispatcher"          daemon [_thread_blocked, id=168948, stack(0x0000009542100000,0x0000009542200000) (1024K)]
  0x00000282c11c4ef0 JavaThread "Attach Listener"            daemon [_thread_blocked, id=199000, stack(0x0000009542200000,0x0000009542300000) (1024K)]
  0x00000282c11c7960 JavaThread "Service Thread"             daemon [_thread_blocked, id=173200, stack(0x0000009542300000,0x0000009542400000) (1024K)]
  0x00000282c11c83c0 JavaThread "Monitor Deflation Thread"   daemon [_thread_blocked, id=234824, stack(0x0000009542400000,0x0000009542500000) (1024K)]
  0x00000282c11c9200 JavaThread "C2 CompilerThread0"         daemon [_thread_blocked, id=16816, stack(0x0000009542500000,0x0000009542600000) (1024K)]
  0x00000282c2ad8420 JavaThread "C1 CompilerThread0"         daemon [_thread_blocked, id=135896, stack(0x0000009542600000,0x0000009542700000) (1024K)]
  0x00000282c2c43e10 JavaThread "Common-Cleaner"             daemon [_thread_blocked, id=211132, stack(0x0000009542800000,0x0000009542900000) (1024K)]
  0x00000282c2d96450 JavaThread "Notification Thread"        daemon [_thread_blocked, id=10404, stack(0x0000009542700000,0x0000009542800000) (1024K)]
Total: 11

Other Threads:
  0x00000282c11a0c70 VMThread "VM Thread"                           [id=23940, stack(0x0000009541e00000,0x0000009541f00000) (1024K)]
  0x00000282e9665860 WatcherThread "VM Periodic Task Thread"        [id=112320, stack(0x0000009541d00000,0x0000009541e00000) (1024K)]
  0x00000282e968ce70 WorkerThread "GC Thread#0"                     [id=213056, stack(0x0000009541c00000,0x0000009541d00000) (1024K)]
Total: 3

Threads with active compile tasks:
Total: 0

VM state: not at safepoint (normal execution)

VM Mutex/Monitor currently owned by a thread:  ([mutex/lock_event])
[0x00007ff8a27cd4f0] Metaspace_lock - owner thread: 0x00000282e966f5a0

Heap address: 0x0000000080000000, size: 2048 MB, Compressed Oops mode: 32-bit

CDS archive(s) mapped at: [0x0000028280000000-0x0000028280ba0000-0x0000028280ba0000), size 12189696, SharedBaseAddress: 0x0000028280000000, ArchiveRelocationMode: 1.
Compressed class space mapped at: 0x0000028281000000-0x00000282c1000000, reserved size: 1073741824
Narrow klass base: 0x0000028280000000, Narrow klass shift: 0, Narrow klass range: 0x100000000

GC Precious Log:
 CardTable entry size: 512
 CPUs: 8 total, 8 available
 Memory: 32475M
 Large Page Support: Disabled
 NUMA Support: Disabled
 Compressed Oops: Enabled (32-bit)
 Alignments: Space 512K, Generation 512K, Heap 2M
 Heap Min Capacity: 100M
 Heap Initial Capacity: 100M
 Heap Max Capacity: 2G
 Pre-touch: Disabled
 Parallel Workers: 8

Heap:
 PSYoungGen      total 29696K, used 12463K [0x00000000d5580000, 0x00000000d7680000, 0x0000000100000000)
  eden space 25600K, 48% used [0x00000000d5580000,0x00000000d61abd68,0x00000000d6e80000)
  from space 4096K, 0% used [0x00000000d7280000,0x00000000d7280000,0x00000000d7680000)
  to   space 4096K, 0% used [0x00000000d6e80000,0x00000000d6e80000,0x00000000d7280000)
 ParOldGen       total 68608K, used 0K [0x0000000080000000, 0x0000000084300000, 0x00000000d5580000)
  object space 68608K, 0% used [0x0000000080000000,0x0000000080000000,0x0000000084300000)
 Metaspace       used 2192K, committed 2368K, reserved 1114112K
  class space    used 219K, committed 320K, reserved 1048576K

Card table byte_map: [0x00000282e9040000,0x00000282e9450000] _byte_map_base: 0x00000282e8c40000

Marking Bits: (ParMarkBitMap*) 0x00007ff8a27d4460
 Begin Bits: [0x00000282fbb20000, 0x00000282fdb20000)
 End Bits:   [0x00000282fdb20000, 0x00000282ffb20000)

Polling page: 0x00000282e8e30000

Metaspace:

Usage:
  Non-class:      1.93 MB used.
      Class:    219.30 KB used.
       Both:      2.14 MB used.

Virtual space:
  Non-class space:       64.00 MB reserved,       2.00 MB (  3%) committed,  1 nodes.
      Class space:        1.00 GB reserved,     320.00 KB ( <1%) committed,  1 nodes.
             Both:        1.06 GB reserved,       2.31 MB ( <1%) committed. 

Chunk freelists:
   Non-Class:  11.65 MB
       Class:  15.67 MB
        Both:  27.32 MB

MaxMetaspaceSize: unlimited
CompressedClassSpaceSize: 1.00 GB
Initial GC threshold: 21.00 MB
Current GC threshold: 21.00 MB
CDS: on
 - commit_granule_bytes: 65536.
 - commit_granule_words: 8192.
 - virtual_space_node_default_size: 8388608.
 - enlarge_chunks_in_place: 1.
 - use_allocation_guard: 0.


Internal statistics:

num_allocs_failed_limit: 0.
num_arena_births: 80.
num_arena_deaths: 0.
num_vsnodes_births: 2.
num_vsnodes_deaths: 0.
num_space_committed: 37.
num_space_uncommitted: 0.
num_chunks_returned_to_freelist: 0.
num_chunks_taken_from_freelist: 102.
num_chunk_merges: 0.
num_chunk_splits: 72.
num_chunks_enlarged: 46.
num_inconsistent_stats: 0.

CodeHeap 'non-profiled nmethods': size=120000Kb used=227Kb max_used=227Kb free=119772Kb
 bounds [0x00000282f4340000, 0x00000282f45b0000, 0x00000282fb870000]
CodeHeap 'profiled nmethods': size=120000Kb used=946Kb max_used=946Kb free=119053Kb
 bounds [0x00000282ec870000, 0x00000282ecae0000, 0x00000282f3da0000]
CodeHeap 'non-nmethods': size=5760Kb used=1171Kb max_used=1189Kb free=4588Kb
 bounds [0x00000282f3da0000, 0x00000282f4010000, 0x00000282f4340000]
CodeCache: size=245760Kb, used=2344Kb, max_used=2362Kb, free=243413Kb
 total_blobs=1070, nmethods=643, adapters=334, full_count=0
Compilation: enabled, stopped_count=0, restarted_count=0

Compilation events (20 events):
Event: 1.013 Thread 0x00000282c2ad8420  629       3       java.lang.ref.SoftReference::get (29 bytes)
Event: 1.013 Thread 0x00000282c2ad8420 nmethod 629 0x00000282ec957c10 code [0x00000282ec957dc0, 0x00000282ec957f58]
Event: 1.013 Thread 0x00000282c2ad8420  630       3       java.lang.reflect.Modifier::isPublic (12 bytes)
Event: 1.013 Thread 0x00000282c2ad8420 nmethod 630 0x00000282ec958010 code [0x00000282ec9581a0, 0x00000282ec9582e0]
Event: 1.020 Thread 0x00000282c2ad8420  633       3       java.lang.reflect.Modifier::isProtected (12 bytes)
Event: 1.020 Thread 0x00000282c2ad8420 nmethod 633 0x00000282ec958390 code [0x00000282ec958520, 0x00000282ec958660]
Event: 1.020 Thread 0x00000282c11c9200 nmethod 623 0x00000282f4376010 code [0x00000282f43761c0, 0x00000282f43767b0]
Event: 1.021 Thread 0x00000282c11c9200  631   !   4       java.lang.String::replace (258 bytes)
Event: 1.021 Thread 0x00000282c2ad8420  634       3       sun.security.util.DerInputStream::<init> (38 bytes)
Event: 1.021 Thread 0x00000282c2ad8420 nmethod 634 0x00000282ec958710 code [0x00000282ec9588c0, 0x00000282ec958a60]
Event: 1.022 Thread 0x00000282c2ad8420  635       3       java.net.URI::match (56 bytes)
Event: 1.023 Thread 0x00000282c2ad8420 nmethod 635 0x00000282ec958b10 code [0x00000282ec958cc0, 0x00000282ec958f90]
Event: 1.024 Thread 0x00000282c2ad8420  636       3       sun.security.util.DerValue::data (29 bytes)
Event: 1.024 Thread 0x00000282c2ad8420 nmethod 636 0x00000282ec959010 code [0x00000282ec9591c0, 0x00000282ec959390]
Event: 1.025 Thread 0x00000282c2ad8420  637       3       sun.security.util.DerValue::<init> (445 bytes)
Event: 1.027 Thread 0x00000282c2ad8420 nmethod 637 0x00000282ec959490 code [0x00000282ec9598c0, 0x00000282ec95b278]
Event: 1.027 Thread 0x00000282c2ad8420  638       3       sun.security.util.DerInputStream::getDerValue (76 bytes)
Event: 1.027 Thread 0x00000282c2ad8420 nmethod 638 0x00000282ec95bc10 code [0x00000282ec95bdc0, 0x00000282ec95c020]
Event: 1.029 Thread 0x00000282c2ad8420  642       3       sun.invoke.util.VerifyAccess::isSamePackage (37 bytes)
Event: 1.030 Thread 0x00000282c2ad8420 nmethod 642 0x00000282ec95c110 code [0x00000282ec95c320, 0x00000282ec95c890]

GC Heap History (0 events):
No events

Dll operation events (8 events):
Event: 0.013 Loaded shared library c:\Users\FridaGutierrez\.vscode\extensions\redhat.java-1.55.0-win32-x64\jre\21.0.11-win32-x86_64\bin\java.dll
Event: 0.195 Loaded shared library c:\Users\FridaGutierrez\.vscode\extensions\redhat.java-1.55.0-win32-x64\jre\21.0.11-win32-x86_64\bin\zip.dll
Event: 0.250 Loaded shared library C:\Users\FridaGutierrez\.vscode\extensions\redhat.java-1.55.0-win32-x64\jre\21.0.11-win32-x86_64\bin\instrument.dll
Event: 0.256 Loaded shared library C:\Users\FridaGutierrez\.vscode\extensions\redhat.java-1.55.0-win32-x64\jre\21.0.11-win32-x86_64\bin\net.dll
Event: 0.259 Loaded shared library C:\Users\FridaGutierrez\.vscode\extensions\redhat.java-1.55.0-win32-x64\jre\21.0.11-win32-x86_64\bin\nio.dll
Event: 0.263 Loaded shared library C:\Users\FridaGutierrez\.vscode\extensions\redhat.java-1.55.0-win32-x64\jre\21.0.11-win32-x86_64\bin\zip.dll
Event: 0.310 Loaded shared library C:\Users\FridaGutierrez\.vscode\extensions\redhat.java-1.55.0-win32-x64\jre\21.0.11-win32-x86_64\bin\jimage.dll
Event: 0.574 Loaded shared library c:\Users\FridaGutierrez\.vscode\extensions\redhat.java-1.55.0-win32-x64\jre\21.0.11-win32-x86_64\bin\verify.dll

Deoptimization events (20 events):
Event: 0.845 Thread 0x00000282e966f5a0 DEOPT PACKING pc=0x00000282f4351464 sp=0x0000009541bff1b0
Event: 0.845 Thread 0x00000282e966f5a0 DEOPT UNPACKING pc=0x00000282f3df3aa2 sp=0x0000009541bff0f0 mode 2
Event: 0.854 Thread 0x00000282e966f5a0 DEOPT PACKING pc=0x00000282ec8b8b3f sp=0x0000009541bfac40
Event: 0.854 Thread 0x00000282e966f5a0 DEOPT UNPACKING pc=0x00000282f3df4242 sp=0x0000009541bfa0f0 mode 0
Event: 0.888 Thread 0x00000282e966f5a0 DEOPT PACKING pc=0x00000282ec8b8c18 sp=0x0000009541bfa910
Event: 0.888 Thread 0x00000282e966f5a0 DEOPT UNPACKING pc=0x00000282f3df4242 sp=0x0000009541bf9dd0 mode 0
Event: 0.889 Thread 0x00000282e966f5a0 DEOPT PACKING pc=0x00000282ec8b8c18 sp=0x0000009541bfa910
Event: 0.889 Thread 0x00000282e966f5a0 DEOPT UNPACKING pc=0x00000282f3df4242 sp=0x0000009541bf9dd0 mode 0
Event: 0.899 Thread 0x00000282e966f5a0 DEOPT PACKING pc=0x00000282ec8b8c18 sp=0x0000009541bfb2a0
Event: 0.899 Thread 0x00000282e966f5a0 DEOPT UNPACKING pc=0x00000282f3df4242 sp=0x0000009541bfa760 mode 0
Event: 0.901 Thread 0x00000282e966f5a0 DEOPT PACKING pc=0x00000282ec8b8c18 sp=0x0000009541bfbc70
Event: 0.901 Thread 0x00000282e966f5a0 DEOPT UNPACKING pc=0x00000282f3df4242 sp=0x0000009541bfb130 mode 0
Event: 1.011 Thread 0x00000282e966f5a0 Uncommon trap: trap_request=0xffffff45 fr.pc=0x00000282f4371004 relative=0x0000000000000164
Event: 1.011 Thread 0x00000282e966f5a0 Uncommon trap: reason=unstable_if action=reinterpret pc=0x00000282f4371004 method=jdk.internal.util.ArraysSupport.vectorizedHashCode(Ljava/lang/Object;IIII)I @ 2 c2
Event: 1.011 Thread 0x00000282e966f5a0 DEOPT PACKING pc=0x00000282f4371004 sp=0x0000009541bfcfb0
Event: 1.011 Thread 0x00000282e966f5a0 DEOPT UNPACKING pc=0x00000282f3df3aa2 sp=0x0000009541bfcf60 mode 2
Event: 1.022 Thread 0x00000282e966f5a0 Uncommon trap: trap_request=0xffffff45 fr.pc=0x00000282f4361384 relative=0x00000000000000e4
Event: 1.022 Thread 0x00000282e966f5a0 Uncommon trap: reason=unstable_if action=reinterpret pc=0x00000282f4361384 method=java.net.URI.match(CJJ)Z @ 45 c2
Event: 1.022 Thread 0x00000282e966f5a0 DEOPT PACKING pc=0x00000282f4361384 sp=0x0000009541bfd130
Event: 1.022 Thread 0x00000282e966f5a0 DEOPT UNPACKING pc=0x00000282f3df3aa2 sp=0x0000009541bfd098 mode 2

Classes loaded (20 events):
Event: 1.029 Loading class sun/security/util/DisabledAlgorithmConstraints$JarHolder done
Event: 1.029 Loading class sun/security/util/AlgorithmDecomposer
Event: 1.029 Loading class sun/security/util/AlgorithmDecomposer done
Event: 1.030 Loading class java/util/regex/Pattern$LookBehindEndNode
Event: 1.030 Loading class java/util/regex/Pattern$LookBehindEndNode done
Event: 1.030 Loading class java/util/regex/Pattern$NotBehind
Event: 1.030 Loading class java/util/regex/Pattern$NotBehind done
Event: 1.030 Loading class sun/security/util/AbstractAlgorithmConstraints$1
Event: 1.030 Loading class sun/security/util/AbstractAlgorithmConstraints$1 done
Event: 1.031 Loading class sun/security/util/DisabledAlgorithmConstraints$Constraints
Event: 1.031 Loading class sun/security/util/DisabledAlgorithmConstraints$Constraints done
Event: 1.031 Loading class sun/security/util/CurveDB
Event: 1.032 Loading class sun/security/util/CurveDB done
Event: 1.032 Loading class java/security/spec/ECFieldFp
Event: 1.032 Loading class java/security/spec/ECField
Event: 1.032 Loading class java/security/spec/ECField done
Event: 1.032 Loading class java/security/spec/ECFieldFp done
Event: 1.032 Loading class java/security/spec/EllipticCurve
Event: 1.032 Loading class java/security/spec/EllipticCurve done
Event: 1.032 Loading class java/security/spec/ECPoint

Classes unloaded (0 events):
No events

Classes redefined (0 events):
No events

Internal exceptions (12 events):
Event: 0.189 Thread 0x00000282e966f5a0 Exception <a 'java/lang/NoSuchMethodError'{0x00000000d57a9550}: 'void java.lang.invoke.DirectMethodHandle$Holder.invokeStatic(java.lang.Object, java.lang.Object, java.lang.Object)'> (0x00000000d57a9550) 
thrown [s\src\hotspot\share\interpreter\linkResolver.cpp, line 773]
Event: 0.301 Thread 0x00000282e966f5a0 Exception <a 'java/lang/NoSuchMethodError'{0x00000000d5912a50}: 'java.lang.Object java.lang.invoke.Invokers$Holder.invokeExact_MT(java.lang.Object, java.lang.Object, java.lang.Object, java.lang.Object, java.lang.Object)'> (0x00000000d5912a50) 
thrown [s\src\hotspot\share\interpreter\linkResolver.cpp, line 773]
Event: 0.405 Thread 0x00000282e966f5a0 Exception <a 'java/lang/NoSuchMethodError'{0x00000000d59cc388}: 'int java.lang.invoke.DirectMethodHandle$Holder.invokeSpecial(java.lang.Object, java.lang.Object, java.lang.Object, int)'> (0x00000000d59cc388) 
thrown [s\src\hotspot\share\interpreter\linkResolver.cpp, line 773]
Event: 0.408 Thread 0x00000282e966f5a0 Exception <a 'java/lang/NoSuchMethodError'{0x00000000d59ded70}: 'java.lang.Object java.lang.invoke.DirectMethodHandle$Holder.invokeStatic(java.lang.Object, java.lang.Object, java.lang.Object, java.lang.Object, int)'> (0x00000000d59ded70) 
thrown [s\src\hotspot\share\interpreter\linkResolver.cpp, line 773]
Event: 0.410 Thread 0x00000282e966f5a0 Exception <a 'java/lang/NoSuchMethodError'{0x00000000d59ea1b0}: 'void java.lang.invoke.DelegatingMethodHandle$Holder.reinvoke_L(java.lang.Object, java.lang.Object, java.lang.Object, int, java.lang.Object)'> (0x00000000d59ea1b0) 
thrown [s\src\hotspot\share\interpreter\linkResolver.cpp, line 773]
Event: 0.413 Thread 0x00000282e966f5a0 Exception <a 'java/lang/NoSuchMethodError'{0x00000000d59fab00}: 'int java.lang.invoke.DirectMethodHandle$Holder.invokeSpecial(java.lang.Object, java.lang.Object, java.lang.Object)'> (0x00000000d59fab00) 
thrown [s\src\hotspot\share\interpreter\linkResolver.cpp, line 773]
Event: 0.415 Thread 0x00000282e966f5a0 Exception <a 'java/lang/NoSuchMethodError'{0x00000000d5a067c0}: 'java.lang.Object java.lang.invoke.DirectMethodHandle$Holder.invokeStatic(java.lang.Object, java.lang.Object, int)'> (0x00000000d5a067c0) 
thrown [s\src\hotspot\share\interpreter\linkResolver.cpp, line 773]
Event: 0.416 Thread 0x00000282e966f5a0 Exception <a 'java/lang/NoSuchMethodError'{0x00000000d5a0b110}: 'void java.lang.invoke.DirectMethodHandle$Holder.invokeStatic(java.lang.Object, java.lang.Object, int, java.lang.Object)'> (0x00000000d5a0b110) 
thrown [s\src\hotspot\share\interpreter\linkResolver.cpp, line 773]
Event: 0.417 Thread 0x00000282e966f5a0 Exception <a 'java/lang/NoSuchMethodError'{0x00000000d5a0eca0}: 'void java.lang.invoke.DirectMethodHandle$Holder.invokeSpecial(java.lang.Object, java.lang.Object, java.lang.Object, int, java.lang.Object)'> (0x00000000d5a0eca0) 
thrown [s\src\hotspot\share\interpreter\linkResolver.cpp, line 773]
Event: 0.418 Thread 0x00000282e966f5a0 Exception <a 'java/lang/NoSuchMethodError'{0x00000000d5a12378}: 'void java.lang.invoke.DelegatingMethodHandle$Holder.delegate(java.lang.Object, java.lang.Object, int, java.lang.Object)'> (0x00000000d5a12378) 
thrown [s\src\hotspot\share\interpreter\linkResolver.cpp, line 773]
Event: 0.676 Thread 0x00000282e966f5a0 Exception <a 'java/lang/NoSuchMethodError'{0x00000000d5bd3140}: 'void java.lang.invoke.DelegatingMethodHandle$Holder.reinvoke_L(java.lang.Object, java.lang.Object, java.lang.Object, int)'> (0x00000000d5bd3140) 
thrown [s\src\hotspot\share\interpreter\linkResolver.cpp, line 773]
Event: 0.978 Thread 0x00000282e966f5a0 Exception <a 'java/lang/NoSuchMethodError'{0x00000000d60627d0}: 'void java.lang.invoke.DirectMethodHandle$Holder.invokeVirtual(java.lang.Object, java.lang.Object)'> (0x00000000d60627d0) 
thrown [s\src\hotspot\share\interpreter\linkResolver.cpp, line 773]

ZGC Phase Switch (0 events):
No events

VM Operations (4 events):
Event: 0.193 Executing non-safepoint VM operation: HandshakeAllThreads (Deoptimize)
Event: 0.193 Executing non-safepoint VM operation: HandshakeAllThreads (Deoptimize) done
Event: 0.328 Executing non-safepoint VM operation: HandshakeAllThreads (Deoptimize)
Event: 0.328 Executing non-safepoint VM operation: HandshakeAllThreads (Deoptimize) done

Memory protections (0 events):
No events

Nmethod flushes (0 events):
No events

Events (13 events):
Event: 0.033 Thread 0x00000282e966f5a0 Thread added: 0x00000282e966f5a0
Event: 0.083 Thread 0x00000282e966f5a0 Thread added: 0x00000282c11be560
Event: 0.083 Thread 0x00000282e966f5a0 Thread added: 0x00000282c11bfa10
Event: 0.084 Thread 0x00000282e966f5a0 Thread added: 0x00000282c11c4490
Event: 0.084 Thread 0x00000282e966f5a0 Thread added: 0x00000282c11c4ef0
Event: 0.084 Thread 0x00000282e966f5a0 Thread added: 0x00000282c11c7960
Event: 0.084 Thread 0x00000282e966f5a0 Thread added: 0x00000282c11c83c0
Event: 0.084 Thread 0x00000282e966f5a0 Thread added: 0x00000282c11c9200
Event: 0.104 Thread 0x00000282e966f5a0 Thread added: 0x00000282c2ad8420
Event: 0.209 Thread 0x00000282c2ad8420 Thread added: 0x00000282c2c95ff0
Event: 0.252 Thread 0x00000282e966f5a0 Thread added: 0x00000282c2c43e10
Event: 0.599 Thread 0x00000282c2c95ff0 Thread exited: 0x00000282c2c95ff0
Event: 0.841 Thread 0x00000282e966f5a0 Thread added: 0x00000282c2d96450


Dynamic libraries:
0x00007ff709990000 - 0x00007ff70999e000 	c:\Users\FridaGutierrez\.vscode\extensions\redhat.java-1.55.0-win32-x64\jre\21.0.11-win32-x86_64\bin\java.exe
0x00007ff91f350000 - 0x00007ff91f548000 	C:\Windows\SYSTEM32\ntdll.dll
0x00007ff91e9c0000 - 0x00007ff91ea82000 	C:\Windows\System32\KERNEL32.DLL
0x00007ff91ccc0000 - 0x00007ff91cfb6000 	C:\Windows\System32\KERNELBASE.dll
0x00007ff916ab0000 - 0x00007ff916b44000 	C:\Windows\SYSTEM32\apphelp.dll
0x00007ff91ca70000 - 0x00007ff91cb70000 	C:\Windows\System32\ucrtbase.dll
0x00007ff8fc0e0000 - 0x00007ff8fc0f8000 	c:\Users\FridaGutierrez\.vscode\extensions\redhat.java-1.55.0-win32-x64\jre\21.0.11-win32-x86_64\bin\jli.dll
0x00007ff91e2f0000 - 0x00007ff91e491000 	C:\Windows\System32\USER32.dll
0x00007ff91d130000 - 0x00007ff91d152000 	C:\Windows\System32\win32u.dll
0x00007ff91d370000 - 0x00007ff91d39b000 	C:\Windows\System32\GDI32.dll
0x00007ff91cfc0000 - 0x00007ff91d0d9000 	C:\Windows\System32\gdi32full.dll
0x00007ff91cb70000 - 0x00007ff91cc0d000 	C:\Windows\System32\msvcp_win.dll
0x00007ff8f9dc0000 - 0x00007ff8f9dde000 	c:\Users\FridaGutierrez\.vscode\extensions\redhat.java-1.55.0-win32-x64\jre\21.0.11-win32-x86_64\bin\VCRUNTIME140.dll
0x00007ff9094a0000 - 0x00007ff90973b000 	C:\Windows\WinSxS\amd64_microsoft.windows.common-controls_6595b64144ccf1df_6.0.19041.6456_none_60b8a6cb71f64256\COMCTL32.dll
0x00007ff91eca0000 - 0x00007ff91ed3e000 	C:\Windows\System32\msvcrt.dll
0x00007ff91f180000 - 0x00007ff91f1af000 	C:\Windows\System32\IMM32.DLL
0x00007ff914200000 - 0x00007ff91420c000 	c:\Users\FridaGutierrez\.vscode\extensions\redhat.java-1.55.0-win32-x64\jre\21.0.11-win32-x86_64\bin\vcruntime140_1.dll
0x00007ff8f5050000 - 0x00007ff8f50dd000 	c:\Users\FridaGutierrez\.vscode\extensions\redhat.java-1.55.0-win32-x64\jre\21.0.11-win32-x86_64\bin\msvcp140.dll
0x00007ff8a1b10000 - 0x00007ff8a28b2000 	c:\Users\FridaGutierrez\.vscode\extensions\redhat.java-1.55.0-win32-x64\jre\21.0.11-win32-x86_64\bin\server\jvm.dll
0x00007ff91e4a0000 - 0x00007ff91e551000 	C:\Windows\System32\ADVAPI32.dll
0x00007ff91e1a0000 - 0x00007ff91e23f000 	C:\Windows\System32\sechost.dll
0x00007ff91e780000 - 0x00007ff91e8a0000 	C:\Windows\System32\RPCRT4.dll
0x00007ff91cc10000 - 0x00007ff91cc37000 	C:\Windows\System32\bcrypt.dll
0x00007ff91e690000 - 0x00007ff91e6fb000 	C:\Windows\System32\WS2_32.dll
0x00007ff91c570000 - 0x00007ff91c5bb000 	C:\Windows\SYSTEM32\POWRPROF.dll
0x00007ff909760000 - 0x00007ff909787000 	C:\Windows\SYSTEM32\WINMM.dll
0x00007ff9165f0000 - 0x00007ff9165fa000 	C:\Windows\SYSTEM32\VERSION.dll
0x00007ff91c530000 - 0x00007ff91c542000 	C:\Windows\SYSTEM32\UMPDC.dll
0x00007ff91aff0000 - 0x00007ff91b002000 	C:\Windows\SYSTEM32\kernel.appcore.dll
0x00007ff9141a0000 - 0x00007ff9141aa000 	c:\Users\FridaGutierrez\.vscode\extensions\redhat.java-1.55.0-win32-x64\jre\21.0.11-win32-x86_64\bin\jimage.dll
0x00007ff91a340000 - 0x00007ff91a541000 	C:\Windows\SYSTEM32\DBGHELP.DLL
0x00007ff907b30000 - 0x00007ff907b64000 	C:\Windows\SYSTEM32\dbgcore.DLL
0x00007ff91c9e0000 - 0x00007ff91ca62000 	C:\Windows\System32\bcryptPrimitives.dll
0x00007ff8f6de0000 - 0x00007ff8f6def000 	c:\Users\FridaGutierrez\.vscode\extensions\redhat.java-1.55.0-win32-x64\jre\21.0.11-win32-x86_64\bin\instrument.dll
0x00007ff8f9d30000 - 0x00007ff8f9d50000 	c:\Users\FridaGutierrez\.vscode\extensions\redhat.java-1.55.0-win32-x64\jre\21.0.11-win32-x86_64\bin\java.dll
0x00007ff91d410000 - 0x00007ff91db80000 	C:\Windows\System32\SHELL32.dll
0x00007ff91a830000 - 0x00007ff91afd5000 	C:\Windows\SYSTEM32\windows.storage.dll
0x00007ff91ed40000 - 0x00007ff91f094000 	C:\Windows\System32\combase.dll
0x00007ff91c250000 - 0x00007ff91c27b000 	C:\Windows\SYSTEM32\Wldp.dll
0x00007ff91dc60000 - 0x00007ff91dd2d000 	C:\Windows\System32\OLEAUT32.dll
0x00007ff91f260000 - 0x00007ff91f30d000 	C:\Windows\System32\SHCORE.dll
0x00007ff91ea90000 - 0x00007ff91eaeb000 	C:\Windows\System32\shlwapi.dll
0x00007ff91c910000 - 0x00007ff91c934000 	C:\Windows\SYSTEM32\profapi.dll
0x00007ff8f9d10000 - 0x00007ff8f9d28000 	c:\Users\FridaGutierrez\.vscode\extensions\redhat.java-1.55.0-win32-x64\jre\21.0.11-win32-x86_64\bin\zip.dll
0x00007ff8f9cd0000 - 0x00007ff8f9ce0000 	C:\Users\FridaGutierrez\.vscode\extensions\redhat.java-1.55.0-win32-x64\jre\21.0.11-win32-x86_64\bin\net.dll
0x00007ff915ee0000 - 0x00007ff915fea000 	C:\Windows\SYSTEM32\WINHTTP.dll
0x00007ff91c030000 - 0x00007ff91c09a000 	C:\Windows\system32\mswsock.dll
0x00007ff8f9cb0000 - 0x00007ff8f9cc6000 	C:\Users\FridaGutierrez\.vscode\extensions\redhat.java-1.55.0-win32-x64\jre\21.0.11-win32-x86_64\bin\nio.dll
0x00007ff8f9c00000 - 0x00007ff8f9c10000 	c:\Users\FridaGutierrez\.vscode\extensions\redhat.java-1.55.0-win32-x64\jre\21.0.11-win32-x86_64\bin\verify.dll

JVMTI agents:
c:\Users\FridaGutierrez\.vscode\extensions\redhat.java-1.55.0-win32-x64\lombok\lombok-1.18.39-4050.jar path:c:\Users\FridaGutierrez\.vscode\extensions\redhat.java-1.55.0-win32-x64\jre\21.0.11-win32-x86_64\bin\instrument.dll, loaded, initialized, instrumentlib options:none

dbghelp: loaded successfully - version: 4.0.5 - missing functions: none
symbol engine: initialized successfully - sym options: 0x614 - pdb path: .;c:\Users\FridaGutierrez\.vscode\extensions\redhat.java-1.55.0-win32-x64\jre\21.0.11-win32-x86_64\bin;C:\Windows\SYSTEM32;C:\Windows\WinSxS\amd64_microsoft.windows.common-controls_6595b64144ccf1df_6.0.19041.6456_none_60b8a6cb71f64256;c:\Users\FridaGutierrez\.vscode\extensions\redhat.java-1.55.0-win32-x64\jre\21.0.11-win32-x86_64\bin\server

VM Arguments:
jvm_args: --add-modules=ALL-SYSTEM --add-opens=java.base/java.util=ALL-UNNAMED --add-opens=java.base/java.lang=ALL-UNNAMED --add-opens=java.base/sun.nio.fs=ALL-UNNAMED -Declipse.application=org.eclipse.jdt.ls.core.id1 -Dosgi.bundles.defaultStartLevel=4 -Declipse.product=org.eclipse.jdt.ls.core.product -Djava.import.generatesMetadataFilesAtProjectRoot=false -DDetectVMInstallationsJob.disabled=true -Dfile.encoding=utf8 -XX:+UseParallelGC -XX:GCTimeRatio=4 -XX:AdaptiveSizePolicyWeight=90 -Dsun.zip.disableMemoryMapping=true -Xmx2G -Xms100m -Xlog:disable -javaagent:c:\Users\FridaGutierrez\.vscode\extensions\redhat.java-1.55.0-win32-x64\lombok\lombok-1.18.39-4050.jar 
java_command: c:\Users\FridaGutierrez\.vscode\extensions\redhat.java-1.55.0-win32-x64\server\plugins\org.eclipse.equinox.launcher_1.7.200.v20260619-2039.jar -configuration c:\Users\FridaGutierrez\AppData\Roaming\Code\User\globalStorage\redhat.java\1.55.0\config_ss_win -data c:\Users\FridaGutierrez\AppData\Roaming\Code\User\workspaceStorage\319d3da2732c438ae5f50ba3eb73f308\redhat.java\ss_ws --pipe=\\.\pipe\lsp-bff6a6e46fadbda9542727dc9c75622c-sock
java_class_path (initial): c:\Users\FridaGutierrez\.vscode\extensions\redhat.java-1.55.0-win32-x64\server\plugins\org.eclipse.equinox.launcher_1.7.200.v20260619-2039.jar
Launcher Type: SUN_STANDARD

[Global flags]
    uintx AdaptiveSizePolicyWeight                 = 90                                        {product} {command line}
     intx CICompilerCount                          = 4                                         {product} {ergonomic}
    uintx GCTimeRatio                              = 4                                         {product} {command line}
   size_t InitialHeapSize                          = 104857600                                 {product} {command line}
   size_t MaxHeapSize                              = 2147483648                                {product} {command line}
   size_t MaxNewSize                               = 715653120                                 {product} {ergonomic}
   size_t MinHeapDeltaBytes                        = 524288                                    {product} {ergonomic}
   size_t MinHeapSize                              = 104857600                                 {product} {command line}
   size_t NewSize                                  = 34603008                                  {product} {ergonomic}
    uintx NonNMethodCodeHeapSize                   = 5839372                                {pd product} {ergonomic}
    uintx NonProfiledCodeHeapSize                  = 122909434                              {pd product} {ergonomic}
   size_t OldSize                                  = 70254592                                  {product} {ergonomic}
    uintx ProfiledCodeHeapSize                     = 122909434                              {pd product} {ergonomic}
    uintx ReservedCodeCacheSize                    = 251658240                              {pd product} {ergonomic}
     bool SegmentedCodeCache                       = true                                      {product} {ergonomic}
   size_t SoftMaxHeapSize                          = 2147483648                             {manageable} {ergonomic}
     bool UseCompressedOops                        = true                           {product lp64_product} {ergonomic}
     bool UseLargePagesIndividualAllocation        = false                                  {pd product} {ergonomic}
     bool UseParallelGC                            = true                                      {product} {command line}

Logging:
Log output configuration:
 #0: stdout all=off uptime,level,tags foldmultilines=false
 #1: stderr all=off uptime,level,tags foldmultilines=false

Release file:
JAVA_VERSION="21.0.11" 
MODULES="java.base java.compiler java.datatransfer java.xml java.prefs java.desktop java.instrument java.logging java.management java.security.sasl java.naming java.rmi java.management.rmi java.net.http java.scripting java.security.jgss java.transaction.xa java.sql java.sql.rowset java.xml.crypto java.se java.smartcardio jdk.accessibility jdk.internal.jvmstat jdk.attach jdk.charsets jdk.internal.opt jdk.zipfs jdk.compiler jdk.crypto.ec jdk.crypto.cryptoki jdk.crypto.mscapi jdk.dynalink jdk.internal.ed jdk.editpad jdk.hotspot.agent jdk.httpserver jdk.internal.le jdk.internal.vm.ci jdk.internal.vm.compiler jdk.internal.vm.compiler.management jdk.jartool jdk.javadoc jdk.jcmd jdk.management jdk.management.agent jdk.jconsole jdk.jdeps jdk.jdwp.agent jdk.jdi jdk.jfr jdk.jshell jdk.jsobject jdk.jstatd jdk.localedata jdk.management.jfr jdk.naming.dns jdk.naming.rmi jdk.net jdk.nio.mapmode jdk.random jdk.sctp jdk.security.auth jdk.security.jgss jdk.unsupported jdk.unsupported.desktop jdk.xml.dom" 

Environment Variables:
JAVA_HOME=C:\Program Files\Microsoft\jdk-17.0.14.7-hotspot\
PATH=C:\Program Files\Eclipse Foundation\jdk-8.0.302.8-hotspot\bin;C:\Program Files\Microsoft\jdk-17.0.14.7-hotspot\bin;C:\Python313\Scripts\;C:\Python313\;C:\Python311\Scripts\;C:\Python311\;C:\Program Files\Common Files\Oracle\Java\javapath;C:\Python27\;C:\Python27\Scripts;C:\Windows\system32;C:\Windows;C:\Windows\System32\Wbem;C:\Windows\System32\WindowsPowerShell\v1.0\;C:\Windows\System32\OpenSSH\;C:\ProgramData\chocolatey\bin;C:\Users\FridaGutierrez\AppData\Local\Android\Sdk\platform-tools;C:\Users\FridaGutierrez\AppData\Local\Android\Sdk\emulator;C:\Program Files (x86)\IVI Foundation\VISA\WinNT\Bin\;C:\Program Files\IVI Foundation\VISA\Win64\Bin\;C:\Program Files (x86)\IVI Foundation\IVI\Bin\;C:\Program Files\IVI Foundation\IVI\Bin\;C:\Program Files (x86)\IVI Foundation\VISA\WinNT\Bin;C:\Program Files\Git\cmd;C:\Program Files\dotnet\;C:\Program Files\Microsoft SQL Server\Client SDK\ODBC\170\Tools\Binn\;C:\Program Files\Azure Data Studio\bin;C:\Program Files (x86)\Microsoft SQL Server\160\Tools\Binn\;C:\Program Files\Microsoft SQL Server\160\Tools\Binn\;C:\Program Files\Microsoft SQL Server\160\DTS\Binn\;C:\Program Files (x86)\Microsoft SQL Server\160\DTS\Binn\;C:\Program Files\Microsoft SQL Server\150\Tools\Binn\;C:\Program Files\Microsoft SQL Server\130\Tools\Binn\;C:\Program Files\nodejs\;C:\Program Files\Microsoft SQL Server\170\Tools\Binn\;C:\Users\FridaGutierrez\AppData\Local\Android\Sdk\tools;C:\Users\FridaGutierrez\AppData\Local\Microsoft\WindowsApps;C:\Users\FridaGutierrez\AppData\Local\Programs\Microsoft VS Code\bin;C:\Users\FridaGutierrez\AppData\Android\Sdk\platform-tools;C:\Users\FridaGutierrez\.dotnet\tools;C:\Program Files\Azure Data Studio\bin;C:\Gradle\gradle-8.1.1\bin;C:\Users\FridaGutierrez\AppData\Local\JetBrains\Toolbox\scripts;C:\Users\FridaGutierrez\.dotnet\tools;C:\Users\FridaGutierrez\AppData\Roaming\npm
USERNAME=FridaGutierrez
OS=Windows_NT
PROCESSOR_IDENTIFIER=Intel64 Family 6 Model 94 Stepping 3, GenuineIntel
TMP=C:\Users\FRIDAG~1\AppData\Local\Temp
TEMP=C:\Users\FRIDAG~1\AppData\Local\Temp




Periodic native trim disabled

---------------  S Y S T E M  ---------------

OS:
 Windows 10 , 64 bit Build 19041 (10.0.19041.5915)
OS uptime: 10 days 22:21 hours
Hyper-V role detected

CPU: total 8 (initial active 8) (4 cores per cpu, 2 threads per core) family 6 model 94 stepping 3 microcode 0xf2, cx8, cmov, fxsr, ht, mmx, 3dnowpref, sse, sse2, sse3, ssse3, sse4.1, sse4.2, popcnt, lzcnt, tsc, tscinvbit, avx, avx2, aes, erms, clmul, bmi1, bmi2, rtm, adx, fma, vzeroupper, clflush, clflushopt, hv, rdtscp, f16c
Processor Information for the first 8 processors :
  Max Mhz: 3408, Current Mhz: 3408, Mhz Limit: 3408

Memory: 4k page, system-wide physical 32475M (435M free)
TotalPageFile size 130779M (AvailPageFile size 0M)
current process WorkingSet (physical memory assigned to process): 51M, peak: 51M
current process commit charge ("private bytes"): 226M, peak: 226M

vm_info: OpenJDK 64-Bit Server VM (21.0.11+10-LTS) for windows-amd64 JRE (21.0.11+10-LTS), built on 2026-04-21T00:00:00Z by "admin" with MS VC++ 17.12 (VS2022)

END.
