#
# There is insufficient memory for the Java Runtime Environment to continue.
# Native memory allocation (malloc) failed to allocate 1001216 bytes. Error detail: Chunk::new
# Possible reasons:
#   The system is out of physical RAM or swap space
#   This process is running with CompressedOops enabled, and the Java Heap may be blocking the growth of the native heap
# Possible solutions:
#   Reduce memory load on the system
#   Increase physical memory or swap space
#   Check if swap backing store is full
#   Decrease Java heap size (-Xmx/-Xms)
#   Decrease number of Java threads
#   Decrease Java thread stack sizes (-Xss)
#   Set larger code cache with -XX:ReservedCodeCacheSize=
#   JVM is running with Unscaled Compressed Oops mode in which the Java heap is
#     placed in the first 4GB address space. The Java Heap base address is the
#     maximum limit for the native heap growth. Please use -XX:HeapBaseMinAddress
#     to set the Java Heap base and to place the Java Heap above 4GB virtual address.
# This output file may be truncated or incomplete.
#
#  Out of Memory Error (arena.cpp:168), pid=169036, tid=209160
#
# JRE version: OpenJDK Runtime Environment Temurin-21.0.11+10 (21.0.11+10) (build 21.0.11+10-LTS)
# Java VM: OpenJDK 64-Bit Server VM Temurin-21.0.11+10 (21.0.11+10-LTS, mixed mode, sharing, tiered, compressed oops, compressed class ptrs, g1 gc, windows-amd64)
# No core dump will be written. Minidumps are not enabled by default on client versions of Windows
#

---------------  S U M M A R Y ------------

Command Line: --add-opens=java.base/java.lang=ALL-UNNAMED --add-opens=java.base/java.lang.invoke=ALL-UNNAMED --add-opens=java.base/java.util=ALL-UNNAMED --add-opens=java.prefs/java.util.prefs=ALL-UNNAMED --add-exports=jdk.compiler/com.sun.tools.javac.api=ALL-UNNAMED --add-exports=jdk.compiler/com.sun.tools.javac.util=ALL-UNNAMED --add-opens=java.base/java.util=ALL-UNNAMED --add-opens=java.prefs/java.util.prefs=ALL-UNNAMED --add-opens=java.base/java.nio.charset=ALL-UNNAMED --add-opens=java.base/java.net=ALL-UNNAMED --add-opens=java.base/java.util.concurrent.atomic=ALL-UNNAMED --add-opens=java.xml/javax.xml.namespace=ALL-UNNAMED -XX:MaxMetaspaceSize=512m -Xmx2048m -Dfile.encoding=UTF-8 -Duser.country=US -Duser.language=en -Duser.variant -javaagent:C:\Users\FridaGutierrez\.gradle\wrapper\dists\gradle-8.12-all\ejduaidbjup3bmmkhw3rie4zb\gradle-8.12\lib\agents\gradle-instrumentation-agent-8.12.jar org.gradle.launcher.daemon.bootstrap.GradleDaemon 8.12

Host: Intel(R) Core(TM) i7-6700 CPU @ 3.40GHz, 8 cores, 31G,  Windows 10 , 64 bit Build 19041 (10.0.19041.5915)
Time: Fri Sep  4 04:35:35 2026 Central Standard Time (Mexico) elapsed time: 10.032155 seconds (0d 0h 0m 10s)

---------------  T H R E A D  ---------------

Current thread (0x000001faeafaaaa0):  JavaThread "C2 CompilerThread0" daemon [_thread_in_native, id=209160, stack(0x0000004a15d00000,0x0000004a15e00000) (1024K)]


Current CompileTask:
C2:10032 3076   !   4       java.net.URLClassLoader::findClass (47 bytes)

Stack: [0x0000004a15d00000,0x0000004a15e00000]
Native frames: (J=compiled Java code, j=interpreted, Vv=VM code, C=native code)
V  [jvm.dll+0x6d7e19]
V  [jvm.dll+0x8b5096]
V  [jvm.dll+0x8b764e]
V  [jvm.dll+0x8b7d33]
V  [jvm.dll+0x284596]
V  [jvm.dll+0xc685d]
V  [jvm.dll+0xc6da1]
V  [jvm.dll+0x2fb4ee]
V  [jvm.dll+0x5fe9a4]
V  [jvm.dll+0x255d67]
V  [jvm.dll+0x25612d]
V  [jvm.dll+0x24e6a0]
V  [jvm.dll+0x24bbe6]
V  [jvm.dll+0x1cb4ae]
V  [jvm.dll+0x25baad]
V  [jvm.dll+0x25a03a]
V  [jvm.dll+0x3f868e]
V  [jvm.dll+0x85fb0d]
V  [jvm.dll+0x6d664d]
C  [ucrtbase.dll+0x21bb2]
C  [KERNEL32.DLL+0x17374]
C  [ntdll.dll+0x4cc91]


---------------  P R O C E S S  ---------------

Threads class SMR info:
_java_thread_list=0x000001faf11e2be0, length=24, elements={
0x000001fad150d6d0, 0x000001faeafa3910, 0x000001faeafa4370, 0x000001faeafa4dd0,
0x000001faeafa7840, 0x000001faeafa82a0, 0x000001faeafa8d00, 0x000001faeafaaaa0,
0x000001faeb13cb70, 0x000001faeb38f180, 0x000001faeb34ba10, 0x000001faf0cc5c50,
0x000001faf0ea20e0, 0x000001faf0440c80, 0x000001faf0689b50, 0x000001faf068a1c0,
0x000001faf00173e0, 0x000001faf066c870, 0x000001faebb90a70, 0x000001faebb91100,
0x000001faebb924b0, 0x000001faebb91e20, 0x000001faebb92b40, 0x000001faebb8fd50
}

Java Threads: ( => current thread )
  0x000001fad150d6d0 JavaThread "main"                              [_thread_blocked, id=183796, stack(0x0000004a14e00000,0x0000004a14f00000) (1024K)]
  0x000001faeafa3910 JavaThread "Reference Handler"          daemon [_thread_blocked, id=146608, stack(0x0000004a15700000,0x0000004a15800000) (1024K)]
  0x000001faeafa4370 JavaThread "Finalizer"                  daemon [_thread_blocked, id=156924, stack(0x0000004a15800000,0x0000004a15900000) (1024K)]
  0x000001faeafa4dd0 JavaThread "Signal Dispatcher"          daemon [_thread_blocked, id=222676, stack(0x0000004a15900000,0x0000004a15a00000) (1024K)]
  0x000001faeafa7840 JavaThread "Attach Listener"            daemon [_thread_blocked, id=15280, stack(0x0000004a15a00000,0x0000004a15b00000) (1024K)]
  0x000001faeafa82a0 JavaThread "Service Thread"             daemon [_thread_blocked, id=212008, stack(0x0000004a15b00000,0x0000004a15c00000) (1024K)]
  0x000001faeafa8d00 JavaThread "Monitor Deflation Thread"   daemon [_thread_blocked, id=239064, stack(0x0000004a15c00000,0x0000004a15d00000) (1024K)]
=>0x000001faeafaaaa0 JavaThread "C2 CompilerThread0"         daemon [_thread_in_native, id=209160, stack(0x0000004a15d00000,0x0000004a15e00000) (1024K)]
  0x000001faeb13cb70 JavaThread "C1 CompilerThread0"         daemon [_thread_blocked, id=46492, stack(0x0000004a15e00000,0x0000004a15f00000) (1024K)]
  0x000001faeb38f180 JavaThread "Common-Cleaner"             daemon [_thread_blocked, id=39604, stack(0x0000004a15f00000,0x0000004a16000000) (1024K)]
  0x000001faeb34ba10 JavaThread "Notification Thread"        daemon [_thread_blocked, id=228248, stack(0x0000004a16000000,0x0000004a16100000) (1024K)]
  0x000001faf0cc5c50 JavaThread "Daemon health stats"               [_thread_blocked, id=220460, stack(0x0000004a16800000,0x0000004a16900000) (1024K)]
  0x000001faf0ea20e0 JavaThread "Incoming local TCP Connector on port 58702"        [_thread_in_native, id=213332, stack(0x0000004a16900000,0x0000004a16a00000) (1024K)]
  0x000001faf0440c80 JavaThread "Daemon periodic checks"            [_thread_blocked, id=206836, stack(0x0000004a16b00000,0x0000004a16c00000) (1024K)]
  0x000001faf0689b50 JavaThread "Daemon"                            [_thread_blocked, id=228516, stack(0x0000004a16c00000,0x0000004a16d00000) (1024K)]
  0x000001faf068a1c0 JavaThread "Handler for socket connection from /127.0.0.1:58702 to /127.0.0.1:58703"        [_thread_in_native, id=190560, stack(0x0000004a16d00000,0x0000004a16e00000) (1024K)]
  0x000001faf00173e0 JavaThread "Cancel handler"                    [_thread_blocked, id=15324, stack(0x0000004a16e00000,0x0000004a16f00000) (1024K)]
  0x000001faf066c870 JavaThread "Daemon worker"                     [_thread_in_vm, id=222260, stack(0x0000004a16f00000,0x0000004a17000000) (1024K)]
  0x000001faebb90a70 JavaThread "Asynchronous log dispatcher for DefaultDaemonConnection: socket connection from /127.0.0.1:58702 to /127.0.0.1:58703"        [_thread_blocked, id=206596, stack(0x0000004a17000000,0x0000004a17100000) (1024K)]
  0x000001faebb91100 JavaThread "Stdin handler"                     [_thread_blocked, id=15320, stack(0x0000004a17100000,0x0000004a17200000) (1024K)]
  0x000001faebb924b0 JavaThread "Daemon client event forwarder"        [_thread_blocked, id=192048, stack(0x0000004a17200000,0x0000004a17300000) (1024K)]
  0x000001faebb91e20 JavaThread "Cache worker for journal cache (C:\Users\FridaGutierrez\.gradle\caches\journal-1)"        [_thread_blocked, id=24952, stack(0x0000004a16a00000,0x0000004a16b00000) (1024K)]
  0x000001faebb92b40 JavaThread "File lock request listener"        [_thread_in_native, id=231500, stack(0x0000004a17300000,0x0000004a17400000) (1024K)]
  0x000001faebb8fd50 JavaThread "Cache worker for file hash cache (C:\Users\FridaGutierrez\.gradle\caches\8.12\fileHashes)"        [_thread_blocked, id=239312, stack(0x0000004a17400000,0x0000004a17500000) (1024K)]
Total: 24

Other Threads:
  0x000001faeaf8a280 VMThread "VM Thread"                           [id=234388, stack(0x0000004a15600000,0x0000004a15700000) (1024K)]
  0x000001faeb0cd0e0 WatcherThread "VM Periodic Task Thread"        [id=170744, stack(0x0000004a15500000,0x0000004a15600000) (1024K)]
  0x000001fad3849480 WorkerThread "GC Thread#0"                     [id=134532, stack(0x0000004a15000000,0x0000004a15100000) (1024K)]
  0x000001faeb55f240 WorkerThread "GC Thread#1"                     [id=238632, stack(0x0000004a16100000,0x0000004a16200000) (1024K)]
  0x000001faeb55f5f0 WorkerThread "GC Thread#2"                     [id=235268, stack(0x0000004a16200000,0x0000004a16300000) (1024K)]
  0x000001faeb55f9a0 WorkerThread "GC Thread#3"                     [id=225572, stack(0x0000004a16300000,0x0000004a16400000) (1024K)]
  0x000001faeb542bd0 WorkerThread "GC Thread#4"                     [id=214660, stack(0x0000004a16400000,0x0000004a16500000) (1024K)]
  0x000001faeb542f80 WorkerThread "GC Thread#5"                     [id=230992, stack(0x0000004a16500000,0x0000004a16600000) (1024K)]
  0x000001faeb543330 WorkerThread "GC Thread#6"                     [id=23108, stack(0x0000004a16600000,0x0000004a16700000) (1024K)]
  0x000001faeb5436e0 WorkerThread "GC Thread#7"                     [id=155876, stack(0x0000004a16700000,0x0000004a16800000) (1024K)]
  0x000001fad385a4c0 ConcurrentGCThread "G1 Main Marker"            [id=181400, stack(0x0000004a15100000,0x0000004a15200000) (1024K)]
  0x000001fad385be20 WorkerThread "G1 Conc#0"                       [id=81496, stack(0x0000004a15200000,0x0000004a15300000) (1024K)]
  0x000001faf2b54b20 WorkerThread "G1 Conc#1"                       [id=205152, stack(0x0000004a17500000,0x0000004a17600000) (1024K)]
  0x000001faeaf68040 ConcurrentGCThread "G1 Refine#0"               [id=37528, stack(0x0000004a15300000,0x0000004a15400000) (1024K)]
  0x000001faeaf68a60 ConcurrentGCThread "G1 Service"                [id=163008, stack(0x0000004a15400000,0x0000004a15500000) (1024K)]
Total: 15

Threads with active compile tasks:
C2 CompilerThread0  10078 3076   !   4       java.net.URLClassLoader::findClass (47 bytes)
Total: 1

VM state: not at safepoint (normal execution)

VM Mutex/Monitor currently owned by a thread:  ([mutex/lock_event])
[0x00007ff8a27cd0f0] Uncommit_lock - owner thread: 0x000001faeaf68a60

Heap address: 0x0000000080000000, size: 2048 MB, Compressed Oops mode: 32-bit

CDS archive(s) mapped at: [0x000001fa80000000-0x000001fa80ba0000-0x000001fa80ba0000), size 12189696, SharedBaseAddress: 0x000001fa80000000, ArchiveRelocationMode: 1.
Compressed class space mapped at: 0x000001fa81000000-0x000001fa9b000000, reserved size: 436207616
Narrow klass base: 0x000001fa80000000, Narrow klass shift: 0, Narrow klass range: 0x100000000

GC Precious Log:
 CardTable entry size: 512
 Card Set container configuration: InlinePtr #cards 5 size 8 Array Of Cards #cards 12 size 40 Howl #buckets 4 coarsen threshold 1843 Howl Bitmap #cards 512 size 80 coarsen threshold 460 Card regions per heap region 1 cards per card region 2048
 CPUs: 8 total, 8 available
 Memory: 32475M
 Large Page Support: Disabled
 NUMA Support: Disabled
 Compressed Oops: Enabled (32-bit)
 Heap Region Size: 1M
 Heap Min Capacity: 8M
 Heap Initial Capacity: 508M
 Heap Max Capacity: 2G
 Pre-touch: Disabled
 Parallel Workers: 8
 Concurrent Workers: 2
 Concurrent Refinement Workers: 8
 Periodic GC: Disabled

Heap:
 garbage-first heap   total 81920K, used 25026K [0x0000000080000000, 0x0000000100000000)
  region size 1024K, 16 young (16384K), 14 survivors (14336K)
 Metaspace       used 20994K, committed 21696K, reserved 491520K
  class space    used 3120K, committed 3456K, reserved 425984K

Heap Regions: E=young(eden), S=young(survivor), O=old, HS=humongous(starts), HC=humongous(continues), CS=collection set, F=free, TAMS=top-at-mark-start, PB=parsable bottom
|   0|0x0000000080000000, 0x0000000080100000, 0x0000000080100000|100%| O|  |TAMS 0x0000000080000000| PB 0x0000000080000000| Untracked 
|   1|0x0000000080100000, 0x0000000080200000, 0x0000000080200000|100%|HS|  |TAMS 0x0000000080100000| PB 0x0000000080100000| Complete 
|   2|0x0000000080200000, 0x0000000080300000, 0x0000000080300000|100%|HC|  |TAMS 0x0000000080200000| PB 0x0000000080200000| Complete 
|   3|0x0000000080300000, 0x0000000080400000, 0x0000000080400000|100%|HC|  |TAMS 0x0000000080300000| PB 0x0000000080300000| Complete 
|   4|0x0000000080400000, 0x0000000080500000, 0x0000000080500000|100%| O|  |TAMS 0x0000000080400000| PB 0x0000000080400000| Untracked 
|   5|0x0000000080500000, 0x0000000080600000, 0x0000000080600000|100%| O|  |TAMS 0x0000000080500000| PB 0x0000000080500000| Untracked 
|   6|0x0000000080600000, 0x0000000080700000, 0x0000000080700000|100%| O|  |TAMS 0x0000000080600000| PB 0x0000000080600000| Untracked 
|   7|0x0000000080700000, 0x0000000080800000, 0x0000000080800000|100%|HS|  |TAMS 0x0000000080700000| PB 0x0000000080700000| Complete 
|   8|0x0000000080800000, 0x0000000080800000, 0x0000000080900000|  0%| F|  |TAMS 0x0000000080800000| PB 0x0000000080800000| Untracked 
|   9|0x0000000080900000, 0x0000000080a00000, 0x0000000080a00000|100%| O|  |TAMS 0x0000000080900000| PB 0x0000000080900000| Untracked 
|  10|0x0000000080a00000, 0x0000000080aea0d8, 0x0000000080b00000| 91%| O|Cm|TAMS 0x0000000080a00000| PB 0x0000000080a00000| Complete 
|  11|0x0000000080b00000, 0x0000000080b00000, 0x0000000080c00000|  0%| F|  |TAMS 0x0000000080b00000| PB 0x0000000080b00000| Untracked 
|  12|0x0000000080c00000, 0x0000000080c00000, 0x0000000080d00000|  0%| F|  |TAMS 0x0000000080c00000| PB 0x0000000080c00000| Untracked 
|  13|0x0000000080d00000, 0x0000000080d00000, 0x0000000080e00000|  0%| F|  |TAMS 0x0000000080d00000| PB 0x0000000080d00000| Untracked 
|  14|0x0000000080e00000, 0x0000000080e00000, 0x0000000080f00000|  0%| F|  |TAMS 0x0000000080e00000| PB 0x0000000080e00000| Untracked 
|  15|0x0000000080f00000, 0x0000000080f00000, 0x0000000081000000|  0%| F|  |TAMS 0x0000000080f00000| PB 0x0000000080f00000| Untracked 
|  16|0x0000000081000000, 0x0000000081000000, 0x0000000081100000|  0%| F|  |TAMS 0x0000000081000000| PB 0x0000000081000000| Untracked 
|  17|0x0000000081100000, 0x0000000081100000, 0x0000000081200000|  0%| F|  |TAMS 0x0000000081100000| PB 0x0000000081100000| Untracked 
|  18|0x0000000081200000, 0x0000000081200000, 0x0000000081300000|  0%| F|  |TAMS 0x0000000081200000| PB 0x0000000081200000| Untracked 
|  19|0x0000000081300000, 0x0000000081300000, 0x0000000081400000|  0%| F|  |TAMS 0x0000000081300000| PB 0x0000000081300000| Untracked 
|  20|0x0000000081400000, 0x0000000081400000, 0x0000000081500000|  0%| F|  |TAMS 0x0000000081400000| PB 0x0000000081400000| Untracked 
|  21|0x0000000081500000, 0x0000000081500000, 0x0000000081600000|  0%| F|  |TAMS 0x0000000081500000| PB 0x0000000081500000| Untracked 
|  22|0x0000000081600000, 0x0000000081600000, 0x0000000081700000|  0%| F|  |TAMS 0x0000000081600000| PB 0x0000000081600000| Untracked 
|  23|0x0000000081700000, 0x0000000081700000, 0x0000000081800000|  0%| F|  |TAMS 0x0000000081700000| PB 0x0000000081700000| Untracked 
|  24|0x0000000081800000, 0x0000000081800000, 0x0000000081900000|  0%| F|  |TAMS 0x0000000081800000| PB 0x0000000081800000| Untracked 
|  25|0x0000000081900000, 0x0000000081900000, 0x0000000081a00000|  0%| F|  |TAMS 0x0000000081900000| PB 0x0000000081900000| Untracked 
|  26|0x0000000081a00000, 0x0000000081a00000, 0x0000000081b00000|  0%| F|  |TAMS 0x0000000081a00000| PB 0x0000000081a00000| Untracked 
|  27|0x0000000081b00000, 0x0000000081b00000, 0x0000000081c00000|  0%| F|  |TAMS 0x0000000081b00000| PB 0x0000000081b00000| Untracked 
|  28|0x0000000081c00000, 0x0000000081c00000, 0x0000000081d00000|  0%| F|  |TAMS 0x0000000081c00000| PB 0x0000000081c00000| Untracked 
|  29|0x0000000081d00000, 0x0000000081d00000, 0x0000000081e00000|  0%| F|  |TAMS 0x0000000081d00000| PB 0x0000000081d00000| Untracked 
|  30|0x0000000081e00000, 0x0000000081e00000, 0x0000000081f00000|  0%| F|  |TAMS 0x0000000081e00000| PB 0x0000000081e00000| Untracked 
|  31|0x0000000081f00000, 0x0000000081f00000, 0x0000000082000000|  0%| F|  |TAMS 0x0000000081f00000| PB 0x0000000081f00000| Untracked 
|  32|0x0000000082000000, 0x0000000082000000, 0x0000000082100000|  0%| F|  |TAMS 0x0000000082000000| PB 0x0000000082000000| Untracked 
|  33|0x0000000082100000, 0x0000000082100000, 0x0000000082200000|  0%| F|  |TAMS 0x0000000082100000| PB 0x0000000082100000| Untracked 
|  34|0x0000000082200000, 0x0000000082200000, 0x0000000082300000|  0%| F|  |TAMS 0x0000000082200000| PB 0x0000000082200000| Untracked 
|  35|0x0000000082300000, 0x0000000082300000, 0x0000000082400000|  0%| F|  |TAMS 0x0000000082300000| PB 0x0000000082300000| Untracked 
|  36|0x0000000082400000, 0x0000000082400000, 0x0000000082500000|  0%| F|  |TAMS 0x0000000082400000| PB 0x0000000082400000| Untracked 
|  37|0x0000000082500000, 0x0000000082500000, 0x0000000082600000|  0%| F|  |TAMS 0x0000000082500000| PB 0x0000000082500000| Untracked 
|  38|0x0000000082600000, 0x0000000082600000, 0x0000000082700000|  0%| F|  |TAMS 0x0000000082600000| PB 0x0000000082600000| Untracked 
|  39|0x0000000082700000, 0x0000000082700000, 0x0000000082800000|  0%| F|  |TAMS 0x0000000082700000| PB 0x0000000082700000| Untracked 
|  40|0x0000000082800000, 0x0000000082800000, 0x0000000082900000|  0%| F|  |TAMS 0x0000000082800000| PB 0x0000000082800000| Untracked 
|  41|0x0000000082900000, 0x0000000082900000, 0x0000000082a00000|  0%| F|  |TAMS 0x0000000082900000| PB 0x0000000082900000| Untracked 
|  42|0x0000000082a00000, 0x0000000082a00000, 0x0000000082b00000|  0%| F|  |TAMS 0x0000000082a00000| PB 0x0000000082a00000| Untracked 
|  43|0x0000000082b00000, 0x0000000082b00000, 0x0000000082c00000|  0%| F|  |TAMS 0x0000000082b00000| PB 0x0000000082b00000| Untracked 
|  44|0x0000000082c00000, 0x0000000082c00000, 0x0000000082d00000|  0%| F|  |TAMS 0x0000000082c00000| PB 0x0000000082c00000| Untracked 
|  45|0x0000000082d00000, 0x0000000082d00000, 0x0000000082e00000|  0%| F|  |TAMS 0x0000000082d00000| PB 0x0000000082d00000| Untracked 
|  46|0x0000000082e00000, 0x0000000082e00000, 0x0000000082f00000|  0%| F|  |TAMS 0x0000000082e00000| PB 0x0000000082e00000| Untracked 
|  47|0x0000000082f00000, 0x0000000082f00000, 0x0000000083000000|  0%| F|  |TAMS 0x0000000082f00000| PB 0x0000000082f00000| Untracked 
|  48|0x0000000083000000, 0x0000000083000000, 0x0000000083100000|  0%| F|  |TAMS 0x0000000083000000| PB 0x0000000083000000| Untracked 
|  49|0x0000000083100000, 0x0000000083100000, 0x0000000083200000|  0%| F|  |TAMS 0x0000000083100000| PB 0x0000000083100000| Untracked 
|  50|0x0000000083200000, 0x0000000083200000, 0x0000000083300000|  0%| F|  |TAMS 0x0000000083200000| PB 0x0000000083200000| Untracked 
|  51|0x0000000083300000, 0x0000000083300000, 0x0000000083400000|  0%| F|  |TAMS 0x0000000083300000| PB 0x0000000083300000| Untracked 
|  52|0x0000000083400000, 0x0000000083400000, 0x0000000083500000|  0%| F|  |TAMS 0x0000000083400000| PB 0x0000000083400000| Untracked 
|  53|0x0000000083500000, 0x0000000083500000, 0x0000000083600000|  0%| F|  |TAMS 0x0000000083500000| PB 0x0000000083500000| Untracked 
|  54|0x0000000083600000, 0x0000000083600000, 0x0000000083700000|  0%| F|  |TAMS 0x0000000083600000| PB 0x0000000083600000| Untracked 
|  55|0x0000000083700000, 0x0000000083700000, 0x0000000083800000|  0%| F|  |TAMS 0x0000000083700000| PB 0x0000000083700000| Untracked 
|  56|0x0000000083800000, 0x0000000083800000, 0x0000000083900000|  0%| F|  |TAMS 0x0000000083800000| PB 0x0000000083800000| Untracked 
|  57|0x0000000083900000, 0x0000000083900000, 0x0000000083a00000|  0%| F|  |TAMS 0x0000000083900000| PB 0x0000000083900000| Untracked 
|  58|0x0000000083a00000, 0x0000000083a00000, 0x0000000083b00000|  0%| F|  |TAMS 0x0000000083a00000| PB 0x0000000083a00000| Untracked 
|  59|0x0000000083b00000, 0x0000000083b00000, 0x0000000083c00000|  0%| F|  |TAMS 0x0000000083b00000| PB 0x0000000083b00000| Untracked 
|  60|0x0000000083c00000, 0x0000000083c00000, 0x0000000083d00000|  0%| F|  |TAMS 0x0000000083c00000| PB 0x0000000083c00000| Untracked 
|  61|0x0000000083d00000, 0x0000000083d00000, 0x0000000083e00000|  0%| F|  |TAMS 0x0000000083d00000| PB 0x0000000083d00000| Untracked 
|  62|0x0000000083e00000, 0x0000000083e00000, 0x0000000083f00000|  0%| F|  |TAMS 0x0000000083e00000| PB 0x0000000083e00000| Untracked 
|  63|0x0000000083f00000, 0x0000000083f00000, 0x0000000084000000|  0%| F|  |TAMS 0x0000000083f00000| PB 0x0000000083f00000| Untracked 
|  64|0x0000000084000000, 0x00000000840fb010, 0x0000000084100000| 98%| E|  |TAMS 0x0000000084000000| PB 0x0000000084000000| Complete 
| 398|0x0000000098e00000, 0x0000000098e869d0, 0x0000000098f00000| 52%| S|CS|TAMS 0x0000000098e00000| PB 0x0000000098e00000| Complete 
| 399|0x0000000098f00000, 0x0000000099000000, 0x0000000099000000|100%| S|CS|TAMS 0x0000000098f00000| PB 0x0000000098f00000| Complete 
| 400|0x0000000099000000, 0x0000000099100000, 0x0000000099100000|100%| S|CS|TAMS 0x0000000099000000| PB 0x0000000099000000| Complete 
| 401|0x0000000099100000, 0x0000000099200000, 0x0000000099200000|100%| S|CS|TAMS 0x0000000099100000| PB 0x0000000099100000| Complete 
| 402|0x0000000099200000, 0x0000000099300000, 0x0000000099300000|100%| S|CS|TAMS 0x0000000099200000| PB 0x0000000099200000| Complete 
| 403|0x0000000099300000, 0x0000000099400000, 0x0000000099400000|100%| S|CS|TAMS 0x0000000099300000| PB 0x0000000099300000| Complete 
| 404|0x0000000099400000, 0x0000000099500000, 0x0000000099500000|100%| S|CS|TAMS 0x0000000099400000| PB 0x0000000099400000| Complete 
| 405|0x0000000099500000, 0x0000000099600000, 0x0000000099600000|100%| S|CS|TAMS 0x0000000099500000| PB 0x0000000099500000| Complete 
| 406|0x0000000099600000, 0x0000000099700000, 0x0000000099700000|100%| S|CS|TAMS 0x0000000099600000| PB 0x0000000099600000| Complete 
| 407|0x0000000099700000, 0x0000000099800000, 0x0000000099800000|100%| S|CS|TAMS 0x0000000099700000| PB 0x0000000099700000| Complete 
| 408|0x0000000099800000, 0x0000000099900000, 0x0000000099900000|100%| S|CS|TAMS 0x0000000099800000| PB 0x0000000099800000| Complete 
| 409|0x0000000099900000, 0x0000000099a00000, 0x0000000099a00000|100%| S|CS|TAMS 0x0000000099900000| PB 0x0000000099900000| Complete 
| 410|0x0000000099a00000, 0x0000000099b00000, 0x0000000099b00000|100%| S|CS|TAMS 0x0000000099a00000| PB 0x0000000099a00000| Complete 
| 411|0x0000000099b00000, 0x0000000099c00000, 0x0000000099c00000|100%| S|CS|TAMS 0x0000000099b00000| PB 0x0000000099b00000| Complete 
| 507|0x000000009fb00000, 0x000000009fc00000, 0x000000009fc00000|100%| E|CS|TAMS 0x000000009fb00000| PB 0x000000009fb00000| Complete 

Card table byte_map: [0x000001fae6120000,0x000001fae6520000] _byte_map_base: 0x000001fae5d20000

Marking Bits: (CMBitMap*) 0x000001fad3849a30
 Bits: [0x000001fae6520000, 0x000001fae8520000)

Polling page: 0x000001fad1630000

Metaspace:

Usage:
  Non-class:     17.47 MB used.
      Class:      3.05 MB used.
       Both:     20.53 MB used.

Virtual space:
  Non-class space:       64.00 MB reserved,      17.88 MB ( 28%) committed,  1 nodes.
      Class space:      416.00 MB reserved,       3.38 MB ( <1%) committed,  1 nodes.
             Both:      480.00 MB reserved,      21.25 MB (  4%) committed. 

Chunk freelists:
   Non-Class:  13.80 MB
       Class:  12.65 MB
        Both:  26.45 MB

MaxMetaspaceSize: 512.00 MB
CompressedClassSpaceSize: 416.00 MB
Initial GC threshold: 21.00 MB
Current GC threshold: 35.12 MB
CDS: on
 - commit_granule_bytes: 65536.
 - commit_granule_words: 8192.
 - virtual_space_node_default_size: 8388608.
 - enlarge_chunks_in_place: 1.
 - use_allocation_guard: 0.


Internal statistics:

num_allocs_failed_limit: 3.
num_arena_births: 1090.
num_arena_deaths: 0.
num_vsnodes_births: 2.
num_vsnodes_deaths: 0.
num_space_committed: 340.
num_space_uncommitted: 0.
num_chunks_returned_to_freelist: 3.
num_chunks_taken_from_freelist: 1937.
num_chunk_merges: 3.
num_chunk_splits: 1273.
num_chunks_enlarged: 816.
num_inconsistent_stats: 0.

CodeHeap 'non-profiled nmethods': size=120000Kb used=1591Kb max_used=1591Kb free=118408Kb
 bounds [0x000001fade4c0000, 0x000001fade730000, 0x000001fae59f0000]
CodeHeap 'profiled nmethods': size=120000Kb used=6356Kb max_used=6356Kb free=113643Kb
 bounds [0x000001fad69f0000, 0x000001fad7030000, 0x000001faddf20000]
CodeHeap 'non-nmethods': size=5760Kb used=1416Kb max_used=1498Kb free=4343Kb
 bounds [0x000001faddf20000, 0x000001fade190000, 0x000001fade4c0000]
CodeCache: size=245760Kb, used=9363Kb, max_used=9445Kb, free=236394Kb
 total_blobs=3731, nmethods=3158, adapters=477, full_count=0
Compilation: enabled, stopped_count=0, restarted_count=0

Compilation events (20 events):
Event: 9.990 Thread 0x000001faeb13cb70 3139 %     3       com.google.common.io.LineBuffer::add @ 47 (204 bytes)
Event: 9.991 Thread 0x000001faeb13cb70 nmethod 3139% 0x000001fad7018990 code [0x000001fad7018be0, 0x000001fad7019570]
Event: 9.991 Thread 0x000001faeb13cb70 3140       3       com.google.common.io.LineBuffer::add (204 bytes)
Event: 9.992 Thread 0x000001faeb13cb70 nmethod 3140 0x000001fad7019910 code [0x000001fad7019b60, 0x000001fad701a300]
Event: 10.002 Thread 0x000001faeb13cb70 3142       3       com.google.common.collect.RegularImmutableMap::checkNoConflictInKeyBucket (85 bytes)
Event: 10.003 Thread 0x000001faeb13cb70 nmethod 3142 0x000001fad701a690 code [0x000001fad701a980, 0x000001fad701b7e0]
Event: 10.004 Thread 0x000001faeb13cb70 3143       3       com.google.common.collect.RegularImmutableMap::makeImmutable (44 bytes)
Event: 10.004 Thread 0x000001faeb13cb70 nmethod 3143 0x000001fad701bd90 code [0x000001fad701bfa0, 0x000001fad701c800]
Event: 10.004 Thread 0x000001faeb13cb70 3144       1       com.google.common.collect.ImmutableMapEntry::getNextInKeyBucket (2 bytes)
Event: 10.004 Thread 0x000001faeb13cb70 nmethod 3144 0x000001fade64d410 code [0x000001fade64d5a0, 0x000001fade64d670]
Event: 10.004 Thread 0x000001faeb13cb70 3145       3       com.google.common.collect.ImmutableMapEntry$NonTerminalImmutableMapEntry::<init> (12 bytes)
Event: 10.004 Thread 0x000001faeb13cb70 nmethod 3145 0x000001fad701ca10 code [0x000001fad701cbe0, 0x000001fad701cfc8]
Event: 10.004 Thread 0x000001faeb13cb70 3146       1       com.google.common.collect.ImmutableMapEntry$NonTerminalImmutableMapEntry::getNextInKeyBucket (5 bytes)
Event: 10.005 Thread 0x000001faeb13cb70 nmethod 3146 0x000001fade64d710 code [0x000001fade64d8a0, 0x000001fade64d968]
Event: 10.017 Thread 0x000001faeb13cb70 3147   !   3       java.lang.ref.NativeReferenceQueue::enqueue (20 bytes)
Event: 10.017 Thread 0x000001faeb13cb70 nmethod 3147 0x000001fad701d190 code [0x000001fad701d340, 0x000001fad701d570]
Event: 10.017 Thread 0x000001faeb13cb70 3148       3       java.lang.ref.ReferenceQueue::enqueue0 (98 bytes)
Event: 10.018 Thread 0x000001faeb13cb70 nmethod 3148 0x000001fad701d690 code [0x000001fad701d880, 0x000001fad701de90]
Event: 10.018 Thread 0x000001faeb13cb70 3149       3       java.lang.ref.NativeReferenceQueue::signal (8 bytes)
Event: 10.018 Thread 0x000001faeb13cb70 nmethod 3149 0x000001fad701df90 code [0x000001fad701e140, 0x000001fad701e280]

GC Heap History (8 events):
Event: 1.494 GC heap before
{Heap before GC invocations=0 (full 0):
 garbage-first heap   total 520192K, used 25600K [0x0000000080000000, 0x0000000100000000)
  region size 1024K, 25 young (25600K), 0 survivors (0K)
 Metaspace       used 1109K, committed 1216K, reserved 491520K
  class space    used 81K, committed 128K, reserved 425984K
}
Event: 1.560 GC heap after
{Heap after GC invocations=1 (full 0):
 garbage-first heap   total 520192K, used 4392K [0x0000000080000000, 0x0000000100000000)
  region size 1024K, 4 young (4096K), 4 survivors (4096K)
 Metaspace       used 1109K, committed 1216K, reserved 491520K
  class space    used 81K, committed 128K, reserved 425984K
}
Event: 3.493 GC heap before
{Heap before GC invocations=1 (full 0):
 garbage-first heap   total 520192K, used 41256K [0x0000000080000000, 0x0000000100000000)
  region size 1024K, 38 young (38912K), 4 survivors (4096K)
 Metaspace       used 4418K, committed 4608K, reserved 491520K
  class space    used 556K, committed 640K, reserved 425984K
}
Event: 3.497 GC heap after
{Heap after GC invocations=2 (full 0):
 garbage-first heap   total 520192K, used 10817K [0x0000000080000000, 0x0000000100000000)
  region size 1024K, 4 young (4096K), 4 survivors (4096K)
 Metaspace       used 4418K, committed 4608K, reserved 491520K
  class space    used 556K, committed 640K, reserved 425984K
}
Event: 5.237 GC heap before
{Heap before GC invocations=2 (full 0):
 garbage-first heap   total 520192K, used 58945K [0x0000000080000000, 0x0000000100000000)
  region size 1024K, 50 young (51200K), 4 survivors (4096K)
 Metaspace       used 5848K, committed 6080K, reserved 491520K
  class space    used 784K, committed 896K, reserved 425984K
}
Event: 5.242 GC heap after
{Heap after GC invocations=3 (full 0):
 garbage-first heap   total 520192K, used 17320K [0x0000000080000000, 0x0000000100000000)
  region size 1024K, 7 young (7168K), 7 survivors (7168K)
 Metaspace       used 5848K, committed 6080K, reserved 491520K
  class space    used 784K, committed 896K, reserved 425984K
}
Event: 10.007 GC heap before
{Heap before GC invocations=3 (full 0):
 garbage-first heap   total 520192K, used 107432K [0x0000000080000000, 0x0000000100000000)
  region size 1024K, 96 young (98304K), 7 survivors (7168K)
 Metaspace       used 20847K, committed 21504K, reserved 491520K
  class space    used 3090K, committed 3392K, reserved 425984K
}
Event: 10.017 GC heap after
{Heap after GC invocations=4 (full 0):
 garbage-first heap   total 520192K, used 24002K [0x0000000080000000, 0x0000000100000000)
  region size 1024K, 14 young (14336K), 14 survivors (14336K)
 Metaspace       used 20847K, committed 21504K, reserved 491520K
  class space    used 3090K, committed 3392K, reserved 425984K
}

Dll operation events (15 events):
Event: 0.016 Loaded shared library C:\Users\FridaGutierrez\.vscode\extensions\redhat.java-1.55.0-win32-x64\jre\21.0.11-win32-x86_64\bin\java.dll
Event: 0.210 Loaded shared library C:\Users\FridaGutierrez\.vscode\extensions\redhat.java-1.55.0-win32-x64\jre\21.0.11-win32-x86_64\bin\zip.dll
Event: 0.291 Loaded shared library C:\Users\FridaGutierrez\.vscode\extensions\redhat.java-1.55.0-win32-x64\jre\21.0.11-win32-x86_64\bin\instrument.dll
Event: 0.321 Loaded shared library C:\Users\FridaGutierrez\.vscode\extensions\redhat.java-1.55.0-win32-x64\jre\21.0.11-win32-x86_64\bin\net.dll
Event: 0.329 Loaded shared library C:\Users\FridaGutierrez\.vscode\extensions\redhat.java-1.55.0-win32-x64\jre\21.0.11-win32-x86_64\bin\nio.dll
Event: 0.334 Loaded shared library C:\Users\FridaGutierrez\.vscode\extensions\redhat.java-1.55.0-win32-x64\jre\21.0.11-win32-x86_64\bin\zip.dll
Event: 1.287 Loaded shared library C:\Users\FridaGutierrez\.vscode\extensions\redhat.java-1.55.0-win32-x64\jre\21.0.11-win32-x86_64\bin\jimage.dll
Event: 1.723 Loaded shared library C:\Users\FridaGutierrez\.vscode\extensions\redhat.java-1.55.0-win32-x64\jre\21.0.11-win32-x86_64\bin\verify.dll
Event: 2.160 Loaded shared library C:\Users\FridaGutierrez\.gradle\native\1def1411415f61bf3af743bc5b6707747c0891f09f0c88961ee8f79bc544acac\windows-amd64\native-platform.dll
Event: 2.229 Loaded shared library C:\Users\FridaGutierrez\.gradle\native\0.2.5\x86_64-windows-gnu\gradle-fileevents.dll
Event: 5.298 Loaded shared library C:\Users\FridaGutierrez\.vscode\extensions\redhat.java-1.55.0-win32-x64\jre\21.0.11-win32-x86_64\bin\management.dll
Event: 5.303 Loaded shared library C:\Users\FridaGutierrez\.vscode\extensions\redhat.java-1.55.0-win32-x64\jre\21.0.11-win32-x86_64\bin\management_ext.dll
Event: 5.829 Loaded shared library C:\Users\FridaGutierrez\.vscode\extensions\redhat.java-1.55.0-win32-x64\jre\21.0.11-win32-x86_64\bin\extnet.dll
Event: 6.135 Loaded shared library C:\Users\FridaGutierrez\.vscode\extensions\redhat.java-1.55.0-win32-x64\jre\21.0.11-win32-x86_64\bin\sunmscapi.dll
Event: 8.145 Loaded shared library C:\Users\FridaGutierrez\AppData\Local\Temp\native-platform17778753918727052829dir\gradle-fileevents.dll

Deoptimization events (20 events):
Event: 8.324 Thread 0x000001faf066c870 Uncommon trap: trap_request=0xffffff45 fr.pc=0x000001fade57aa04 relative=0x0000000000000824
Event: 8.324 Thread 0x000001faf066c870 Uncommon trap: reason=unstable_if action=reinterpret pc=0x000001fade57aa04 method=java.util.ArrayList.grow(I)[Ljava/lang/Object; @ 17 c2
Event: 8.324 Thread 0x000001faf066c870 DEOPT PACKING pc=0x000001fade57aa04 sp=0x0000004a16ffd0d0
Event: 8.324 Thread 0x000001faf066c870 DEOPT UNPACKING pc=0x000001faddf74422 sp=0x0000004a16ffcf68 mode 2
Event: 8.389 Thread 0x000001faf066c870 Uncommon trap: trap_request=0xffffffcc fr.pc=0x000001fade612924 relative=0x0000000000000364
Event: 8.389 Thread 0x000001faf066c870 Uncommon trap: reason=intrinsic_or_type_checked_inlining action=make_not_entrant pc=0x000001fade612924 method=java.util.Arrays.copyOf([Ljava/lang/Object;ILjava/lang/Class;)[Ljava/lang/Object; @ 35 c2
Event: 8.389 Thread 0x000001faf066c870 DEOPT PACKING pc=0x000001fade612924 sp=0x0000004a16ffcea0
Event: 8.389 Thread 0x000001faf066c870 DEOPT UNPACKING pc=0x000001faddf74422 sp=0x0000004a16ffce30 mode 2
Event: 9.638 Thread 0x000001faf066c870 Uncommon trap: trap_request=0xffffff45 fr.pc=0x000001fade634750 relative=0x0000000000000130
Event: 9.638 Thread 0x000001faf066c870 Uncommon trap: reason=unstable_if action=reinterpret pc=0x000001fade634750 method=java.util.Arrays.equals([Ljava/lang/Object;[Ljava/lang/Object;)Z @ 44 c2
Event: 9.638 Thread 0x000001faf066c870 DEOPT PACKING pc=0x000001fade634750 sp=0x0000004a16ffb500
Event: 9.638 Thread 0x000001faf066c870 DEOPT UNPACKING pc=0x000001faddf74422 sp=0x0000004a16ffb4a0 mode 2
Event: 9.643 Thread 0x000001faf066c870 Uncommon trap: trap_request=0xffffff45 fr.pc=0x000001fade63b8e8 relative=0x0000000000000208
Event: 9.643 Thread 0x000001faf066c870 Uncommon trap: reason=unstable_if action=reinterpret pc=0x000001fade63b8e8 method=java.util.HashMap.getNode(Ljava/lang/Object;)Ljava/util/HashMap$Node; @ 131 c2
Event: 9.643 Thread 0x000001faf066c870 DEOPT PACKING pc=0x000001fade63b8e8 sp=0x0000004a16ffb5c0
Event: 9.643 Thread 0x000001faf066c870 DEOPT UNPACKING pc=0x000001faddf74422 sp=0x0000004a16ffb4e0 mode 2
Event: 9.643 Thread 0x000001faf066c870 Uncommon trap: trap_request=0xffffff45 fr.pc=0x000001fade6387bc relative=0x00000000000002dc
Event: 9.643 Thread 0x000001faf066c870 Uncommon trap: reason=unstable_if action=reinterpret pc=0x000001fade6387bc method=java.util.HashMap.getNode(Ljava/lang/Object;)Ljava/util/HashMap$Node; @ 131 c2
Event: 9.643 Thread 0x000001faf066c870 DEOPT PACKING pc=0x000001fade6387bc sp=0x0000004a16ffb560
Event: 9.643 Thread 0x000001faf066c870 DEOPT UNPACKING pc=0x000001faddf74422 sp=0x0000004a16ffb4e0 mode 2

Classes loaded (20 events):
Event: 8.984 Loading class java/io/ObjectOutput done
Event: 8.984 Loading class java/io/ObjectStreamConstants
Event: 8.984 Loading class java/io/ObjectStreamConstants done
Event: 8.984 Loading class java/io/ObjectOutputStream done
Event: 9.021 Loading class java/io/ObjectInputStream
Event: 9.022 Loading class java/io/ObjectInput
Event: 9.023 Loading class java/io/ObjectInput done
Event: 9.023 Loading class java/io/ObjectInputStream done
Event: 9.480 Loading class javax/xml/parsers/ParserConfigurationException
Event: 9.480 Loading class javax/xml/parsers/ParserConfigurationException done
Event: 9.480 Loading class org/xml/sax/SAXException
Event: 9.480 Loading class org/xml/sax/SAXException done
Event: 9.480 Loading class javax/xml/xpath/XPathExpressionException
Event: 9.480 Loading class javax/xml/xpath/XPathException
Event: 9.480 Loading class javax/xml/xpath/XPathException done
Event: 9.480 Loading class javax/xml/xpath/XPathExpressionException done
Event: 9.480 Loading class org/xml/sax/ErrorHandler
Event: 9.480 Loading class org/xml/sax/ErrorHandler done
Event: 9.717 Loading class java/lang/ThreadLocal$SuppliedThreadLocal
Event: 9.717 Loading class java/lang/ThreadLocal$SuppliedThreadLocal done

Classes unloaded (0 events):
No events

Classes redefined (0 events):
No events

Internal exceptions (20 events):
Event: 8.276 Thread 0x000001faf066c870 Exception <a 'java/lang/NoSuchMethodError'{0x000000009c11dfc0}: 'int java.lang.invoke.DirectMethodHandle$Holder.invokeStatic(java.lang.Object, java.lang.Object, java.lang.Object, java.lang.Object)'> (0x000000009c11dfc0) 
thrown [s\src\hotspot\share\interpreter\linkResolver.cpp, line 773]
Event: 8.381 Thread 0x000001faf066c870 Exception <a 'java/lang/NoSuchMethodError'{0x000000009bf7e488}: 'java.lang.Object java.lang.invoke.DelegatingMethodHandle$Holder.reinvoke_L(java.lang.Object, java.lang.Object, java.lang.Object, java.lang.Object, java.lang.Object, java.lang.Object, java.lang.Object, java.lang.Object, java.lang.Object, java.lang.Object, java.lang.Object, java.lang.Object, java.lang.Object, java.lang.Object, java.lang.Object, java.lang.Object, java.lang.Object, java.lang.Object, java.lang.Object, java.lang.Object, java.lang.O
Event: 8.388 Thread 0x000001faf066c870 Exception <a 'java/lang/NoSuchMethodError'{0x000000009bfeda80}: 'java.lang.Object java.lang.invoke.DirectMethodHandle$Holder.invokeStatic(java.lang.Object, java.lang.Object, java.lang.Object, java.lang.Object, java.lang.Object, java.lang.Object, java.lang.Object, java.lang.Object, java.lang.Object, java.lang.Object, java.lang.Object, java.lang.Object, java.lang.Object, java.lang.Object, java.lang.Object, java.lang.Object, java.lang.Object)'> (0x000000009bfeda80) 
thrown [s\src\hotspot\share\interpreter\lin
Event: 8.390 Thread 0x000001faf066c870 Exception <a 'java/lang/NoSuchMethodError'{0x000000009be16ab8}: 'java.lang.Object java.lang.invoke.DirectMethodHandle$Holder.invokeStatic(java.lang.Object, java.lang.Object, java.lang.Object, java.lang.Object, java.lang.Object, java.lang.Object, java.lang.Object, java.lang.Object, java.lang.Object, java.lang.Object, java.lang.Object, java.lang.Object, java.lang.Object, java.lang.Object, java.lang.Object, java.lang.Object, java.lang.Object, java.lang.Object)'> (0x000000009be16ab8) 
thrown [s\src\hotspot\sha
Event: 8.393 Thread 0x000001faf066c870 Exception <a 'java/lang/NoSuchMethodError'{0x000000009be40cf8}: 'java.lang.Object java.lang.invoke.DirectMethodHandle$Holder.invokeStatic(java.lang.Object, java.lang.Object, java.lang.Object, java.lang.Object, java.lang.Object, java.lang.Object, java.lang.Object, java.lang.Object, java.lang.Object, java.lang.Object, java.lang.Object, java.lang.Object, java.lang.Object, java.lang.Object, java.lang.Object, java.lang.Object, java.lang.Object, java.lang.Object, java.lang.Object)'> (0x000000009be40cf8) 
thrown 
Event: 8.396 Thread 0x000001faf066c870 Exception <a 'java/lang/NoSuchMethodError'{0x000000009be6c3b8}: 'java.lang.Object java.lang.invoke.DirectMethodHandle$Holder.invokeStatic(java.lang.Object, java.lang.Object, java.lang.Object, java.lang.Object, java.lang.Object, java.lang.Object, java.lang.Object, java.lang.Object, java.lang.Object, java.lang.Object, java.lang.Object, java.lang.Object, java.lang.Object, java.lang.Object, java.lang.Object, java.lang.Object, java.lang.Object, java.lang.Object, java.lang.Object, java.lang.Object)'> (0x00000000
Event: 8.398 Thread 0x000001faf066c870 Exception <a 'java/lang/NoSuchMethodError'{0x000000009be98ed8}: 'java.lang.Object java.lang.invoke.DirectMethodHandle$Holder.invokeStatic(java.lang.Object, java.lang.Object, java.lang.Object, java.lang.Object, java.lang.Object, java.lang.Object, java.lang.Object, java.lang.Object, java.lang.Object, java.lang.Object, java.lang.Object, java.lang.Object, java.lang.Object, java.lang.Object, java.lang.Object, java.lang.Object, java.lang.Object, java.lang.Object, java.lang.Object, java.lang.Object, java.lang.Obj
Event: 8.421 Thread 0x000001faf066c870 Exception <a 'java/lang/NoSuchMethodError'{0x000000009bec6980}: 'java.lang.Object java.lang.invoke.DirectMethodHandle$Holder.invokeStatic(java.lang.Object, java.lang.Object, java.lang.Object, java.lang.Object, java.lang.Object, java.lang.Object, java.lang.Object, java.lang.Object, java.lang.Object, java.lang.Object, java.lang.Object, java.lang.Object, java.lang.Object, java.lang.Object, java.lang.Object, java.lang.Object, java.lang.Object, java.lang.Object, java.lang.Object, java.lang.Object, java.lang.Obj
Event: 8.465 Thread 0x000001faf066c870 Exception <a 'java/lang/NoSuchMethodError'{0x000000009bef54b8}: 'java.lang.Object java.lang.invoke.DirectMethodHandle$Holder.invokeStatic(java.lang.Object, java.lang.Object, java.lang.Object, java.lang.Object, java.lang.Object, java.lang.Object, java.lang.Object, java.lang.Object, java.lang.Object, java.lang.Object, java.lang.Object, java.lang.Object, java.lang.Object, java.lang.Object, java.lang.Object, java.lang.Object, java.lang.Object, java.lang.Object, java.lang.Object, java.lang.Object, java.lang.Obj
Event: 8.467 Thread 0x000001faf066c870 Exception <a 'java/lang/NoSuchMethodError'{0x000000009bd24df0}: 'java.lang.Object java.lang.invoke.DirectMethodHandle$Holder.invokeStatic(java.lang.Object, java.lang.Object, java.lang.Object, java.lang.Object, java.lang.Object, java.lang.Object, java.lang.Object, java.lang.Object, java.lang.Object, java.lang.Object, java.lang.Object, java.lang.Object, java.lang.Object, java.lang.Object, java.lang.Object, java.lang.Object, java.lang.Object, java.lang.Object, java.lang.Object, java.lang.Object, java.lang.Obj
Event: 8.470 Thread 0x000001faf066c870 Exception <a 'java/lang/NoSuchMethodError'{0x000000009bd558c0}: 'java.lang.Object java.lang.invoke.DirectMethodHandle$Holder.invokeStatic(java.lang.Object, java.lang.Object, java.lang.Object, java.lang.Object, java.lang.Object, java.lang.Object, java.lang.Object, java.lang.Object, java.lang.Object, java.lang.Object, java.lang.Object, java.lang.Object, java.lang.Object, java.lang.Object, java.lang.Object, java.lang.Object, java.lang.Object, java.lang.Object, java.lang.Object, java.lang.Object, java.lang.Obj
Event: 8.474 Thread 0x000001faf066c870 Exception <a 'java/lang/NoSuchMethodError'{0x000000009bd869f8}: 'java.lang.Object java.lang.invoke.DirectMethodHandle$Holder.invokeStatic(java.lang.Object, java.lang.Object, java.lang.Object, java.lang.Object, java.lang.Object, java.lang.Object, java.lang.Object, java.lang.Object, java.lang.Object, java.lang.Object, java.lang.Object, java.lang.Object, java.lang.Object, java.lang.Object, java.lang.Object, java.lang.Object, java.lang.Object, java.lang.Object, java.lang.Object, java.lang.Object, java.lang.Obj
Event: 8.476 Thread 0x000001faf066c870 Exception <a 'java/lang/NoSuchMethodError'{0x000000009bdb94b8}: 'java.lang.Object java.lang.invoke.DirectMethodHandle$Holder.invokeStatic(java.lang.Object, java.lang.Object, java.lang.Object, java.lang.Object, java.lang.Object, java.lang.Object, java.lang.Object, java.lang.Object, java.lang.Object, java.lang.Object, java.lang.Object, java.lang.Object, java.lang.Object, java.lang.Object, java.lang.Object, java.lang.Object, java.lang.Object, java.lang.Object, java.lang.Object, java.lang.Object, java.lang.Obj
Event: 8.954 Thread 0x000001faf066c870 Exception <a 'java/lang/IncompatibleClassChangeError'{0x000000009b4e59b8}: Found class java.lang.Object, but interface was expected> (0x000000009b4e59b8) 
thrown [s\src\hotspot\share\interpreter\linkResolver.cpp, line 840]
Event: 8.965 Thread 0x000001faf066c870 Exception <a 'java/lang/NoSuchMethodError'{0x000000009b3134e0}: 'java.lang.Object java.lang.invoke.DirectMethodHandle$Holder.newInvokeSpecial(java.lang.Object, java.lang.Object, java.lang.Object, java.lang.Object, java.lang.Object, java.lang.Object, java.lang.Object, java.lang.Object, java.lang.Object, java.lang.Object)'> (0x000000009b3134e0) 
thrown [s\src\hotspot\share\interpreter\linkResolver.cpp, line 773]
Event: 9.059 Thread 0x000001faf066c870 Exception <a 'java/lang/NoSuchMethodError'{0x000000009b25daa8}: 'java.lang.Object java.lang.invoke.DirectMethodHandle$Holder.newInvokeSpecial(java.lang.Object, java.lang.Object, java.lang.Object, java.lang.Object, java.lang.Object, java.lang.Object, java.lang.Object, java.lang.Object)'> (0x000000009b25daa8) 
thrown [s\src\hotspot\share\interpreter\linkResolver.cpp, line 773]
Event: 9.096 Thread 0x000001faf066c870 Exception <a 'java/lang/NoSuchMethodError'{0x000000009b13c390}: 'int java.lang.invoke.DirectMethodHandle$Holder.invokeStaticInit(java.lang.Object, java.lang.Object, java.lang.Object)'> (0x000000009b13c390) 
thrown [s\src\hotspot\share\interpreter\linkResolver.cpp, line 773]
Event: 9.311 Thread 0x000001faf066c870 Exception <a 'java/lang/NoSuchMethodError'{0x000000009ab02eb0}: 'java.lang.Object java.lang.invoke.DirectMethodHandle$Holder.invokeVirtual(java.lang.Object, java.lang.Object, java.lang.Object, java.lang.Object, java.lang.Object, java.lang.Object, java.lang.Object, java.lang.Object, java.lang.Object, java.lang.Object, java.lang.Object, java.lang.Object, java.lang.Object, java.lang.Object, java.lang.Object, java.lang.Object, java.lang.Object, java.lang.Object, java.lang.Object, java.lang.Object, java.lang.Ob
Event: 9.668 Thread 0x000001faf066c870 Exception <a 'java/lang/NoSuchMethodError'{0x000000009a3358e8}: 'java.lang.Object java.lang.invoke.DirectMethodHandle$Holder.newInvokeSpecial(java.lang.Object, java.lang.Object, java.lang.Object, java.lang.Object, java.lang.Object, java.lang.Object, java.lang.Object)'> (0x000000009a3358e8) 
thrown [s\src\hotspot\share\interpreter\linkResolver.cpp, line 773]
Event: 9.782 Thread 0x000001faf066c870 Exception <a 'java/lang/NoSuchMethodError'{0x000000009a117078}: 'java.lang.Object java.lang.invoke.DirectMethodHandle$Holder.invokeVirtual(java.lang.Object, java.lang.Object, java.lang.Object, java.lang.Object, java.lang.Object, java.lang.Object, java.lang.Object, java.lang.Object, java.lang.Object, java.lang.Object, java.lang.Object)'> (0x000000009a117078) 
thrown [s\src\hotspot\share\interpreter\linkResolver.cpp, line 773]

ZGC Phase Switch (0 events):
No events

VM Operations (20 events):
Event: 5.778 Executing non-safepoint VM operation: HandshakeAllThreads (Deoptimize) done
Event: 5.996 Executing non-safepoint VM operation: HandshakeAllThreads (Deoptimize)
Event: 5.996 Executing non-safepoint VM operation: HandshakeAllThreads (Deoptimize) done
Event: 6.104 Executing non-safepoint VM operation: HandshakeAllThreads (Deoptimize)
Event: 6.104 Executing non-safepoint VM operation: HandshakeAllThreads (Deoptimize) done
Event: 6.457 Executing safepoint VM operation: ICBufferFull
Event: 6.457 Executing safepoint VM operation: ICBufferFull done
Event: 7.436 Executing non-safepoint VM operation: HandshakeAllThreads (Deoptimize)
Event: 7.436 Executing non-safepoint VM operation: HandshakeAllThreads (Deoptimize) done
Event: 8.447 Executing safepoint VM operation: Cleanup
Event: 8.462 Executing safepoint VM operation: Cleanup done
Event: 8.488 Executing non-safepoint VM operation: HandshakeAllThreads (Deoptimize)
Event: 8.488 Executing non-safepoint VM operation: HandshakeAllThreads (Deoptimize) done
Event: 8.489 Executing non-safepoint VM operation: HandshakeAllThreads (Deoptimize)
Event: 8.489 Executing non-safepoint VM operation: HandshakeAllThreads (Deoptimize) done
Event: 9.492 Executing safepoint VM operation: Cleanup
Event: 9.492 Executing safepoint VM operation: Cleanup done
Event: 10.007 Executing safepoint VM operation: CollectForMetadataAllocation (Metadata GC Threshold)
Event: 10.017 Executing safepoint VM operation: CollectForMetadataAllocation (Metadata GC Threshold) done
Event: 10.029 Executing safepoint VM operation: G1PauseRemark

Memory protections (0 events):
No events

Nmethod flushes (0 events):
No events

Events (20 events):
Event: 0.376 Thread 0x000001fad150d6d0 Thread added: 0x000001faeb34ba10
Event: 2.602 Thread 0x000001faeb13cb70 Thread added: 0x000001faf0488250
Event: 3.547 Thread 0x000001faf0488250 Thread exited: 0x000001faf0488250
Event: 5.162 Thread 0x000001faeb13cb70 Thread added: 0x000001faf0cc5c50
Event: 5.392 Thread 0x000001faf0cc5c50 Thread exited: 0x000001faf0cc5c50
Event: 5.397 Thread 0x000001fad150d6d0 Thread added: 0x000001faf0cc5c50
Event: 5.921 Thread 0x000001fad150d6d0 Thread added: 0x000001faf0ea20e0
Event: 5.974 Thread 0x000001faeb13cb70 Thread added: 0x000001faf0eb54c0
Event: 6.096 Thread 0x000001fad150d6d0 Thread added: 0x000001faf0440c80
Event: 6.203 Thread 0x000001faf0ea20e0 Thread added: 0x000001faf0689b50
Event: 6.224 Thread 0x000001faf0689b50 Thread added: 0x000001faf068a1c0
Event: 6.374 Thread 0x000001faf0689b50 Thread added: 0x000001faf00173e0
Event: 6.387 Thread 0x000001faf0689b50 Thread added: 0x000001faf066c870
Event: 6.435 Thread 0x000001faf066c870 Thread added: 0x000001faebb90a70
Event: 6.441 Thread 0x000001faf066c870 Thread added: 0x000001faebb91100
Event: 6.445 Thread 0x000001faf066c870 Thread added: 0x000001faebb924b0
Event: 6.664 Thread 0x000001faf0eb54c0 Thread exited: 0x000001faf0eb54c0
Event: 7.438 Thread 0x000001faf066c870 Thread added: 0x000001faebb91e20
Event: 7.452 Thread 0x000001faf066c870 Thread added: 0x000001faebb92b40
Event: 7.510 Thread 0x000001faf066c870 Thread added: 0x000001faebb8fd50


Dynamic libraries:
0x00007ff709990000 - 0x00007ff70999e000 	C:\Users\FridaGutierrez\.vscode\extensions\redhat.java-1.55.0-win32-x64\jre\21.0.11-win32-x86_64\bin\java.exe
0x00007ff91f350000 - 0x00007ff91f548000 	C:\Windows\SYSTEM32\ntdll.dll
0x00007ff91e9c0000 - 0x00007ff91ea82000 	C:\Windows\System32\KERNEL32.DLL
0x00007ff91ccc0000 - 0x00007ff91cfb6000 	C:\Windows\System32\KERNELBASE.dll
0x00007ff916ab0000 - 0x00007ff916b44000 	C:\Windows\SYSTEM32\apphelp.dll
0x00007ff91ca70000 - 0x00007ff91cb70000 	C:\Windows\System32\ucrtbase.dll
0x00007ff8fc0e0000 - 0x00007ff8fc0f8000 	C:\Users\FridaGutierrez\.vscode\extensions\redhat.java-1.55.0-win32-x64\jre\21.0.11-win32-x86_64\bin\jli.dll
0x00007ff91e2f0000 - 0x00007ff91e491000 	C:\Windows\System32\USER32.dll
0x00007ff91d130000 - 0x00007ff91d152000 	C:\Windows\System32\win32u.dll
0x00007ff91d370000 - 0x00007ff91d39b000 	C:\Windows\System32\GDI32.dll
0x00007ff91cfc0000 - 0x00007ff91d0d9000 	C:\Windows\System32\gdi32full.dll
0x00007ff91cb70000 - 0x00007ff91cc0d000 	C:\Windows\System32\msvcp_win.dll
0x00007ff8f9dc0000 - 0x00007ff8f9dde000 	C:\Users\FridaGutierrez\.vscode\extensions\redhat.java-1.55.0-win32-x64\jre\21.0.11-win32-x86_64\bin\VCRUNTIME140.dll
0x00007ff9094a0000 - 0x00007ff90973b000 	C:\Windows\WinSxS\amd64_microsoft.windows.common-controls_6595b64144ccf1df_6.0.19041.6456_none_60b8a6cb71f64256\COMCTL32.dll
0x00007ff91eca0000 - 0x00007ff91ed3e000 	C:\Windows\System32\msvcrt.dll
0x00007ff91f180000 - 0x00007ff91f1af000 	C:\Windows\System32\IMM32.DLL
0x00007ff914200000 - 0x00007ff91420c000 	C:\Users\FridaGutierrez\.vscode\extensions\redhat.java-1.55.0-win32-x64\jre\21.0.11-win32-x86_64\bin\vcruntime140_1.dll
0x00007ff8f5050000 - 0x00007ff8f50dd000 	C:\Users\FridaGutierrez\.vscode\extensions\redhat.java-1.55.0-win32-x64\jre\21.0.11-win32-x86_64\bin\msvcp140.dll
0x00007ff8a1b10000 - 0x00007ff8a28b2000 	C:\Users\FridaGutierrez\.vscode\extensions\redhat.java-1.55.0-win32-x64\jre\21.0.11-win32-x86_64\bin\server\jvm.dll
0x00007ff91e4a0000 - 0x00007ff91e551000 	C:\Windows\System32\ADVAPI32.dll
0x00007ff91e1a0000 - 0x00007ff91e23f000 	C:\Windows\System32\sechost.dll
0x00007ff91e780000 - 0x00007ff91e8a0000 	C:\Windows\System32\RPCRT4.dll
0x00007ff91cc10000 - 0x00007ff91cc37000 	C:\Windows\System32\bcrypt.dll
0x00007ff91e690000 - 0x00007ff91e6fb000 	C:\Windows\System32\WS2_32.dll
0x00007ff91c570000 - 0x00007ff91c5bb000 	C:\Windows\SYSTEM32\POWRPROF.dll
0x00007ff909760000 - 0x00007ff909787000 	C:\Windows\SYSTEM32\WINMM.dll
0x00007ff9165f0000 - 0x00007ff9165fa000 	C:\Windows\SYSTEM32\VERSION.dll
0x00007ff91c530000 - 0x00007ff91c542000 	C:\Windows\SYSTEM32\UMPDC.dll
0x00007ff91aff0000 - 0x00007ff91b002000 	C:\Windows\SYSTEM32\kernel.appcore.dll
0x00007ff9141a0000 - 0x00007ff9141aa000 	C:\Users\FridaGutierrez\.vscode\extensions\redhat.java-1.55.0-win32-x64\jre\21.0.11-win32-x86_64\bin\jimage.dll
0x00007ff91a340000 - 0x00007ff91a541000 	C:\Windows\SYSTEM32\DBGHELP.DLL
0x00007ff907b30000 - 0x00007ff907b64000 	C:\Windows\SYSTEM32\dbgcore.DLL
0x00007ff91c9e0000 - 0x00007ff91ca62000 	C:\Windows\System32\bcryptPrimitives.dll
0x00007ff8f6de0000 - 0x00007ff8f6def000 	C:\Users\FridaGutierrez\.vscode\extensions\redhat.java-1.55.0-win32-x64\jre\21.0.11-win32-x86_64\bin\instrument.dll
0x00007ff8f9d30000 - 0x00007ff8f9d50000 	C:\Users\FridaGutierrez\.vscode\extensions\redhat.java-1.55.0-win32-x64\jre\21.0.11-win32-x86_64\bin\java.dll
0x00007ff91d410000 - 0x00007ff91db80000 	C:\Windows\System32\SHELL32.dll
0x00007ff91a830000 - 0x00007ff91afd5000 	C:\Windows\SYSTEM32\windows.storage.dll
0x00007ff91ed40000 - 0x00007ff91f094000 	C:\Windows\System32\combase.dll
0x00007ff91c250000 - 0x00007ff91c27b000 	C:\Windows\SYSTEM32\Wldp.dll
0x00007ff91dc60000 - 0x00007ff91dd2d000 	C:\Windows\System32\OLEAUT32.dll
0x00007ff91f260000 - 0x00007ff91f30d000 	C:\Windows\System32\SHCORE.dll
0x00007ff91ea90000 - 0x00007ff91eaeb000 	C:\Windows\System32\shlwapi.dll
0x00007ff91c910000 - 0x00007ff91c934000 	C:\Windows\SYSTEM32\profapi.dll
0x00007ff8f9d10000 - 0x00007ff8f9d28000 	C:\Users\FridaGutierrez\.vscode\extensions\redhat.java-1.55.0-win32-x64\jre\21.0.11-win32-x86_64\bin\zip.dll
0x00007ff8f9cd0000 - 0x00007ff8f9ce0000 	C:\Users\FridaGutierrez\.vscode\extensions\redhat.java-1.55.0-win32-x64\jre\21.0.11-win32-x86_64\bin\net.dll
0x00007ff915ee0000 - 0x00007ff915fea000 	C:\Windows\SYSTEM32\WINHTTP.dll
0x00007ff91c030000 - 0x00007ff91c09a000 	C:\Windows\system32\mswsock.dll
0x00007ff8f9cb0000 - 0x00007ff8f9cc6000 	C:\Users\FridaGutierrez\.vscode\extensions\redhat.java-1.55.0-win32-x64\jre\21.0.11-win32-x86_64\bin\nio.dll
0x00007ff8f9c00000 - 0x00007ff8f9c10000 	C:\Users\FridaGutierrez\.vscode\extensions\redhat.java-1.55.0-win32-x64\jre\21.0.11-win32-x86_64\bin\verify.dll
0x00007ff8f4f50000 - 0x00007ff8f4f77000 	C:\Users\FridaGutierrez\.gradle\native\1def1411415f61bf3af743bc5b6707747c0891f09f0c88961ee8f79bc544acac\windows-amd64\native-platform.dll
0x0000000061970000 - 0x00000000619e3000 	C:\Users\FridaGutierrez\.gradle\native\0.2.5\x86_64-windows-gnu\gradle-fileevents.dll
0x00007ff8f6d50000 - 0x00007ff8f6d5a000 	C:\Users\FridaGutierrez\.vscode\extensions\redhat.java-1.55.0-win32-x64\jre\21.0.11-win32-x86_64\bin\management.dll
0x00007ff8f6020000 - 0x00007ff8f602c000 	C:\Users\FridaGutierrez\.vscode\extensions\redhat.java-1.55.0-win32-x64\jre\21.0.11-win32-x86_64\bin\management_ext.dll
0x00007ff91d400000 - 0x00007ff91d408000 	C:\Windows\System32\PSAPI.DLL
0x00007ff91c290000 - 0x00007ff91c2a8000 	C:\Windows\SYSTEM32\CRYPTSP.dll
0x00007ff91b970000 - 0x00007ff91b9a8000 	C:\Windows\system32\rsaenh.dll
0x00007ff91c890000 - 0x00007ff91c8be000 	C:\Windows\SYSTEM32\USERENV.dll
0x00007ff91c1c0000 - 0x00007ff91c1cc000 	C:\Windows\SYSTEM32\CRYPTBASE.dll
0x00007ff91bd30000 - 0x00007ff91bd6b000 	C:\Windows\SYSTEM32\IPHLPAPI.DLL
0x00007ff91e700000 - 0x00007ff91e708000 	C:\Windows\System32\NSI.dll
0x00007ff8f53d0000 - 0x00007ff8f53d9000 	C:\Users\FridaGutierrez\.vscode\extensions\redhat.java-1.55.0-win32-x64\jre\21.0.11-win32-x86_64\bin\extnet.dll
0x00007ff8f5200000 - 0x00007ff8f520e000 	C:\Users\FridaGutierrez\.vscode\extensions\redhat.java-1.55.0-win32-x64\jre\21.0.11-win32-x86_64\bin\sunmscapi.dll
0x00007ff91d160000 - 0x00007ff91d2bd000 	C:\Windows\System32\CRYPT32.dll
0x00007ff91c410000 - 0x00007ff91c437000 	C:\Windows\SYSTEM32\ncrypt.dll
0x00007ff91c360000 - 0x00007ff91c39b000 	C:\Windows\SYSTEM32\NTASN1.dll
0x00007ff8a49e0000 - 0x00007ff8a49e7000 	C:\Windows\system32\wshunix.dll
0x0000000061870000 - 0x00000000618e3000 	C:\Users\FridaGutierrez\AppData\Local\Temp\native-platform17778753918727052829dir\gradle-fileevents.dll

JVMTI agents:
C:\Users\FridaGutierrez\.gradle\wrapper\dists\gradle-8.12-all\ejduaidbjup3bmmkhw3rie4zb\gradle-8.12\lib\agents\gradle-instrumentation-agent-8.12.jar path:C:\Users\FridaGutierrez\.vscode\extensions\redhat.java-1.55.0-win32-x64\jre\21.0.11-win32-x86_64\bin\instrument.dll, loaded, initialized, instrumentlib options:none

dbghelp: loaded successfully - version: 4.0.5 - missing functions: none
symbol engine: initialized successfully - sym options: 0x614 - pdb path: .;C:\Users\FridaGutierrez\.vscode\extensions\redhat.java-1.55.0-win32-x64\jre\21.0.11-win32-x86_64\bin;C:\Windows\SYSTEM32;C:\Windows\WinSxS\amd64_microsoft.windows.common-controls_6595b64144ccf1df_6.0.19041.6456_none_60b8a6cb71f64256;C:\Users\FridaGutierrez\.vscode\extensions\redhat.java-1.55.0-win32-x64\jre\21.0.11-win32-x86_64\bin\server;C:\Users\FridaGutierrez\.gradle\native\1def1411415f61bf3af743bc5b6707747c0891f09f0c88961ee8f79bc544acac\windows-amd64;C:\Users\FridaGutierrez\.gradle\native\0.2.5\x86_64-windows-gnu;C:\Users\FridaGutierrez\AppData\Local\Temp\native-platform17778753918727052829dir

VM Arguments:
jvm_args: --add-opens=java.base/java.lang=ALL-UNNAMED --add-opens=java.base/java.lang.invoke=ALL-UNNAMED --add-opens=java.base/java.util=ALL-UNNAMED --add-opens=java.prefs/java.util.prefs=ALL-UNNAMED --add-exports=jdk.compiler/com.sun.tools.javac.api=ALL-UNNAMED --add-exports=jdk.compiler/com.sun.tools.javac.util=ALL-UNNAMED --add-opens=java.base/java.util=ALL-UNNAMED --add-opens=java.prefs/java.util.prefs=ALL-UNNAMED --add-opens=java.base/java.nio.charset=ALL-UNNAMED --add-opens=java.base/java.net=ALL-UNNAMED --add-opens=java.base/java.util.concurrent.atomic=ALL-UNNAMED --add-opens=java.xml/javax.xml.namespace=ALL-UNNAMED -XX:MaxMetaspaceSize=512m -Xmx2048m -Dfile.encoding=UTF-8 -Duser.country=US -Duser.language=en -Duser.variant -javaagent:C:\Users\FridaGutierrez\.gradle\wrapper\dists\gradle-8.12-all\ejduaidbjup3bmmkhw3rie4zb\gradle-8.12\lib\agents\gradle-instrumentation-agent-8.12.jar 
java_command: org.gradle.launcher.daemon.bootstrap.GradleDaemon 8.12
java_class_path (initial): C:\Users\FridaGutierrez\.gradle\wrapper\dists\gradle-8.12-all\ejduaidbjup3bmmkhw3rie4zb\gradle-8.12\lib\gradle-daemon-main-8.12.jar
Launcher Type: SUN_STANDARD

[Global flags]
     intx CICompilerCount                          = 4                                         {product} {ergonomic}
   size_t CompressedClassSpaceSize                 = 436207616                                 {product} {ergonomic}
     uint ConcGCThreads                            = 2                                         {product} {ergonomic}
     uint G1ConcRefinementThreads                  = 8                                         {product} {ergonomic}
   size_t G1HeapRegionSize                         = 1048576                                   {product} {ergonomic}
    uintx GCDrainStackTargetSize                   = 64                                        {product} {ergonomic}
   size_t InitialHeapSize                          = 532676608                                 {product} {ergonomic}
   size_t MarkStackSize                            = 4194304                                   {product} {ergonomic}
   size_t MaxHeapSize                              = 2147483648                                {product} {command line}
   size_t MaxMetaspaceSize                         = 536870912                                 {product} {command line}
   size_t MaxNewSize                               = 1287651328                                {product} {ergonomic}
   size_t MinHeapDeltaBytes                        = 1048576                                   {product} {ergonomic}
   size_t MinHeapSize                              = 8388608                                   {product} {ergonomic}
    uintx NonNMethodCodeHeapSize                   = 5839372                                {pd product} {ergonomic}
    uintx NonProfiledCodeHeapSize                  = 122909434                              {pd product} {ergonomic}
    uintx ProfiledCodeHeapSize                     = 122909434                              {pd product} {ergonomic}
    uintx ReservedCodeCacheSize                    = 251658240                              {pd product} {ergonomic}
     bool SegmentedCodeCache                       = true                                      {product} {ergonomic}
   size_t SoftMaxHeapSize                          = 2147483648                             {manageable} {ergonomic}
     bool UseCompressedOops                        = true                           {product lp64_product} {ergonomic}
     bool UseG1GC                                  = true                                      {product} {ergonomic}
     bool UseLargePagesIndividualAllocation        = false                                  {pd product} {ergonomic}

Logging:
Log output configuration:
 #0: stdout all=warning uptime,level,tags foldmultilines=false
 #1: stderr all=off uptime,level,tags foldmultilines=false

Release file:
JAVA_VERSION="21.0.11" 
MODULES="java.base java.compiler java.datatransfer java.xml java.prefs java.desktop java.instrument java.logging java.management java.security.sasl java.naming java.rmi java.management.rmi java.net.http java.scripting java.security.jgss java.transaction.xa java.sql java.sql.rowset java.xml.crypto java.se java.smartcardio jdk.accessibility jdk.internal.jvmstat jdk.attach jdk.charsets jdk.internal.opt jdk.zipfs jdk.compiler jdk.crypto.ec jdk.crypto.cryptoki jdk.crypto.mscapi jdk.dynalink jdk.internal.ed jdk.editpad jdk.hotspot.agent jdk.httpserver jdk.internal.le jdk.internal.vm.ci jdk.internal.vm.compiler jdk.internal.vm.compiler.management jdk.jartool jdk.javadoc jdk.jcmd jdk.management jdk.management.agent jdk.jconsole jdk.jdeps jdk.jdwp.agent jdk.jdi jdk.jfr jdk.jshell jdk.jsobject jdk.jstatd jdk.localedata jdk.management.jfr jdk.naming.dns jdk.naming.rmi jdk.net jdk.nio.mapmode jdk.random jdk.sctp jdk.security.auth jdk.security.jgss jdk.unsupported jdk.unsupported.desktop jdk.xml.dom" 

Environment Variables:
JAVA_HOME=C:\Program Files\Microsoft\jdk-17.0.14.7-hotspot\
PATH=C:\Program Files\Eclipse Foundation\jdk-8.0.302.8-hotspot\bin;C:\Program Files\Microsoft\jdk-17.0.14.7-hotspot\bin;C:\Python313\Scripts\;C:\Python313\;C:\Python311\Scripts\;C:\Python311\;C:\Program Files\Common Files\Oracle\Java\javapath;C:\Python27\;C:\Python27\Scripts;C:\Windows\system32;C:\Windows;C:\Windows\System32\Wbem;C:\Windows\System32\WindowsPowerShell\v1.0\;C:\Windows\System32\OpenSSH\;C:\ProgramData\chocolatey\bin;C:\Users\FridaGutierrez\AppData\Local\Android\Sdk\platform-tools;C:\Users\FridaGutierrez\AppData\Local\Android\Sdk\emulator;C:\Program Files (x86)\IVI Foundation\VISA\WinNT\Bin\;C:\Program Files\IVI Foundation\VISA\Win64\Bin\;C:\Program Files (x86)\IVI Foundation\IVI\Bin\;C:\Program Files\IVI Foundation\IVI\Bin\;C:\Program Files (x86)\IVI Foundation\VISA\WinNT\Bin;C:\Program Files\Git\cmd;C:\Program Files\dotnet\;C:\Program Files\Microsoft SQL Server\Client SDK\ODBC\170\Tools\Binn\;C:\Program Files\Azure Data Studio\bin;C:\Program Files (x86)\Microsoft SQL Server\160\Tools\Binn\;C:\Program Files\Microsoft SQL Server\160\Tools\Binn\;C:\Program Files\Microsoft SQL Server\160\DTS\Binn\;C:\Program Files (x86)\Microsoft SQL Server\160\DTS\Binn\;C:\Program Files\Microsoft SQL Server\150\Tools\Binn\;C:\Program Files\Microsoft SQL Server\130\Tools\Binn\;C:\Program Files\nodejs\;C:\Program Files\Microsoft SQL Server\170\Tools\Binn\;C:\Users\FridaGutierrez\AppData\Local\Android\Sdk\tools;C:\Users\FridaGutierrez\AppData\Local\Microsoft\WindowsApps;C:\Users\FridaGutierrez\AppData\Local\Programs\Microsoft VS Code\bin;C:\Users\FridaGutierrez\AppData\Android\Sdk\platform-tools;C:\Users\FridaGutierrez\.dotnet\tools;C:\Program Files\Azure Data Studio\bin;C:\Gradle\gradle-8.1.1\bin;C:\Users\FridaGutierrez\AppData\Local\JetBrains\Toolbox\scripts;C:\Users\FridaGutierrez\.dotnet\tools;C:\Users\FridaGutierrez\AppData\Roaming\npm
USERNAME=FridaGutierrez
OS=Windows_NT
PROCESSOR_IDENTIFIER=Intel64 Family 6 Model 94 Stepping 3, GenuineIntel
TMP=C:\Users\FRIDAG~1\AppData\Local\Temp
TEMP=C:\Users\FRIDAG~1\AppData\Local\Temp




Periodic native trim disabled

---------------  S Y S T E M  ---------------

OS:
 Windows 10 , 64 bit Build 19041 (10.0.19041.5915)
OS uptime: 10 days 22:19 hours
Hyper-V role detected

CPU: total 8 (initial active 8) (4 cores per cpu, 2 threads per core) family 6 model 94 stepping 3 microcode 0xf2, cx8, cmov, fxsr, ht, mmx, 3dnowpref, sse, sse2, sse3, ssse3, sse4.1, sse4.2, popcnt, lzcnt, tsc, tscinvbit, avx, avx2, aes, erms, clmul, bmi1, bmi2, rtm, adx, fma, vzeroupper, clflush, clflushopt, hv, rdtscp, f16c
Processor Information for the first 8 processors :
  Max Mhz: 3408, Current Mhz: 3408, Mhz Limit: 3408

Memory: 4k page, system-wide physical 32475M (273M free)
TotalPageFile size 130779M (AvailPageFile size 387M)
current process WorkingSet (physical memory assigned to process): 189M, peak: 239M
current process commit charge ("private bytes"): 284M, peak: 677M

vm_info: OpenJDK 64-Bit Server VM (21.0.11+10-LTS) for windows-amd64 JRE (21.0.11+10-LTS), built on 2026-04-21T00:00:00Z by "admin" with MS VC++ 17.12 (VS2022)

END.
