#
# There is insufficient memory for the Java Runtime Environment to continue.
# Native memory allocation (malloc) failed to allocate 1048576 bytes. Error detail: AllocateHeap
# Possible reasons:
#   The system is out of physical RAM or swap space
#   This process is running with CompressedOops enabled, and the Java Heap may be blocking the growth of the native heap
# Possible solutions:
#   Reduce memory load on the system
#   Increase physical memory or swap space
#   Check if swap backing store is full
#   Decrease Java heap size (-Xmx/-Xms)
#   Decrease number of Java threads
#   Decrease Java thread stack sizes (-Xss)
#   Set larger code cache with -XX:ReservedCodeCacheSize=
#   JVM is running with Unscaled Compressed Oops mode in which the Java heap is
#     placed in the first 4GB address space. The Java Heap base address is the
#     maximum limit for the native heap growth. Please use -XX:HeapBaseMinAddress
#     to set the Java Heap base and to place the Java Heap above 4GB virtual address.
# This output file may be truncated or incomplete.
#
#  Out of Memory Error (allocation.cpp:44), pid=149996, tid=153156
#
# JRE version: OpenJDK Runtime Environment Temurin-21.0.11+10 (21.0.11+10) (build 21.0.11+10-LTS)
# Java VM: OpenJDK 64-Bit Server VM Temurin-21.0.11+10 (21.0.11+10-LTS, mixed mode, sharing, tiered, compressed oops, compressed class ptrs, parallel gc, windows-amd64)
# No core dump will be written. Minidumps are not enabled by default on client versions of Windows
#

---------------  S U M M A R Y ------------

Command Line: --add-modules=ALL-SYSTEM --add-opens=java.base/java.util=ALL-UNNAMED --add-opens=java.base/java.lang=ALL-UNNAMED --add-opens=java.base/sun.nio.fs=ALL-UNNAMED -Declipse.application=org.eclipse.jdt.ls.core.id1 -Dosgi.bundles.defaultStartLevel=4 -Declipse.product=org.eclipse.jdt.ls.core.product -Djava.import.generatesMetadataFilesAtProjectRoot=false -DDetectVMInstallationsJob.disabled=true -Dfile.encoding=utf8 -XX:+UseParallelGC -XX:GCTimeRatio=4 -XX:AdaptiveSizePolicyWeight=90 -Dsun.zip.disableMemoryMapping=true -Xmx2G -Xms100m -Xlog:disable -javaagent:c:\Users\FridaGutierrez\.vscode\extensions\redhat.java-1.55.0-win32-x64\lombok\lombok-1.18.39-4050.jar -XX:+HeapDumpOnOutOfMemoryError -XX:HeapDumpPath=c:\Users\FridaGutierrez\AppData\Roaming\Code\User\workspaceStorage\edf30f2332f12b9cd91571baf8800cdf\redhat.java -Daether.dependencyCollector.impl=bf c:\Users\FridaGutierrez\.vscode\extensions\redhat.java-1.55.0-win32-x64\server\plugins\org.eclipse.equinox.launcher_1.7.200.v20260619-2039.jar -configuration c:\Users\FridaGutierrez\AppData\Roaming\Code\User\globalStorage\redhat.java\1.55.0\config_win -data c:\Users\FridaGutierrez\AppData\Roaming\Code\User\workspaceStorage\edf30f2332f12b9cd91571baf8800cdf\redhat.java\jdt_ws --pipe=\\.\pipe\lsp-e3f20efca2cbfbe3cb0abfda6dc056a7-sock

Host: Intel(R) Core(TM) i7-6700 CPU @ 3.40GHz, 8 cores, 15G,  Windows 10 , 64 bit Build 19041 (10.0.19041.5915)
Time: Wed Jul 22 09:39:37 2026 Central Standard Time (Mexico) elapsed time: 62704.557352 seconds (0d 17h 25m 4s)

---------------  T H R E A D  ---------------

Current thread (0x000001ddb79c5530):  JavaThread "Attach Listener" daemon [_thread_in_vm, id=153156, stack(0x0000004073900000,0x0000004073a00000) (1024K)]

Stack: [0x0000004073900000,0x0000004073a00000]
Native frames: (J=compiled Java code, j=interpreted, Vv=VM code, C=native code)
V  [jvm.dll+0x6d7e19]
V  [jvm.dll+0x8b5096]
V  [jvm.dll+0x8b764e]
V  [jvm.dll+0x8b7d33]
V  [jvm.dll+0x284596]
V  [jvm.dll+0xc13c7]
V  [jvm.dll+0x6d86c9]
V  [jvm.dll+0x133616]
V  [jvm.dll+0x3f868e]
V  [jvm.dll+0x85fb0d]
V  [jvm.dll+0x6d664d]
C  [ucrtbase.dll+0x21bb2]
C  [KERNEL32.DLL+0x17374]
C  [ntdll.dll+0x4cc91]


---------------  P R O C E S S  ---------------

Threads class SMR info:
_java_thread_list=0x000001de17f601c0, length=35, elements={
0x000001ddb7a4f0f0, 0x000001ddb79bd740, 0x000001ddb79c0b50, 0x000001ddb79c4570,
0x000001ddb79c5530, 0x000001ddb79c9fe0, 0x000001ddb79ca650, 0x000001ddb79cb0a0,
0x000001de1503ddb0, 0x000001de1521fb70, 0x000001de1529a8e0, 0x000001de15d96d50,
0x000001de15465860, 0x000001de1547eb10, 0x000001de15162ef0, 0x000001de15fc41e0,
0x000001de1554cfd0, 0x000001de15959630, 0x000001de1547a010, 0x000001de15479980,
0x000001de180041a0, 0x000001de18004ec0, 0x000001de18006f90, 0x000001de18007620,
0x000001de18004830, 0x000001de18005550, 0x000001de18006270, 0x000001de18005be0,
0x000001de15478c60, 0x000001de1757e410, 0x000001de1757a900, 0x000001de1757fe50,
0x000001de1757dd80, 0x000001de1757eaa0, 0x000001de1757bcb0
}

Java Threads: ( => current thread )
  0x000001ddb7a4f0f0 JavaThread "main"                              [_thread_blocked, id=148648, stack(0x0000004073200000,0x0000004073300000) (1024K)]
  0x000001ddb79bd740 JavaThread "Reference Handler"          daemon [_thread_blocked, id=85440, stack(0x0000004073600000,0x0000004073700000) (1024K)]
  0x000001ddb79c0b50 JavaThread "Finalizer"                  daemon [_thread_blocked, id=147368, stack(0x0000004073700000,0x0000004073800000) (1024K)]
  0x000001ddb79c4570 JavaThread "Signal Dispatcher"          daemon [_thread_blocked, id=70704, stack(0x0000004073800000,0x0000004073900000) (1024K)]
=>0x000001ddb79c5530 JavaThread "Attach Listener"            daemon [_thread_in_vm, id=153156, stack(0x0000004073900000,0x0000004073a00000) (1024K)]
  0x000001ddb79c9fe0 JavaThread "Service Thread"             daemon [_thread_blocked, id=150684, stack(0x0000004073a00000,0x0000004073b00000) (1024K)]
  0x000001ddb79ca650 JavaThread "Monitor Deflation Thread"   daemon [_thread_blocked, id=144364, stack(0x0000004073b00000,0x0000004073c00000) (1024K)]
  0x000001ddb79cb0a0 JavaThread "C2 CompilerThread0"         daemon [_thread_blocked, id=149856, stack(0x0000004073c00000,0x0000004073d00000) (1024K)]
  0x000001de1503ddb0 JavaThread "C1 CompilerThread0"         daemon [_thread_blocked, id=66124, stack(0x0000004073d00000,0x0000004073e00000) (1024K)]
  0x000001de1521fb70 JavaThread "Common-Cleaner"             daemon [_thread_blocked, id=153188, stack(0x0000004073e00000,0x0000004073f00000) (1024K)]
  0x000001de1529a8e0 JavaThread "Notification Thread"        daemon [_thread_blocked, id=142852, stack(0x0000004073f00000,0x0000004074000000) (1024K)]
  0x000001de15d96d50 JavaThread "Active Thread: Equinox Container: e0d1c519-0528-405b-b254-147b209b512b"        [_thread_blocked, id=158972, stack(0x0000004074000000,0x0000004074100000) (1024K)]
  0x000001de15465860 JavaThread "Refresh Thread: Equinox Container: e0d1c519-0528-405b-b254-147b209b512b" daemon [_thread_blocked, id=19484, stack(0x0000004074800000,0x0000004074900000) (1024K)]
  0x000001de1547eb10 JavaThread "Framework Event Dispatcher: Equinox Container: e0d1c519-0528-405b-b254-147b209b512b" daemon [_thread_blocked, id=57280, stack(0x0000004074900000,0x0000004074a00000) (1024K)]
  0x000001de15162ef0 JavaThread "Start Level: Equinox Container: e0d1c519-0528-405b-b254-147b209b512b" daemon [_thread_blocked, id=73304, stack(0x0000004074a00000,0x0000004074b00000) (1024K)]
  0x000001de15fc41e0 JavaThread "Bundle File Closer"         daemon [_thread_blocked, id=52980, stack(0x0000004074c00000,0x0000004074d00000) (1024K)]
  0x000001de1554cfd0 JavaThread "SCR Component Actor"        daemon [_thread_blocked, id=7748, stack(0x0000004072f00000,0x0000004073000000) (1024K)]
  0x000001de15959630 JavaThread "Worker-JM"                         [_thread_blocked, id=159620, stack(0x0000004074d00000,0x0000004074e00000) (1024K)]
  0x000001de1547a010 JavaThread "JNA Cleaner"                daemon [_thread_blocked, id=122260, stack(0x0000004074b00000,0x0000004074c00000) (1024K)]
  0x000001de15479980 JavaThread "Worker-2"                          [_thread_blocked, id=144904, stack(0x0000004075000000,0x0000004075100000) (1024K)]
  0x000001de180041a0 JavaThread "Java indexing"              daemon [_thread_blocked, id=75176, stack(0x0000004075300000,0x0000004075400000) (1024K)]
  0x000001de18004ec0 JavaThread "Worker-5"                          [_thread_blocked, id=141084, stack(0x0000004075700000,0x0000004075800000) (1024K)]
  0x000001de18006f90 JavaThread "Thread-1"                   daemon [_thread_in_native, id=80844, stack(0x0000004075800000,0x0000004075900000) (1024K)]
  0x000001de18007620 JavaThread "Thread-2"                   daemon [_thread_in_native, id=85288, stack(0x0000004075900000,0x0000004075a00000) (1024K)]
  0x000001de18004830 JavaThread "Thread-3"                   daemon [_thread_in_native, id=119176, stack(0x0000004075a00000,0x0000004075b00000) (1024K)]
  0x000001de18005550 JavaThread "Thread-4"                   daemon [_thread_in_native, id=87720, stack(0x0000004075b00000,0x0000004075c00000) (1024K)]
  0x000001de18006270 JavaThread "Thread-5"                   daemon [_thread_in_native, id=151232, stack(0x0000004075c00000,0x0000004075d00000) (1024K)]
  0x000001de18005be0 JavaThread "Thread-6"                   daemon [_thread_in_native, id=147848, stack(0x0000004075d00000,0x0000004075e00000) (1024K)]
  0x000001de15478c60 JavaThread "Thread-7"                   daemon [_thread_in_native, id=121976, stack(0x0000004075e00000,0x0000004075f00000) (1024K)]
  0x000001de1757e410 JavaThread "Thread-8"                   daemon [_thread_in_native, id=157660, stack(0x0000004075f00000,0x0000004076000000) (1024K)]
  0x000001de1757a900 JavaThread "Thread-9"                   daemon [_thread_in_native, id=154236, stack(0x0000004076000000,0x0000004076100000) (1024K)]
  0x000001de1757fe50 JavaThread "pool-2-thread-1"                   [_thread_blocked, id=69368, stack(0x0000004076100000,0x0000004076200000) (1024K)]
  0x000001de1757dd80 JavaThread "WorkspaceEventsHandler"            [_thread_blocked, id=62460, stack(0x0000004076200000,0x0000004076300000) (1024K)]
  0x000001de1757eaa0 JavaThread "pool-1-thread-1"                   [_thread_blocked, id=91012, stack(0x0000004076300000,0x0000004076400000) (1024K)]
  0x000001de1757bcb0 JavaThread "Timer-0"                           [_thread_blocked, id=76324, stack(0x0000004075200000,0x0000004075300000) (1024K)]
Total: 35

Other Threads:
  0x000001ddb7b0bea0 VMThread "VM Thread"                           [id=86456, stack(0x0000004073500000,0x0000004073600000) (1024K)]
  0x000001ddb78dcb40 WatcherThread "VM Periodic Task Thread"        [id=150144, stack(0x0000004073400000,0x0000004073500000) (1024K)]
  0x000001ddb7a6cf70 WorkerThread "GC Thread#0"                     [id=82296, stack(0x0000004073300000,0x0000004073400000) (1024K)]
  0x000001de158b4600 WorkerThread "GC Thread#1"                     [id=82072, stack(0x0000004074100000,0x0000004074200000) (1024K)]
  0x000001de1599d4c0 WorkerThread "GC Thread#2"                     [id=85632, stack(0x0000004074200000,0x0000004074300000) (1024K)]
  0x000001de15396190 WorkerThread "GC Thread#3"                     [id=88700, stack(0x0000004074300000,0x0000004074400000) (1024K)]
  0x000001de15396540 WorkerThread "GC Thread#4"                     [id=151748, stack(0x0000004074400000,0x0000004074500000) (1024K)]
  0x000001de153968f0 WorkerThread "GC Thread#5"                     [id=54068, stack(0x0000004074500000,0x0000004074600000) (1024K)]
  0x000001de15396ca0 WorkerThread "GC Thread#6"                     [id=121904, stack(0x0000004074600000,0x0000004074700000) (1024K)]
  0x000001de15e18b90 WorkerThread "GC Thread#7"                     [id=81628, stack(0x0000004074700000,0x0000004074800000) (1024K)]
Total: 10

Threads with active compile tasks:
Total: 0

VM state: not at safepoint (normal execution)

VM Mutex/Monitor currently owned by a thread: None

Heap address: 0x0000000080000000, size: 2048 MB, Compressed Oops mode: 32-bit

CDS archive(s) mapped at: [0x000001ddcf000000-0x000001ddcfba0000-0x000001ddcfba0000), size 12189696, SharedBaseAddress: 0x000001ddcf000000, ArchiveRelocationMode: 1.
Compressed class space mapped at: 0x000001ddd0000000-0x000001de10000000, reserved size: 1073741824
Narrow klass base: 0x000001ddcf000000, Narrow klass shift: 0, Narrow klass range: 0x100000000

GC Precious Log:
 CardTable entry size: 512
 CPUs: 8 total, 8 available
 Memory: 16091M
 Large Page Support: Disabled
 NUMA Support: Disabled
 Compressed Oops: Enabled (32-bit)
 Alignments: Space 512K, Generation 512K, Heap 2M
 Heap Min Capacity: 100M
 Heap Initial Capacity: 100M
 Heap Max Capacity: 2G
 Pre-touch: Disabled
 Parallel Workers: 8

Heap:
 PSYoungGen      total 2048K, used 698K [0x00000000d5580000, 0x00000000d5880000, 0x0000000100000000)
  eden space 1536K, 35% used [0x00000000d5580000,0x00000000d5606aa0,0x00000000d5700000)
  from space 512K, 31% used [0x00000000d5780000,0x00000000d57a8000,0x00000000d5800000)
  to   space 512K, 0% used [0x00000000d5800000,0x00000000d5800000,0x00000000d5880000)
 ParOldGen       total 281088K, used 280848K [0x0000000080000000, 0x0000000091280000, 0x00000000d5580000)
  object space 281088K, 99% used [0x0000000080000000,0x00000000912443d0,0x0000000091280000)
 Metaspace       used 93575K, committed 95616K, reserved 1179648K
  class space    used 12208K, committed 13120K, reserved 1048576K

Card table byte_map: [0x000001ddb73f0000,0x000001ddb7800000] _byte_map_base: 0x000001ddb6ff0000

Marking Bits: (ParMarkBitMap*) 0x00007fff368c4460
 Begin Bits: [0x000001ddc9f00000, 0x000001ddcbf00000)
 End Bits:   [0x000001ddcbf00000, 0x000001ddcdf00000)

Polling page: 0x000001ddb5900000

Metaspace:

Usage:
  Non-class:     79.46 MB used.
      Class:     11.92 MB used.
       Both:     91.38 MB used.

Virtual space:
  Non-class space:      128.00 MB reserved,      80.56 MB ( 63%) committed,  2 nodes.
      Class space:        1.00 GB reserved,      12.81 MB (  1%) committed,  1 nodes.
             Both:        1.12 GB reserved,      93.38 MB (  8%) committed. 

Chunk freelists:
   Non-Class:  15.33 MB
       Class:  3.23 MB
        Both:  18.56 MB

MaxMetaspaceSize: unlimited
CompressedClassSpaceSize: 1.00 GB
Initial GC threshold: 21.00 MB
Current GC threshold: 97.31 MB
CDS: on
 - commit_granule_bytes: 65536.
 - commit_granule_words: 8192.
 - virtual_space_node_default_size: 8388608.
 - enlarge_chunks_in_place: 1.
 - use_allocation_guard: 0.


Internal statistics:

num_allocs_failed_limit: 9.
num_arena_births: 1896.
num_arena_deaths: 14.
num_vsnodes_births: 3.
num_vsnodes_deaths: 0.
num_space_committed: 1494.
num_space_uncommitted: 0.
num_chunks_returned_to_freelist: 23.
num_chunks_taken_from_freelist: 5862.
num_chunk_merges: 6.
num_chunk_splits: 3891.
num_chunks_enlarged: 2568.
num_inconsistent_stats: 0.

CodeHeap 'non-profiled nmethods': size=120000Kb used=9253Kb max_used=9253Kb free=110746Kb
 bounds [0x000001ddc2720000, 0x000001ddc3030000, 0x000001ddc9c50000]
CodeHeap 'profiled nmethods': size=120000Kb used=24897Kb max_used=24897Kb free=95102Kb
 bounds [0x000001ddbac50000, 0x000001ddbc4b0000, 0x000001ddc2180000]
CodeHeap 'non-nmethods': size=5760Kb used=1445Kb max_used=1535Kb free=4314Kb
 bounds [0x000001ddc2180000, 0x000001ddc23f0000, 0x000001ddc2720000]
CodeCache: size=245760Kb, used=35595Kb, max_used=35685Kb, free=210162Kb
 total_blobs=12840, nmethods=12085, adapters=660, full_count=0
Compilation: enabled, stopped_count=0, restarted_count=0

Compilation events (20 events):
Event: 61607.635 Thread 0x000001ddb79cb0a0 nmethod 13007 0x000001ddc3024e10 code [0x000001ddc3024fa0, 0x000001ddc3025108]
Event: 61607.664 Thread 0x000001de1503ddb0 nmethod 13009 0x000001ddbc496a90 code [0x000001ddbc496e00, 0x000001ddbc497fe8]
Event: 61607.664 Thread 0x000001de1503ddb0 13010       3       java.nio.charset.CharsetDecoder::flush (49 bytes)
Event: 61607.680 Thread 0x000001de1503ddb0 nmethod 13010 0x000001ddbc498610 code [0x000001ddbc4987e0, 0x000001ddbc498ba8]
Event: 61607.680 Thread 0x000001de1503ddb0 13011       3       java.nio.charset.CharsetDecoder::implFlush (4 bytes)
Event: 61607.680 Thread 0x000001de1503ddb0 nmethod 13011 0x000001ddbc498d10 code [0x000001ddbc498ea0, 0x000001ddbc498fb8]
Event: 61797.564 Thread 0x000001de1503ddb0 13012       3       org.eclipse.jdt.internal.core.util.Util::indexOfJavaRelatedExtension (112 bytes)
Event: 61797.835 Thread 0x000001ddb79cb0a0 13015       4       org.eclipse.core.internal.resources.Resource::exists (24 bytes)
Event: 61797.845 Thread 0x000001de1503ddb0 nmethod 13012 0x000001ddbc499090 code [0x000001ddbc499320, 0x000001ddbc49a120]
Event: 61797.846 Thread 0x000001de1503ddb0 13013       3       org.eclipse.core.internal.localstore.FileSystemResourceManager::allResourcesFor (202 bytes)
Event: 61797.852 Thread 0x000001ddb79cb0a0 nmethod 13015 0x000001ddc3025210 code [0x000001ddc30253a0, 0x000001ddc30254b0]
Event: 61797.940 Thread 0x000001de1503ddb0 nmethod 13013 0x000001ddbc49a790 code [0x000001ddbc49aac0, 0x000001ddbc49c6f0]
Event: 62189.437 Thread 0x000001de1503ddb0 13016       3       org.eclipse.jdt.ls.core.internal.filesystem.JLSFileSystem::getStore (26 bytes)
Event: 62189.494 Thread 0x000001ddb79cb0a0 13017       4       java.net.URI::relativize (154 bytes)
Event: 62189.511 Thread 0x000001de1503ddb0 nmethod 13016 0x000001ddbc49cf90 code [0x000001ddbc49d200, 0x000001ddbc49d968]
Event: 62189.710 Thread 0x000001ddb79cb0a0 nmethod 13017 0x000001ddc3025590 code [0x000001ddc3025980, 0x000001ddc3027c90]
Event: 62202.366 Thread 0x000001de1503ddb0 13018       3       java.nio.file.Path::toFile (36 bytes)
Event: 62202.398 Thread 0x000001de1503ddb0 nmethod 13018 0x000001ddbc49dc90 code [0x000001ddbc49dea0, 0x000001ddbc49e4c8]
Event: 62450.232 Thread 0x000001de1503ddb0 13019   !   3       org.eclipse.core.internal.jobs.JobManager::findBlockingJob (179 bytes)
Event: 62450.329 Thread 0x000001de1503ddb0 nmethod 13019 0x000001ddbc49e690 code [0x000001ddbc49e9c0, 0x000001ddbc49ff28]

GC Heap History (20 events):
Event: 45347.370 GC heap before
{Heap before GC invocations=871 (full 3):
 PSYoungGen      total 2560K, used 1733K [0x00000000d5580000, 0x00000000d5880000, 0x0000000100000000)
  eden space 1536K, 98% used [0x00000000d5580000,0x00000000d56f9730,0x00000000d5700000)
  from space 1024K, 21% used [0x00000000d5700000,0x00000000d5738000,0x00000000d5800000)
  to   space 512K, 0% used [0x00000000d5800000,0x00000000d5800000,0x00000000d5880000)
 ParOldGen       total 281088K, used 280784K [0x0000000080000000, 0x0000000091280000, 0x00000000d5580000)
  object space 281088K, 99% used [0x0000000080000000,0x00000000912343d0,0x0000000091280000)
 Metaspace       used 93561K, committed 95552K, reserved 1179648K
  class space    used 12208K, committed 13120K, reserved 1048576K
}
Event: 45347.379 GC heap after
{Heap after GC invocations=871 (full 3):
 PSYoungGen      total 2048K, used 416K [0x00000000d5580000, 0x00000000d5880000, 0x0000000100000000)
  eden space 1536K, 0% used [0x00000000d5580000,0x00000000d5580000,0x00000000d5700000)
  from space 512K, 81% used [0x00000000d5800000,0x00000000d5868010,0x00000000d5880000)
  to   space 512K, 0% used [0x00000000d5780000,0x00000000d5780000,0x00000000d5800000)
 ParOldGen       total 281088K, used 280784K [0x0000000080000000, 0x0000000091280000, 0x00000000d5580000)
  object space 281088K, 99% used [0x0000000080000000,0x00000000912343d0,0x0000000091280000)
 Metaspace       used 93561K, committed 95552K, reserved 1179648K
  class space    used 12208K, committed 13120K, reserved 1048576K
}
Event: 48947.490 GC heap before
{Heap before GC invocations=872 (full 3):
 PSYoungGen      total 2048K, used 1952K [0x00000000d5580000, 0x00000000d5880000, 0x0000000100000000)
  eden space 1536K, 100% used [0x00000000d5580000,0x00000000d5700000,0x00000000d5700000)
  from space 512K, 81% used [0x00000000d5800000,0x00000000d5868010,0x00000000d5880000)
  to   space 512K, 0% used [0x00000000d5780000,0x00000000d5780000,0x00000000d5800000)
 ParOldGen       total 281088K, used 280784K [0x0000000080000000, 0x0000000091280000, 0x00000000d5580000)
  object space 281088K, 99% used [0x0000000080000000,0x00000000912343d0,0x0000000091280000)
 Metaspace       used 93561K, committed 95552K, reserved 1179648K
  class space    used 12208K, committed 13120K, reserved 1048576K
}
Event: 48947.498 GC heap after
{Heap after GC invocations=872 (full 3):
 PSYoungGen      total 2048K, used 256K [0x00000000d5580000, 0x00000000d5880000, 0x0000000100000000)
  eden space 1536K, 0% used [0x00000000d5580000,0x00000000d5580000,0x00000000d5700000)
  from space 512K, 50% used [0x00000000d5780000,0x00000000d57c0000,0x00000000d5800000)
  to   space 512K, 0% used [0x00000000d5800000,0x00000000d5800000,0x00000000d5880000)
 ParOldGen       total 281088K, used 280784K [0x0000000080000000, 0x0000000091280000, 0x00000000d5580000)
  object space 281088K, 99% used [0x0000000080000000,0x00000000912343d0,0x0000000091280000)
 Metaspace       used 93561K, committed 95552K, reserved 1179648K
  class space    used 12208K, committed 13120K, reserved 1048576K
}
Event: 51647.620 GC heap before
{Heap before GC invocations=873 (full 3):
 PSYoungGen      total 2048K, used 1753K [0x00000000d5580000, 0x00000000d5880000, 0x0000000100000000)
  eden space 1536K, 97% used [0x00000000d5580000,0x00000000d56f64b8,0x00000000d5700000)
  from space 512K, 50% used [0x00000000d5780000,0x00000000d57c0000,0x00000000d5800000)
  to   space 512K, 0% used [0x00000000d5800000,0x00000000d5800000,0x00000000d5880000)
 ParOldGen       total 281088K, used 280784K [0x0000000080000000, 0x0000000091280000, 0x00000000d5580000)
  object space 281088K, 99% used [0x0000000080000000,0x00000000912343d0,0x0000000091280000)
 Metaspace       used 93561K, committed 95552K, reserved 1179648K
  class space    used 12208K, committed 13120K, reserved 1048576K
}
Event: 51647.630 GC heap after
{Heap after GC invocations=873 (full 3):
 PSYoungGen      total 2048K, used 384K [0x00000000d5580000, 0x00000000d5880000, 0x0000000100000000)
  eden space 1536K, 0% used [0x00000000d5580000,0x00000000d5580000,0x00000000d5700000)
  from space 512K, 75% used [0x00000000d5800000,0x00000000d5860020,0x00000000d5880000)
  to   space 512K, 0% used [0x00000000d5780000,0x00000000d5780000,0x00000000d5800000)
 ParOldGen       total 281088K, used 280784K [0x0000000080000000, 0x0000000091280000, 0x00000000d5580000)
  object space 281088K, 99% used [0x0000000080000000,0x00000000912343d0,0x0000000091280000)
 Metaspace       used 93561K, committed 95552K, reserved 1179648K
  class space    used 12208K, committed 13120K, reserved 1048576K
}
Event: 55247.995 GC heap before
{Heap before GC invocations=874 (full 3):
 PSYoungGen      total 2048K, used 1920K [0x00000000d5580000, 0x00000000d5880000, 0x0000000100000000)
  eden space 1536K, 99% used [0x00000000d5580000,0x00000000d56ffff0,0x00000000d5700000)
  from space 512K, 75% used [0x00000000d5800000,0x00000000d5860020,0x00000000d5880000)
  to   space 512K, 0% used [0x00000000d5780000,0x00000000d5780000,0x00000000d5800000)
 ParOldGen       total 281088K, used 280784K [0x0000000080000000, 0x0000000091280000, 0x00000000d5580000)
  object space 281088K, 99% used [0x0000000080000000,0x00000000912343d0,0x0000000091280000)
 Metaspace       used 93562K, committed 95552K, reserved 1179648K
  class space    used 12208K, committed 13120K, reserved 1048576K
}
Event: 55248.217 GC heap after
{Heap after GC invocations=874 (full 3):
 PSYoungGen      total 2048K, used 192K [0x00000000d5580000, 0x00000000d5880000, 0x0000000100000000)
  eden space 1536K, 0% used [0x00000000d5580000,0x00000000d5580000,0x00000000d5700000)
  from space 512K, 37% used [0x00000000d5780000,0x00000000d57b0000,0x00000000d5800000)
  to   space 512K, 0% used [0x00000000d5800000,0x00000000d5800000,0x00000000d5880000)
 ParOldGen       total 281088K, used 280784K [0x0000000080000000, 0x0000000091280000, 0x00000000d5580000)
  object space 281088K, 99% used [0x0000000080000000,0x00000000912343d0,0x0000000091280000)
 Metaspace       used 93562K, committed 95552K, reserved 1179648K
  class space    used 12208K, committed 13120K, reserved 1048576K
}
Event: 57949.050 GC heap before
{Heap before GC invocations=875 (full 3):
 PSYoungGen      total 2048K, used 1728K [0x00000000d5580000, 0x00000000d5880000, 0x0000000100000000)
  eden space 1536K, 100% used [0x00000000d5580000,0x00000000d5700000,0x00000000d5700000)
  from space 512K, 37% used [0x00000000d5780000,0x00000000d57b0000,0x00000000d5800000)
  to   space 512K, 0% used [0x00000000d5800000,0x00000000d5800000,0x00000000d5880000)
 ParOldGen       total 281088K, used 280784K [0x0000000080000000, 0x0000000091280000, 0x00000000d5580000)
  object space 281088K, 99% used [0x0000000080000000,0x00000000912343d0,0x0000000091280000)
 Metaspace       used 93563K, committed 95552K, reserved 1179648K
  class space    used 12208K, committed 13120K, reserved 1048576K
}
Event: 57949.303 GC heap after
{Heap after GC invocations=875 (full 3):
 PSYoungGen      total 2048K, used 352K [0x00000000d5580000, 0x00000000d5880000, 0x0000000100000000)
  eden space 1536K, 0% used [0x00000000d5580000,0x00000000d5580000,0x00000000d5700000)
  from space 512K, 68% used [0x00000000d5800000,0x00000000d5858010,0x00000000d5880000)
  to   space 512K, 0% used [0x00000000d5780000,0x00000000d5780000,0x00000000d5800000)
 ParOldGen       total 281088K, used 280792K [0x0000000080000000, 0x0000000091280000, 0x00000000d5580000)
  object space 281088K, 99% used [0x0000000080000000,0x00000000912363d0,0x0000000091280000)
 Metaspace       used 93563K, committed 95552K, reserved 1179648K
  class space    used 12208K, committed 13120K, reserved 1048576K
}
Event: 60569.493 GC heap before
{Heap before GC invocations=876 (full 3):
 PSYoungGen      total 2048K, used 1888K [0x00000000d5580000, 0x00000000d5880000, 0x0000000100000000)
  eden space 1536K, 100% used [0x00000000d5580000,0x00000000d5700000,0x00000000d5700000)
  from space 512K, 68% used [0x00000000d5800000,0x00000000d5858010,0x00000000d5880000)
  to   space 512K, 0% used [0x00000000d5780000,0x00000000d5780000,0x00000000d5800000)
 ParOldGen       total 281088K, used 280792K [0x0000000080000000, 0x0000000091280000, 0x00000000d5580000)
  object space 281088K, 99% used [0x0000000080000000,0x00000000912363d0,0x0000000091280000)
 Metaspace       used 93567K, committed 95552K, reserved 1179648K
  class space    used 12208K, committed 13120K, reserved 1048576K
}
Event: 60569.727 GC heap after
{Heap after GC invocations=876 (full 3):
 PSYoungGen      total 2048K, used 160K [0x00000000d5580000, 0x00000000d5880000, 0x0000000100000000)
  eden space 1536K, 0% used [0x00000000d5580000,0x00000000d5580000,0x00000000d5700000)
  from space 512K, 31% used [0x00000000d5780000,0x00000000d57a8000,0x00000000d5800000)
  to   space 512K, 0% used [0x00000000d5800000,0x00000000d5800000,0x00000000d5880000)
 ParOldGen       total 281088K, used 280792K [0x0000000080000000, 0x0000000091280000, 0x00000000d5580000)
  object space 281088K, 99% used [0x0000000080000000,0x00000000912363d0,0x0000000091280000)
 Metaspace       used 93567K, committed 95552K, reserved 1179648K
  class space    used 12208K, committed 13120K, reserved 1048576K
}
Event: 60649.853 GC heap before
{Heap before GC invocations=877 (full 3):
 PSYoungGen      total 2048K, used 1696K [0x00000000d5580000, 0x00000000d5880000, 0x0000000100000000)
  eden space 1536K, 100% used [0x00000000d5580000,0x00000000d5700000,0x00000000d5700000)
  from space 512K, 31% used [0x00000000d5780000,0x00000000d57a8000,0x00000000d5800000)
  to   space 512K, 0% used [0x00000000d5800000,0x00000000d5800000,0x00000000d5880000)
 ParOldGen       total 281088K, used 280792K [0x0000000080000000, 0x0000000091280000, 0x00000000d5580000)
  object space 281088K, 99% used [0x0000000080000000,0x00000000912363d0,0x0000000091280000)
 Metaspace       used 93567K, committed 95552K, reserved 1179648K
  class space    used 12208K, committed 13120K, reserved 1048576K
}
Event: 60649.861 GC heap after
{Heap after GC invocations=877 (full 3):
 PSYoungGen      total 2048K, used 480K [0x00000000d5580000, 0x00000000d5900000, 0x0000000100000000)
  eden space 1536K, 0% used [0x00000000d5580000,0x00000000d5580000,0x00000000d5700000)
  from space 512K, 93% used [0x00000000d5800000,0x00000000d5878020,0x00000000d5880000)
  to   space 1024K, 0% used [0x00000000d5700000,0x00000000d5700000,0x00000000d5800000)
 ParOldGen       total 281088K, used 280824K [0x0000000080000000, 0x0000000091280000, 0x00000000d5580000)
  object space 281088K, 99% used [0x0000000080000000,0x000000009123e3d0,0x0000000091280000)
 Metaspace       used 93567K, committed 95552K, reserved 1179648K
  class space    used 12208K, committed 13120K, reserved 1048576K
}
Event: 61597.892 GC heap before
{Heap before GC invocations=878 (full 3):
 PSYoungGen      total 2048K, used 2016K [0x00000000d5580000, 0x00000000d5900000, 0x0000000100000000)
  eden space 1536K, 100% used [0x00000000d5580000,0x00000000d5700000,0x00000000d5700000)
  from space 512K, 93% used [0x00000000d5800000,0x00000000d5878020,0x00000000d5880000)
  to   space 1024K, 0% used [0x00000000d5700000,0x00000000d5700000,0x00000000d5800000)
 ParOldGen       total 281088K, used 280824K [0x0000000080000000, 0x0000000091280000, 0x00000000d5580000)
  object space 281088K, 99% used [0x0000000080000000,0x000000009123e3d0,0x0000000091280000)
 Metaspace       used 93569K, committed 95552K, reserved 1179648K
  class space    used 12208K, committed 13120K, reserved 1048576K
}
Event: 61598.113 GC heap after
{Heap after GC invocations=878 (full 3):
 PSYoungGen      total 2560K, used 192K [0x00000000d5580000, 0x00000000d5880000, 0x0000000100000000)
  eden space 1536K, 0% used [0x00000000d5580000,0x00000000d5580000,0x00000000d5700000)
  from space 1024K, 18% used [0x00000000d5700000,0x00000000d5730000,0x00000000d5800000)
  to   space 512K, 0% used [0x00000000d5800000,0x00000000d5800000,0x00000000d5880000)
 ParOldGen       total 281088K, used 280832K [0x0000000080000000, 0x0000000091280000, 0x00000000d5580000)
  object space 281088K, 99% used [0x0000000080000000,0x00000000912403d0,0x0000000091280000)
 Metaspace       used 93569K, committed 95552K, reserved 1179648K
  class space    used 12208K, committed 13120K, reserved 1048576K
}
Event: 61797.599 GC heap before
{Heap before GC invocations=879 (full 3):
 PSYoungGen      total 2560K, used 1728K [0x00000000d5580000, 0x00000000d5880000, 0x0000000100000000)
  eden space 1536K, 100% used [0x00000000d5580000,0x00000000d5700000,0x00000000d5700000)
  from space 1024K, 18% used [0x00000000d5700000,0x00000000d5730000,0x00000000d5800000)
  to   space 512K, 0% used [0x00000000d5800000,0x00000000d5800000,0x00000000d5880000)
 ParOldGen       total 281088K, used 280832K [0x0000000080000000, 0x0000000091280000, 0x00000000d5580000)
  object space 281088K, 99% used [0x0000000080000000,0x00000000912403d0,0x0000000091280000)
 Metaspace       used 93569K, committed 95552K, reserved 1179648K
  class space    used 12208K, committed 13120K, reserved 1048576K
}
Event: 61797.813 GC heap after
{Heap after GC invocations=879 (full 3):
 PSYoungGen      total 2048K, used 192K [0x00000000d5580000, 0x00000000d5880000, 0x0000000100000000)
  eden space 1536K, 0% used [0x00000000d5580000,0x00000000d5580000,0x00000000d5700000)
  from space 512K, 37% used [0x00000000d5800000,0x00000000d5830000,0x00000000d5880000)
  to   space 512K, 0% used [0x00000000d5780000,0x00000000d5780000,0x00000000d5800000)
 ParOldGen       total 281088K, used 280840K [0x0000000080000000, 0x0000000091280000, 0x00000000d5580000)
  object space 281088K, 99% used [0x0000000080000000,0x00000000912423d0,0x0000000091280000)
 Metaspace       used 93569K, committed 95552K, reserved 1179648K
  class space    used 12208K, committed 13120K, reserved 1048576K
}
Event: 62202.421 GC heap before
{Heap before GC invocations=880 (full 3):
 PSYoungGen      total 2048K, used 1728K [0x00000000d5580000, 0x00000000d5880000, 0x0000000100000000)
  eden space 1536K, 100% used [0x00000000d5580000,0x00000000d5700000,0x00000000d5700000)
  from space 512K, 37% used [0x00000000d5800000,0x00000000d5830000,0x00000000d5880000)
  to   space 512K, 0% used [0x00000000d5780000,0x00000000d5780000,0x00000000d5800000)
 ParOldGen       total 281088K, used 280840K [0x0000000080000000, 0x0000000091280000, 0x00000000d5580000)
  object space 281088K, 99% used [0x0000000080000000,0x00000000912423d0,0x0000000091280000)
 Metaspace       used 93575K, committed 95616K, reserved 1179648K
  class space    used 12208K, committed 13120K, reserved 1048576K
}
Event: 62202.642 GC heap after
{Heap after GC invocations=880 (full 3):
 PSYoungGen      total 2048K, used 160K [0x00000000d5580000, 0x00000000d5880000, 0x0000000100000000)
  eden space 1536K, 0% used [0x00000000d5580000,0x00000000d5580000,0x00000000d5700000)
  from space 512K, 31% used [0x00000000d5780000,0x00000000d57a8000,0x00000000d5800000)
  to   space 512K, 0% used [0x00000000d5800000,0x00000000d5800000,0x00000000d5880000)
 ParOldGen       total 281088K, used 280848K [0x0000000080000000, 0x0000000091280000, 0x00000000d5580000)
  object space 281088K, 99% used [0x0000000080000000,0x00000000912443d0,0x0000000091280000)
 Metaspace       used 93575K, committed 95616K, reserved 1179648K
  class space    used 12208K, committed 13120K, reserved 1048576K
}

Dll operation events (19 events):
Event: 0.026 Loaded shared library c:\Users\FridaGutierrez\.vscode\extensions\redhat.java-1.55.0-win32-x64\jre\21.0.11-win32-x86_64\bin\java.dll
Event: 0.278 Loaded shared library c:\Users\FridaGutierrez\.vscode\extensions\redhat.java-1.55.0-win32-x64\jre\21.0.11-win32-x86_64\bin\zip.dll
Event: 0.348 Loaded shared library C:\Users\FridaGutierrez\.vscode\extensions\redhat.java-1.55.0-win32-x64\jre\21.0.11-win32-x86_64\bin\instrument.dll
Event: 0.355 Loaded shared library C:\Users\FridaGutierrez\.vscode\extensions\redhat.java-1.55.0-win32-x64\jre\21.0.11-win32-x86_64\bin\net.dll
Event: 0.495 Loaded shared library C:\Users\FridaGutierrez\.vscode\extensions\redhat.java-1.55.0-win32-x64\jre\21.0.11-win32-x86_64\bin\nio.dll
Event: 0.517 Loaded shared library C:\Users\FridaGutierrez\.vscode\extensions\redhat.java-1.55.0-win32-x64\jre\21.0.11-win32-x86_64\bin\zip.dll
Event: 0.551 Loaded shared library C:\Users\FridaGutierrez\.vscode\extensions\redhat.java-1.55.0-win32-x64\jre\21.0.11-win32-x86_64\bin\jimage.dll
Event: 0.692 Loaded shared library c:\Users\FridaGutierrez\.vscode\extensions\redhat.java-1.55.0-win32-x64\jre\21.0.11-win32-x86_64\bin\verify.dll
Event: 20.213 Loaded shared library C:\Users\FridaGutierrez\AppData\Roaming\Code\User\globalStorage\redhat.java\1.55.0\config_win\org.eclipse.equinox.launcher\org.eclipse.equinox.launcher.win32.win32.x86_64_1.3.100.v20260613-0559\eclipse_11924.dll
Event: 38.996 Loaded shared library C:\Users\FridaGutierrez\AppData\Local\Temp\jna-606951869\jna8216997399574017745.dll
Event: 45.368 Loaded shared library C:\Users\FridaGutierrez\.vscode\extensions\redhat.java-1.55.0-win32-x64\jre\21.0.11-win32-x86_64\bin\sunmscapi.dll
Event: 46.980 Loaded shared library C:\Users\FridaGutierrez\.vscode\extensions\redhat.java-1.55.0-win32-x64\jre\21.0.11-win32-x86_64\bin\extnet.dll
Event: 56.036 Loaded shared library C:\Users\FridaGutierrez\.gradle\native\1def1411415f61bf3af743bc5b6707747c0891f09f0c88961ee8f79bc544acac\windows-amd64\native-platform.dll
Event: 57.685 Loaded shared library C:\Users\FridaGutierrez\.vscode\extensions\redhat.java-1.55.0-win32-x64\jre\21.0.11-win32-x86_64\bin\management.dll
Event: 57.688 Loaded shared library C:\Users\FridaGutierrez\.vscode\extensions\redhat.java-1.55.0-win32-x64\jre\21.0.11-win32-x86_64\bin\management_ext.dll
Event: 162.186 Loaded shared library C:\Users\FridaGutierrez\.gradle\native\c067742578af261105cb4f569cf0c3c89f3d7b1fecec35dd04571415982c5e48\windows-amd64\native-platform.dll
Event: 194.055 Loaded shared library C:\Users\FridaGutierrez\.gradle\native\c067742578af261105cb4f569cf0c3c89f3d7b1fecec35dd04571415982c5e48\windows-amd64-min\native-platform.dll
Event: 212.216 Loaded shared library C:\Users\FridaGutierrez\.gradle\native\30\windows-amd64\native-platform.dll
Event: 371.234 Loaded shared library C:\Users\FridaGutierrez\.gradle\native\e1d6ef7f7dcc3fd88c89a11ec53ec762bb8ba0a96d01ffa2cd45eb1d1d8dd5c5\windows-amd64\native-platform.dll

Deoptimization events (20 events):
Event: 15994.459 Thread 0x000001de1757fe50 DEOPT PACKING pc=0x000001ddc301497c sp=0x00000040761ff480
Event: 15994.471 Thread 0x000001de1757fe50 DEOPT UNPACKING pc=0x000001ddc21d3aa2 sp=0x00000040761ff320 mode 2
Event: 15996.446 Thread 0x000001de15d96d50 Uncommon trap: trap_request=0xffffffd6 fr.pc=0x000001ddc301497c relative=0x00000000000003bc
Event: 15996.449 Thread 0x000001de15d96d50 Uncommon trap: reason=array_check action=maybe_recompile pc=0x000001ddc301497c method=java.util.concurrent.ScheduledThreadPoolExecutor$DelayedWorkQueue.offer(Ljava/lang/Runnable;)Z @ 65 c2
Event: 15996.449 Thread 0x000001de15d96d50 DEOPT PACKING pc=0x000001ddc301497c sp=0x00000040740ff240
Event: 15996.450 Thread 0x000001de15d96d50 DEOPT UNPACKING pc=0x000001ddc21d3aa2 sp=0x00000040740ff0e0 mode 2
Event: 16004.449 Thread 0x000001de1757fe50 Uncommon trap: trap_request=0xffffffd6 fr.pc=0x000001ddc301497c relative=0x00000000000003bc
Event: 16004.449 Thread 0x000001de1757fe50 Uncommon trap: reason=array_check action=maybe_recompile pc=0x000001ddc301497c method=java.util.concurrent.ScheduledThreadPoolExecutor$DelayedWorkQueue.offer(Ljava/lang/Runnable;)Z @ 65 c2
Event: 16004.449 Thread 0x000001de1757fe50 DEOPT PACKING pc=0x000001ddc301497c sp=0x00000040761ff480
Event: 16004.481 Thread 0x000001de1757fe50 DEOPT UNPACKING pc=0x000001ddc21d3aa2 sp=0x00000040761ff320 mode 2
Event: 16014.458 Thread 0x000001de1757fe50 Uncommon trap: trap_request=0xffffffd6 fr.pc=0x000001ddc301497c relative=0x00000000000003bc
Event: 16014.458 Thread 0x000001de1757fe50 Uncommon trap: reason=array_check action=maybe_recompile pc=0x000001ddc301497c method=java.util.concurrent.ScheduledThreadPoolExecutor$DelayedWorkQueue.offer(Ljava/lang/Runnable;)Z @ 65 c2
Event: 16014.458 Thread 0x000001de1757fe50 DEOPT PACKING pc=0x000001ddc301497c sp=0x00000040761ff480
Event: 16014.482 Thread 0x000001de1757fe50 DEOPT UNPACKING pc=0x000001ddc21d3aa2 sp=0x00000040761ff320 mode 2
Event: 16024.461 Thread 0x000001de1757fe50 Uncommon trap: trap_request=0xffffffd6 fr.pc=0x000001ddc30157fc relative=0x00000000000003bc
Event: 16024.461 Thread 0x000001de1757fe50 Uncommon trap: reason=array_check action=maybe_recompile pc=0x000001ddc30157fc method=java.util.concurrent.ScheduledThreadPoolExecutor$DelayedWorkQueue.offer(Ljava/lang/Runnable;)Z @ 65 c2
Event: 16024.461 Thread 0x000001de1757fe50 DEOPT PACKING pc=0x000001ddc30157fc sp=0x00000040761ff3d0
Event: 16024.461 Thread 0x000001de1757fe50 DEOPT UNPACKING pc=0x000001ddc21d3aa2 sp=0x00000040761ff340 mode 2
Event: 27448.808 Thread 0x000001de1757bcb0 DEOPT PACKING pc=0x000001ddbc48392b sp=0x00000040752ff1e0
Event: 27448.812 Thread 0x000001de1757bcb0 DEOPT UNPACKING pc=0x000001ddc21d4242 sp=0x00000040752fe6c8 mode 0

Classes loaded (20 events):
Event: 191.451 Loading class java/io/ObjectStreamClass$ExceptionInfo
Event: 191.451 Loading class java/io/ObjectStreamClass$ExceptionInfo done
Event: 191.566 Loading class java/lang/Throwable$PrintStreamOrWriter
Event: 191.566 Loading class java/lang/Throwable$PrintStreamOrWriter done
Event: 213.493 Loading class java/lang/invoke/BoundMethodHandle$Species_LLLLLLLLLLL
Event: 213.493 Loading class java/lang/invoke/BoundMethodHandle$Species_LLLLLLLLLLL done
Event: 469.822 Loading class sun/reflect/generics/tree/IntSignature
Event: 469.824 Loading class sun/reflect/generics/tree/IntSignature done
Event: 469.986 Loading class java/util/stream/ReduceOps$5
Event: 469.987 Loading class java/util/stream/ReduceOps$5 done
Event: 469.987 Loading class java/util/stream/ReduceOps$CountingSink$OfRef
Event: 469.987 Loading class java/util/stream/ReduceOps$CountingSink
Event: 469.989 Loading class java/util/stream/ReduceOps$CountingSink done
Event: 469.989 Loading class java/util/stream/ReduceOps$CountingSink$OfRef done
Event: 470.601 Loading class java/util/stream/ReduceOps$1
Event: 470.602 Loading class java/util/stream/ReduceOps$1 done
Event: 470.602 Loading class java/util/stream/ReduceOps$1ReducingSink
Event: 470.603 Loading class java/util/stream/ReduceOps$1ReducingSink done
Event: 470.904 Loading class java/io/SequenceInputStream
Event: 470.905 Loading class java/io/SequenceInputStream done

Classes unloaded (7 events):
Event: 41.786 Thread 0x000001ddb7b0bea0 Unloading class 0x000001ddd01ab400 'java/lang/invoke/LambdaForm$MH+0x000001ddd01ab400'
Event: 41.786 Thread 0x000001ddb7b0bea0 Unloading class 0x000001ddd01ab000 'java/lang/invoke/LambdaForm$MH+0x000001ddd01ab000'
Event: 41.786 Thread 0x000001ddb7b0bea0 Unloading class 0x000001ddd01aac00 'java/lang/invoke/LambdaForm$MH+0x000001ddd01aac00'
Event: 41.786 Thread 0x000001ddb7b0bea0 Unloading class 0x000001ddd01aa800 'java/lang/invoke/LambdaForm$MH+0x000001ddd01aa800'
Event: 41.786 Thread 0x000001ddb7b0bea0 Unloading class 0x000001ddd01aa400 'java/lang/invoke/LambdaForm$BMH+0x000001ddd01aa400'
Event: 41.786 Thread 0x000001ddb7b0bea0 Unloading class 0x000001ddd01aa000 'java/lang/invoke/LambdaForm$DMH+0x000001ddd01aa000'
Event: 41.786 Thread 0x000001ddb7b0bea0 Unloading class 0x000001ddd01a8c00 'java/lang/invoke/LambdaForm$DMH+0x000001ddd01a8c00'

Classes redefined (0 events):
No events

Internal exceptions (20 events):
Event: 470.013 Thread 0x000001de15479980 Exception <a 'sun/nio/fs/WindowsException'{0x00000000d55846f8}> (0x00000000d55846f8) 
thrown [s\src\hotspot\share\prims\jni.cpp, line 520]
Event: 470.013 Thread 0x000001de15479980 Exception <a 'sun/nio/fs/WindowsException'{0x00000000d558cda8}> (0x00000000d558cda8) 
thrown [s\src\hotspot\share\prims\jni.cpp, line 520]
Event: 470.013 Thread 0x000001de15479980 Exception <a 'sun/nio/fs/WindowsException'{0x00000000d558d468}> (0x00000000d558d468) 
thrown [s\src\hotspot\share\prims\jni.cpp, line 520]
Event: 470.015 Thread 0x000001de15479980 Exception <a 'sun/nio/fs/WindowsException'{0x00000000d5595ad8}> (0x00000000d5595ad8) 
thrown [s\src\hotspot\share\prims\jni.cpp, line 520]
Event: 470.015 Thread 0x000001de15479980 Exception <a 'sun/nio/fs/WindowsException'{0x00000000d5596198}> (0x00000000d5596198) 
thrown [s\src\hotspot\share\prims\jni.cpp, line 520]
Event: 470.016 Thread 0x000001de15479980 Exception <a 'sun/nio/fs/WindowsException'{0x00000000d559e810}> (0x00000000d559e810) 
thrown [s\src\hotspot\share\prims\jni.cpp, line 520]
Event: 470.016 Thread 0x000001de15479980 Exception <a 'sun/nio/fs/WindowsException'{0x00000000d559f128}> (0x00000000d559f128) 
thrown [s\src\hotspot\share\prims\jni.cpp, line 520]
Event: 470.016 Thread 0x000001de15479980 Exception <a 'sun/nio/fs/WindowsException'{0x00000000d55a7778}> (0x00000000d55a7778) 
thrown [s\src\hotspot\share\prims\jni.cpp, line 520]
Event: 470.017 Thread 0x000001de15479980 Exception <a 'sun/nio/fs/WindowsException'{0x00000000d55a7e38}> (0x00000000d55a7e38) 
thrown [s\src\hotspot\share\prims\jni.cpp, line 520]
Event: 470.017 Thread 0x000001de15479980 Exception <a 'sun/nio/fs/WindowsException'{0x00000000d55b0420}> (0x00000000d55b0420) 
thrown [s\src\hotspot\share\prims\jni.cpp, line 520]
Event: 470.017 Thread 0x000001de15479980 Exception <a 'sun/nio/fs/WindowsException'{0x00000000d55b0a58}> (0x00000000d55b0a58) 
thrown [s\src\hotspot\share\prims\jni.cpp, line 520]
Event: 470.017 Thread 0x000001de15479980 Exception <a 'sun/nio/fs/WindowsException'{0x00000000d55b8f38}> (0x00000000d55b8f38) 
thrown [s\src\hotspot\share\prims\jni.cpp, line 520]
Event: 470.017 Thread 0x000001de15479980 Exception <a 'sun/nio/fs/WindowsException'{0x00000000d55b9570}> (0x00000000d55b9570) 
thrown [s\src\hotspot\share\prims\jni.cpp, line 520]
Event: 470.018 Thread 0x000001de15479980 Exception <a 'sun/nio/fs/WindowsException'{0x00000000d55c19d8}> (0x00000000d55c19d8) 
thrown [s\src\hotspot\share\prims\jni.cpp, line 520]
Event: 470.018 Thread 0x000001de15479980 Exception <a 'sun/nio/fs/WindowsException'{0x00000000d55c2010}> (0x00000000d55c2010) 
thrown [s\src\hotspot\share\prims\jni.cpp, line 520]
Event: 470.690 Thread 0x000001de15479980 Exception <a 'java/lang/NoSuchMethodError'{0x00000000d56d9908}: 'java.lang.Object java.lang.invoke.DirectMethodHandle$Holder.invokeStatic(java.lang.Object, java.lang.Object, int, java.lang.Object)'> (0x00000000d56d9908) 
thrown [s\src\hotspot\share\interpreter\linkResolver.cpp, line 773]
Event: 470.695 Thread 0x000001de15479980 Exception <a 'java/lang/NoSuchMethodError'{0x00000000d56e00d8}: 'java.lang.Object java.lang.invoke.DirectMethodHandle$Holder.newInvokeSpecial(java.lang.Object, java.lang.Object, int)'> (0x00000000d56e00d8) 
thrown [s\src\hotspot\share\interpreter\linkResolver.cpp, line 773]
Event: 471.030 Thread 0x000001de15479980 Exception <a 'java/io/FileNotFoundException'{0x00000000d5699020}> (0x00000000d5699020) 
thrown [s\src\hotspot\share\prims\jni.cpp, line 520]
Event: 471.031 Thread 0x000001de15479980 Exception <a 'java/io/FileNotFoundException'{0x00000000d5699dd8}> (0x00000000d5699dd8) 
thrown [s\src\hotspot\share\prims\jni.cpp, line 520]
Event: 1241.169 Thread 0x000001de18004ec0 Implicit null exception at 0x000001ddc2f50643 to 0x000001ddc2f5107c

ZGC Phase Switch (0 events):
No events

VM Operations (20 events):
Event: 61570.173 Executing non-safepoint VM operation: RendezvousGCThreads
Event: 61570.173 Executing non-safepoint VM operation: RendezvousGCThreads done
Event: 61597.887 Executing safepoint VM operation: ParallelGCFailedAllocation (Allocation Failure)
Event: 61598.113 Executing safepoint VM operation: ParallelGCFailedAllocation (Allocation Failure) done
Event: 61630.267 Executing non-safepoint VM operation: HandshakeAllThreads (HandshakeForDeflation)
Event: 61630.267 Executing non-safepoint VM operation: HandshakeAllThreads (HandshakeForDeflation) done
Event: 61630.267 Executing non-safepoint VM operation: RendezvousGCThreads
Event: 61630.267 Executing non-safepoint VM operation: RendezvousGCThreads done
Event: 61797.567 Executing safepoint VM operation: ParallelGCFailedAllocation (Allocation Failure)
Event: 61797.813 Executing safepoint VM operation: ParallelGCFailedAllocation (Allocation Failure) done
Event: 62189.561 Executing safepoint VM operation: Cleanup
Event: 62189.590 Executing safepoint VM operation: Cleanup done
Event: 62202.420 Executing safepoint VM operation: ParallelGCFailedAllocation (Allocation Failure)
Event: 62202.642 Executing safepoint VM operation: ParallelGCFailedAllocation (Allocation Failure) done
Event: 62451.898 Executing safepoint VM operation: Cleanup
Event: 62451.903 Executing safepoint VM operation: Cleanup done
Event: 62471.808 Executing non-safepoint VM operation: HandshakeAllThreads (HandshakeForDeflation)
Event: 62471.808 Executing non-safepoint VM operation: HandshakeAllThreads (HandshakeForDeflation) done
Event: 62471.808 Executing non-safepoint VM operation: RendezvousGCThreads
Event: 62471.808 Executing non-safepoint VM operation: RendezvousGCThreads done

Memory protections (0 events):
No events

Nmethod flushes (20 events):
Event: 57.738 Thread 0x000001ddb7b0bea0 flushing  nmethod 0x000001ddbb656e10
Event: 57.738 Thread 0x000001ddb7b0bea0 flushing  nmethod 0x000001ddbb657410
Event: 57.738 Thread 0x000001ddb7b0bea0 flushing  nmethod 0x000001ddbb657f90
Event: 57.738 Thread 0x000001ddb7b0bea0 flushing  nmethod 0x000001ddbb658a10
Event: 57.738 Thread 0x000001ddb7b0bea0 flushing  nmethod 0x000001ddbb658e90
Event: 57.738 Thread 0x000001ddb7b0bea0 flushing  nmethod 0x000001ddbb659290
Event: 57.738 Thread 0x000001ddb7b0bea0 flushing  nmethod 0x000001ddbb659610
Event: 57.738 Thread 0x000001ddb7b0bea0 flushing  nmethod 0x000001ddbb65bf90
Event: 57.738 Thread 0x000001ddb7b0bea0 flushing  nmethod 0x000001ddbb66ef90
Event: 57.738 Thread 0x000001ddb7b0bea0 flushing  nmethod 0x000001ddbb681610
Event: 57.738 Thread 0x000001ddb7b0bea0 flushing  nmethod 0x000001ddbb681c10
Event: 57.738 Thread 0x000001ddb7b0bea0 flushing  nmethod 0x000001ddbb682a90
Event: 57.738 Thread 0x000001ddb7b0bea0 flushing  nmethod 0x000001ddbb683c90
Event: 57.738 Thread 0x000001ddb7b0bea0 flushing  nmethod 0x000001ddbb6cca90
Event: 57.738 Thread 0x000001ddb7b0bea0 flushing  nmethod 0x000001ddbb722110
Event: 57.738 Thread 0x000001ddb7b0bea0 flushing  nmethod 0x000001ddbb722e90
Event: 57.738 Thread 0x000001ddb7b0bea0 flushing  nmethod 0x000001ddbb725210
Event: 57.738 Thread 0x000001ddb7b0bea0 flushing  nmethod 0x000001ddbb725f10
Event: 57.738 Thread 0x000001ddb7b0bea0 flushing  nmethod 0x000001ddbb726310
Event: 57.738 Thread 0x000001ddb7b0bea0 flushing  nmethod 0x000001ddbb727810

Events (20 events):
Event: 414.713 Thread 0x000001de1754ec60 Thread added: 0x000001de1754f980
Event: 414.721 Thread 0x000001de17550010 Thread exited: 0x000001de17550010
Event: 417.520 Thread 0x000001de1754ec60 Thread exited: 0x000001de1754ec60
Event: 417.520 Thread 0x000001de1754f980 Thread exited: 0x000001de1754f980
Event: 425.906 Thread 0x000001de1754e5d0 Thread exited: 0x000001de1754e5d0
Event: 469.770 Thread 0x000001de1503ddb0 Thread added: 0x000001de18c48620
Event: 469.784 Thread 0x000001de18c48620 Thread added: 0x000001de18c493c0
Event: 469.849 Thread 0x000001de1754df40 Thread exited: 0x000001de1754df40
Event: 470.603 Thread 0x000001de18c493c0 Thread exited: 0x000001de18c493c0
Event: 470.603 Thread 0x000001de18c48620 Thread exited: 0x000001de18c48620
Event: 471.004 Thread 0x000001de1503ddb0 Thread added: 0x000001de18c4af00
Event: 476.040 Thread 0x000001de18c4af00 Thread exited: 0x000001de18c4af00
Event: 485.908 Thread 0x000001de1754f2f0 Thread exited: 0x000001de1754f2f0
Event: 529.895 Thread 0x000001de154785d0 Thread exited: 0x000001de154785d0
Event: 660.306 Thread 0x000001de1757a270 Thread exited: 0x000001de1757a270
Event: 960.318 Thread 0x000001de1757d6f0 Thread exited: 0x000001de1757d6f0
Event: 1260.333 Thread 0x000001de17578ec0 Thread exited: 0x000001de17578ec0
Event: 1560.334 Thread 0x000001de1757f7c0 Thread exited: 0x000001de1757f7c0
Event: 1860.345 Thread 0x000001de1757c340 Thread exited: 0x000001de1757c340
Event: 2160.349 Thread 0x000001de1757b620 Thread exited: 0x000001de1757b620


Dynamic libraries:
0x00007ff782d50000 - 0x00007ff782d5e000 	c:\Users\FridaGutierrez\.vscode\extensions\redhat.java-1.55.0-win32-x64\jre\21.0.11-win32-x86_64\bin\java.exe
0x00007fffea010000 - 0x00007fffea208000 	C:\Windows\SYSTEM32\ntdll.dll
0x00007fffe9780000 - 0x00007fffe9842000 	C:\Windows\System32\KERNEL32.DLL
0x00007fffe7880000 - 0x00007fffe7b76000 	C:\Windows\System32\KERNELBASE.dll
0x00007fffe1980000 - 0x00007fffe1a14000 	C:\Windows\SYSTEM32\apphelp.dll
0x00007fffe7dd0000 - 0x00007fffe7ed0000 	C:\Windows\System32\ucrtbase.dll
0x00007fffd5680000 - 0x00007fffd5698000 	c:\Users\FridaGutierrez\.vscode\extensions\redhat.java-1.55.0-win32-x64\jre\21.0.11-win32-x86_64\bin\jli.dll
0x00007fffd5640000 - 0x00007fffd565e000 	c:\Users\FridaGutierrez\.vscode\extensions\redhat.java-1.55.0-win32-x64\jre\21.0.11-win32-x86_64\bin\VCRUNTIME140.dll
0x00007fffe99c0000 - 0x00007fffe9b61000 	C:\Windows\System32\USER32.dll
0x00007fffd3140000 - 0x00007fffd33db000 	C:\Windows\WinSxS\amd64_microsoft.windows.common-controls_6595b64144ccf1df_6.0.19041.6456_none_60b8a6cb71f64256\COMCTL32.dll
0x00007fffe7850000 - 0x00007fffe7872000 	C:\Windows\System32\win32u.dll
0x00007fffe8a70000 - 0x00007fffe8b0e000 	C:\Windows\System32\msvcrt.dll
0x00007fffe9980000 - 0x00007fffe99ab000 	C:\Windows\System32\GDI32.dll
0x00007fffe7cb0000 - 0x00007fffe7dc9000 	C:\Windows\System32\gdi32full.dll
0x00007fffe7b80000 - 0x00007fffe7c1d000 	C:\Windows\System32\msvcp_win.dll
0x00007fffe8b10000 - 0x00007fffe8b3f000 	C:\Windows\System32\IMM32.DLL
0x00007fffe2370000 - 0x00007fffe237c000 	c:\Users\FridaGutierrez\.vscode\extensions\redhat.java-1.55.0-win32-x64\jre\21.0.11-win32-x86_64\bin\vcruntime140_1.dll
0x00007fffbad20000 - 0x00007fffbadad000 	c:\Users\FridaGutierrez\.vscode\extensions\redhat.java-1.55.0-win32-x64\jre\21.0.11-win32-x86_64\bin\msvcp140.dll
0x00007fff35c00000 - 0x00007fff369a2000 	c:\Users\FridaGutierrez\.vscode\extensions\redhat.java-1.55.0-win32-x64\jre\21.0.11-win32-x86_64\bin\server\jvm.dll
0x00007fffe80e0000 - 0x00007fffe8191000 	C:\Windows\System32\ADVAPI32.dll
0x00007fffe81a0000 - 0x00007fffe823f000 	C:\Windows\System32\sechost.dll
0x00007fffe8870000 - 0x00007fffe8990000 	C:\Windows\System32\RPCRT4.dll
0x00007fffe76a0000 - 0x00007fffe76c7000 	C:\Windows\System32\bcrypt.dll
0x00007fffe9d20000 - 0x00007fffe9d8b000 	C:\Windows\System32\WS2_32.dll
0x00007fffe6bf0000 - 0x00007fffe6c3b000 	C:\Windows\SYSTEM32\POWRPROF.dll
0x00007fffd2d20000 - 0x00007fffd2d47000 	C:\Windows\SYSTEM32\WINMM.dll
0x00007fffe1b00000 - 0x00007fffe1b0a000 	C:\Windows\SYSTEM32\VERSION.dll
0x00007fffe6a60000 - 0x00007fffe6a72000 	C:\Windows\SYSTEM32\UMPDC.dll
0x00007fffe5310000 - 0x00007fffe5322000 	C:\Windows\SYSTEM32\kernel.appcore.dll
0x00007fffe1f50000 - 0x00007fffe1f5a000 	c:\Users\FridaGutierrez\.vscode\extensions\redhat.java-1.55.0-win32-x64\jre\21.0.11-win32-x86_64\bin\jimage.dll
0x00007fffd2ae0000 - 0x00007fffd2ce1000 	C:\Windows\SYSTEM32\DBGHELP.DLL
0x00007fffd14d0000 - 0x00007fffd1504000 	C:\Windows\SYSTEM32\dbgcore.DLL
0x00007fffe7c20000 - 0x00007fffe7ca2000 	C:\Windows\System32\bcryptPrimitives.dll
0x00007fffce9a0000 - 0x00007fffce9af000 	c:\Users\FridaGutierrez\.vscode\extensions\redhat.java-1.55.0-win32-x64\jre\21.0.11-win32-x86_64\bin\instrument.dll
0x00007fffd4860000 - 0x00007fffd4880000 	c:\Users\FridaGutierrez\.vscode\extensions\redhat.java-1.55.0-win32-x64\jre\21.0.11-win32-x86_64\bin\java.dll
0x00007fffe9010000 - 0x00007fffe9780000 	C:\Windows\System32\SHELL32.dll
0x00007fffe5510000 - 0x00007fffe5cb5000 	C:\Windows\SYSTEM32\windows.storage.dll
0x00007fffe8c00000 - 0x00007fffe8f54000 	C:\Windows\System32\combase.dll
0x00007fffe6ff0000 - 0x00007fffe701b000 	C:\Windows\SYSTEM32\Wldp.dll
0x00007fffe8790000 - 0x00007fffe885d000 	C:\Windows\System32\OLEAUT32.dll
0x00007fffe8f60000 - 0x00007fffe900d000 	C:\Windows\System32\SHCORE.dll
0x00007fffe8b40000 - 0x00007fffe8b9b000 	C:\Windows\System32\shlwapi.dll
0x00007fffe75d0000 - 0x00007fffe75f4000 	C:\Windows\SYSTEM32\profapi.dll
0x00007fffcebd0000 - 0x00007fffcebe8000 	c:\Users\FridaGutierrez\.vscode\extensions\redhat.java-1.55.0-win32-x64\jre\21.0.11-win32-x86_64\bin\zip.dll
0x00007fffd55c0000 - 0x00007fffd55d0000 	C:\Users\FridaGutierrez\.vscode\extensions\redhat.java-1.55.0-win32-x64\jre\21.0.11-win32-x86_64\bin\net.dll
0x00007fffe0a50000 - 0x00007fffe0b5a000 	C:\Windows\SYSTEM32\WINHTTP.dll
0x00007fffe6dd0000 - 0x00007fffe6e3a000 	C:\Windows\system32\mswsock.dll
0x00007fffcaff0000 - 0x00007fffcb006000 	C:\Users\FridaGutierrez\.vscode\extensions\redhat.java-1.55.0-win32-x64\jre\21.0.11-win32-x86_64\bin\nio.dll
0x00007fffd4930000 - 0x00007fffd4940000 	c:\Users\FridaGutierrez\.vscode\extensions\redhat.java-1.55.0-win32-x64\jre\21.0.11-win32-x86_64\bin\verify.dll
0x00007fffc04c0000 - 0x00007fffc0505000 	C:\Users\FridaGutierrez\AppData\Roaming\Code\User\globalStorage\redhat.java\1.55.0\config_win\org.eclipse.equinox.launcher\org.eclipse.equinox.launcher.win32.win32.x86_64_1.3.100.v20260613-0559\eclipse_11924.dll
0x00007fffe9850000 - 0x00007fffe997b000 	C:\Windows\System32\ole32.dll
0x00007fffe7030000 - 0x00007fffe7048000 	C:\Windows\SYSTEM32\CRYPTSP.dll
0x00007fffe66a0000 - 0x00007fffe66d8000 	C:\Windows\system32\rsaenh.dll
0x00007fffe7550000 - 0x00007fffe757e000 	C:\Windows\SYSTEM32\USERENV.dll
0x00007fffe6f60000 - 0x00007fffe6f6c000 	C:\Windows\SYSTEM32\CRYPTBASE.dll
0x00007fffe6a80000 - 0x00007fffe6abb000 	C:\Windows\SYSTEM32\IPHLPAPI.DLL
0x00007fffe9ea0000 - 0x00007fffe9ea8000 	C:\Windows\System32\NSI.dll
0x00007fffbb080000 - 0x00007fffbb0c9000 	C:\Users\FridaGutierrez\AppData\Local\Temp\jna-606951869\jna8216997399574017745.dll
0x00007fffe99b0000 - 0x00007fffe99b8000 	C:\Windows\System32\PSAPI.DLL
0x00007fffe22c0000 - 0x00007fffe22d7000 	C:\Windows\SYSTEM32\dhcpcsvc6.DLL
0x00007fffe2220000 - 0x00007fffe223d000 	C:\Windows\SYSTEM32\dhcpcsvc.DLL
0x00007fffdfa90000 - 0x00007fffdfa9e000 	C:\Users\FridaGutierrez\.vscode\extensions\redhat.java-1.55.0-win32-x64\jre\21.0.11-win32-x86_64\bin\sunmscapi.dll
0x00007fffe7ed0000 - 0x00007fffe802d000 	C:\Windows\System32\CRYPT32.dll
0x00007fffe7140000 - 0x00007fffe7167000 	C:\Windows\SYSTEM32\ncrypt.dll
0x00007fffe7100000 - 0x00007fffe713b000 	C:\Windows\SYSTEM32\NTASN1.dll
0x00007fffe6ad0000 - 0x00007fffe6b9a000 	C:\Windows\SYSTEM32\DNSAPI.dll
0x0000000076100000 - 0x0000000076126000 	C:\Program Files\Bonjour\mdnsNSP.dll
0x00007fffe2450000 - 0x00007fffe245a000 	C:\Windows\System32\rasadhlp.dll
0x00007fffe3d50000 - 0x00007fffe3dd0000 	C:\Windows\System32\fwpuclnt.dll
0x00007fffce9f0000 - 0x00007fffce9f9000 	C:\Users\FridaGutierrez\.vscode\extensions\redhat.java-1.55.0-win32-x64\jre\21.0.11-win32-x86_64\bin\extnet.dll
0x00007fffceba0000 - 0x00007fffcebc7000 	C:\Users\FridaGutierrez\.gradle\native\1def1411415f61bf3af743bc5b6707747c0891f09f0c88961ee8f79bc544acac\windows-amd64\native-platform.dll
0x00007fffd4610000 - 0x00007fffd461a000 	C:\Users\FridaGutierrez\.vscode\extensions\redhat.java-1.55.0-win32-x64\jre\21.0.11-win32-x86_64\bin\management.dll
0x00007fffd2cf0000 - 0x00007fffd2cfc000 	C:\Users\FridaGutierrez\.vscode\extensions\redhat.java-1.55.0-win32-x64\jre\21.0.11-win32-x86_64\bin\management_ext.dll
0x00007fff74360000 - 0x00007fff74367000 	C:\Windows\system32\wshunix.dll
0x00007fffc0a30000 - 0x00007fffc0a57000 	C:\Users\FridaGutierrez\.gradle\native\c067742578af261105cb4f569cf0c3c89f3d7b1fecec35dd04571415982c5e48\windows-amd64\native-platform.dll
0x00007fffc0820000 - 0x00007fffc0847000 	C:\Users\FridaGutierrez\.gradle\native\c067742578af261105cb4f569cf0c3c89f3d7b1fecec35dd04571415982c5e48\windows-amd64-min\native-platform.dll
0x00007fffc0530000 - 0x00007fffc0556000 	C:\Users\FridaGutierrez\.gradle\native\30\windows-amd64\native-platform.dll
0x00007fffbff70000 - 0x00007fffbff97000 	C:\Users\FridaGutierrez\.gradle\native\e1d6ef7f7dcc3fd88c89a11ec53ec762bb8ba0a96d01ffa2cd45eb1d1d8dd5c5\windows-amd64\native-platform.dll

JVMTI agents:
c:\Users\FridaGutierrez\.vscode\extensions\redhat.java-1.55.0-win32-x64\lombok\lombok-1.18.39-4050.jar path:c:\Users\FridaGutierrez\.vscode\extensions\redhat.java-1.55.0-win32-x64\jre\21.0.11-win32-x86_64\bin\instrument.dll, loaded, initialized, instrumentlib options:none

dbghelp: loaded successfully - version: 4.0.5 - missing functions: none
symbol engine: initialized successfully - sym options: 0x614 - pdb path: .;c:\Users\FridaGutierrez\.vscode\extensions\redhat.java-1.55.0-win32-x64\jre\21.0.11-win32-x86_64\bin;C:\Windows\SYSTEM32;C:\Windows\WinSxS\amd64_microsoft.windows.common-controls_6595b64144ccf1df_6.0.19041.6456_none_60b8a6cb71f64256;c:\Users\FridaGutierrez\.vscode\extensions\redhat.java-1.55.0-win32-x64\jre\21.0.11-win32-x86_64\bin\server;C:\Users\FridaGutierrez\AppData\Roaming\Code\User\globalStorage\redhat.java\1.55.0\config_win\org.eclipse.equinox.launcher\org.eclipse.equinox.launcher.win32.win32.x86_64_1.3.100.v20260613-0559;C:\Users\FridaGutierrez\AppData\Local\Temp\jna-606951869;C:\Program Files\Bonjour;C:\Users\FridaGutierrez\.gradle\native\1def1411415f61bf3af743bc5b6707747c0891f09f0c88961ee8f79bc544acac\windows-amd64;C:\Users\FridaGutierrez\.gradle\native\c067742578af261105cb4f569cf0c3c89f3d7b1fecec35dd04571415982c5e48\windows-amd64;C:\Users\FridaGutierrez\.gradle\native\c067742578af261105cb4f569cf0c3c89f3d7b1fecec35dd04571415982c5e48\windows-amd64-min;C:\Users\FridaGutierrez\.gradle\native\30\windows-amd64;C:\Users\FridaGutierrez\.gradle\native\e1d6ef7f7dcc3fd88c89a11ec53ec762bb8ba0a96d01ffa2cd45eb1d1d8dd5c5\windows-amd64

VM Arguments:
jvm_args: --add-modules=ALL-SYSTEM --add-opens=java.base/java.util=ALL-UNNAMED --add-opens=java.base/java.lang=ALL-UNNAMED --add-opens=java.base/sun.nio.fs=ALL-UNNAMED -Declipse.application=org.eclipse.jdt.ls.core.id1 -Dosgi.bundles.defaultStartLevel=4 -Declipse.product=org.eclipse.jdt.ls.core.product -Djava.import.generatesMetadataFilesAtProjectRoot=false -DDetectVMInstallationsJob.disabled=true -Dfile.encoding=utf8 -XX:+UseParallelGC -XX:GCTimeRatio=4 -XX:AdaptiveSizePolicyWeight=90 -Dsun.zip.disableMemoryMapping=true -Xmx2G -Xms100m -Xlog:disable -javaagent:c:\Users\FridaGutierrez\.vscode\extensions\redhat.java-1.55.0-win32-x64\lombok\lombok-1.18.39-4050.jar -XX:+HeapDumpOnOutOfMemoryError -XX:HeapDumpPath=c:\Users\FridaGutierrez\AppData\Roaming\Code\User\workspaceStorage\edf30f2332f12b9cd91571baf8800cdf\redhat.java -Daether.dependencyCollector.impl=bf 
java_command: c:\Users\FridaGutierrez\.vscode\extensions\redhat.java-1.55.0-win32-x64\server\plugins\org.eclipse.equinox.launcher_1.7.200.v20260619-2039.jar -configuration c:\Users\FridaGutierrez\AppData\Roaming\Code\User\globalStorage\redhat.java\1.55.0\config_win -data c:\Users\FridaGutierrez\AppData\Roaming\Code\User\workspaceStorage\edf30f2332f12b9cd91571baf8800cdf\redhat.java\jdt_ws --pipe=\\.\pipe\lsp-e3f20efca2cbfbe3cb0abfda6dc056a7-sock
java_class_path (initial): c:\Users\FridaGutierrez\.vscode\extensions\redhat.java-1.55.0-win32-x64\server\plugins\org.eclipse.equinox.launcher_1.7.200.v20260619-2039.jar
Launcher Type: SUN_STANDARD

[Global flags]
    uintx AdaptiveSizePolicyWeight                 = 90                                        {product} {command line}
     intx CICompilerCount                          = 4                                         {product} {ergonomic}
    uintx GCTimeRatio                              = 4                                         {product} {command line}
     bool HeapDumpOnOutOfMemoryError               = true                                   {manageable} {command line}
    ccstr HeapDumpPath                             = c:\Users\FridaGutierrez\AppData\Roaming\Code\User\workspaceStorage\edf30f2332f12b9cd91571baf8800cdf\redhat.java         {manageable} {command line}
   size_t InitialHeapSize                          = 104857600                                 {product} {command line}
   size_t MaxHeapSize                              = 2147483648                                {product} {command line}
   size_t MaxNewSize                               = 715653120                                 {product} {ergonomic}
   size_t MinHeapDeltaBytes                        = 524288                                    {product} {ergonomic}
   size_t MinHeapSize                              = 104857600                                 {product} {command line}
   size_t NewSize                                  = 34603008                                  {product} {ergonomic}
    uintx NonNMethodCodeHeapSize                   = 5839372                                {pd product} {ergonomic}
    uintx NonProfiledCodeHeapSize                  = 122909434                              {pd product} {ergonomic}
   size_t OldSize                                  = 70254592                                  {product} {ergonomic}
    uintx ProfiledCodeHeapSize                     = 122909434                              {pd product} {ergonomic}
    uintx ReservedCodeCacheSize                    = 251658240                              {pd product} {ergonomic}
     bool SegmentedCodeCache                       = true                                      {product} {ergonomic}
   size_t SoftMaxHeapSize                          = 2147483648                             {manageable} {ergonomic}
     bool UseCompressedOops                        = true                           {product lp64_product} {ergonomic}
     bool UseLargePagesIndividualAllocation        = false                                  {pd product} {ergonomic}
     bool UseParallelGC                            = true                                      {product} {command line}

Logging:
Log output configuration:
 #0: stdout all=off uptime,level,tags foldmultilines=false
 #1: stderr all=off uptime,level,tags foldmultilines=false

Release file:
JAVA_VERSION="21.0.11" 
MODULES="java.base java.compiler java.datatransfer java.xml java.prefs java.desktop java.instrument java.logging java.management java.security.sasl java.naming java.rmi java.management.rmi java.net.http java.scripting java.security.jgss java.transaction.xa java.sql java.sql.rowset java.xml.crypto java.se java.smartcardio jdk.accessibility jdk.internal.jvmstat jdk.attach jdk.charsets jdk.internal.opt jdk.zipfs jdk.compiler jdk.crypto.ec jdk.crypto.cryptoki jdk.crypto.mscapi jdk.dynalink jdk.internal.ed jdk.editpad jdk.hotspot.agent jdk.httpserver jdk.internal.le jdk.internal.vm.ci jdk.internal.vm.compiler jdk.internal.vm.compiler.management jdk.jartool jdk.javadoc jdk.jcmd jdk.management jdk.management.agent jdk.jconsole jdk.jdeps jdk.jdwp.agent jdk.jdi jdk.jfr jdk.jshell jdk.jsobject jdk.jstatd jdk.localedata jdk.management.jfr jdk.naming.dns jdk.naming.rmi jdk.net jdk.nio.mapmode jdk.random jdk.sctp jdk.security.auth jdk.security.jgss jdk.unsupported jdk.unsupported.desktop jdk.xml.dom" 

Environment Variables:
JAVA_HOME=C:\Program Files\Microsoft\jdk-17.0.14.7-hotspot\
PATH=C:\Program Files\Eclipse Foundation\jdk-8.0.302.8-hotspot\bin;C:\Program Files\Microsoft\jdk-17.0.14.7-hotspot\bin;C:\Python313\Scripts\;C:\Python313\;C:\Python311\Scripts\;C:\Python311\;C:\Program Files\Common Files\Oracle\Java\javapath;C:\Python27\;C:\Python27\Scripts;C:\Windows\system32;C:\Windows;C:\Windows\System32\Wbem;C:\Windows\System32\WindowsPowerShell\v1.0\;C:\Windows\System32\OpenSSH\;C:\ProgramData\chocolatey\bin;C:\Users\FridaGutierrez\AppData\Local\Android\Sdk\platform-tools;C:\Users\FridaGutierrez\AppData\Local\Android\Sdk\emulator;C:\Program Files (x86)\IVI Foundation\VISA\WinNT\Bin\;C:\Program Files\IVI Foundation\VISA\Win64\Bin\;C:\Program Files (x86)\IVI Foundation\IVI\Bin\;C:\Program Files\IVI Foundation\IVI\Bin\;C:\Program Files (x86)\IVI Foundation\VISA\WinNT\Bin;C:\Program Files\Git\cmd;C:\Program Files\dotnet\;C:\Program Files\Microsoft SQL Server\Client SDK\ODBC\170\Tools\Binn\;C:\Program Files\Azure Data Studio\bin;C:\Program Files (x86)\Microsoft SQL Server\160\Tools\Binn\;C:\Program Files\Microsoft SQL Server\160\Tools\Binn\;C:\Program Files\Microsoft SQL Server\160\DTS\Binn\;C:\Program Files (x86)\Microsoft SQL Server\160\DTS\Binn\;C:\Program Files\Microsoft SQL Server\150\Tools\Binn\;C:\Program Files\Microsoft SQL Server\130\Tools\Binn\;C:\Program Files\nodejs\;C:\Program Files\Microsoft SQL Server\170\Tools\Binn\;C:\Users\FridaGutierrez\AppData\Local\Android\Sdk\tools;C:\Users\FridaGutierrez\AppData\Local\Microsoft\WindowsApps;C:\Users\FridaGutierrez\AppData\Local\Programs\Microsoft VS Code\bin;C:\Users\FridaGutierrez\AppData\Android\Sdk\platform-tools;C:\Users\FridaGutierrez\.dotnet\tools;C:\Program Files\Azure Data Studio\bin;C:\Gradle\gradle-8.1.1\bin;C:\Users\FridaGutierrez\AppData\Local\JetBrains\Toolbox\scripts;C:\Users\FridaGutierrez\.dotnet\tools;C:\Users\FridaGutierrez\AppData\Roaming\npm
USERNAME=FridaGutierrez
OS=Windows_NT
PROCESSOR_IDENTIFIER=Intel64 Family 6 Model 94 Stepping 3, GenuineIntel
TMP=C:\Users\FRIDAG~1\AppData\Local\Temp
TEMP=C:\Users\FRIDAG~1\AppData\Local\Temp




Periodic native trim disabled

---------------  S Y S T E M  ---------------

OS:
 Windows 10 , 64 bit Build 19041 (10.0.19041.5915)
OS uptime: 6 days 16:53 hours
Hyper-V role detected

CPU: total 8 (initial active 8) (4 cores per cpu, 2 threads per core) family 6 model 94 stepping 3 microcode 0xf2, cx8, cmov, fxsr, ht, mmx, 3dnowpref, sse, sse2, sse3, ssse3, sse4.1, sse4.2, popcnt, lzcnt, tsc, tscinvbit, avx, avx2, aes, erms, clmul, bmi1, bmi2, rtm, adx, fma, vzeroupper, clflush, clflushopt, hv, rdtscp, f16c
Processor Information for the first 8 processors :
  Max Mhz: 3408, Current Mhz: 3408, Mhz Limit: 3408

Memory: 4k page, system-wide physical 16091M (36M free)
TotalPageFile size 65243M (AvailPageFile size 108M)
current process WorkingSet (physical memory assigned to process): 9M, peak: 407M
current process commit charge ("private bytes"): 669M, peak: 720M

vm_info: OpenJDK 64-Bit Server VM (21.0.11+10-LTS) for windows-amd64 JRE (21.0.11+10-LTS), built on 2026-04-21T00:00:00Z by "admin" with MS VC++ 17.12 (VS2022)

END.
